Component: ARM Compiler 5.06 update 2 (build 183) Tool: armlink [4d35b7]

==============================================================================

Section Cross References

    lab1.o(i.Task0) refers to texas.o(i.TExaS_Task0) for TExaS_Task0
    lab1.o(i.Task0) refers to bsp.o(i.BSP_Microphone_Input) for BSP_Microphone_Input
    lab1.o(i.Task0) refers to lab1.o(i.sqrt32) for sqrt32
    lab1.o(i.Task0) refers to lab1.o(.data) for SoundData
    lab1.o(i.Task0) refers to lab1.o(.bss) for SoundArray
    lab1.o(i.Task0_Init) refers to bsp.o(i.BSP_Microphone_Init) for BSP_Microphone_Init
    lab1.o(i.Task0_Init) refers to lab1.o(.data) for SoundRMS
    lab1.o(i.Task1) refers to texas.o(i.TExaS_Task1) for TExaS_Task1
    lab1.o(i.Task1) refers to bsp.o(i.BSP_Accelerometer_Input) for BSP_Accelerometer_Input
    lab1.o(i.Task1) refers to lab1.o(i.sqrt32) for sqrt32
    lab1.o(i.Task1) refers to lab1.o(.data) for AccZ
    lab1.o(i.Task1_Init) refers to bsp.o(i.BSP_Accelerometer_Init) for BSP_Accelerometer_Init
    lab1.o(i.Task1_Init) refers to bsp.o(i.BSP_Accelerometer_Input) for BSP_Accelerometer_Input
    lab1.o(i.Task1_Init) refers to lab1.o(i.sqrt32) for sqrt32
    lab1.o(i.Task1_Init) refers to lab1.o(.data) for AccZ
    lab1.o(i.Task2) refers to texas.o(i.TExaS_Task2) for TExaS_Task2
    lab1.o(i.Task2) refers to bsp.o(i.BSP_LightSensor_End) for BSP_LightSensor_End
    lab1.o(i.Task2) refers to bsp.o(i.BSP_LightSensor_Start) for BSP_LightSensor_Start
    lab1.o(i.Task2) refers to lab1.o(.data) for LightData
    lab1.o(i.Task2_Init) refers to bsp.o(i.BSP_LightSensor_Init) for BSP_LightSensor_Init
    lab1.o(i.Task2_Init) refers to bsp.o(i.BSP_LightSensor_Input) for BSP_LightSensor_Input
    lab1.o(i.Task2_Init) refers to bsp.o(i.BSP_LightSensor_Start) for BSP_LightSensor_Start
    lab1.o(i.Task2_Init) refers to lab1.o(.data) for Task2Failures
    lab1.o(i.Task3) refers to texas.o(i.TExaS_Task3) for TExaS_Task3
    lab1.o(i.Task3) refers to bsp.o(i.BSP_Buzzer_Set) for BSP_Buzzer_Set
    lab1.o(i.Task3) refers to bsp.o(i.BSP_Button1_Input) for BSP_Button1_Input
    lab1.o(i.Task3) refers to bsp.o(i.BSP_Button2_Input) for BSP_Button2_Input
    lab1.o(i.Task3) refers to bsp.o(i.BSP_RGB_Set) for BSP_RGB_Set
    lab1.o(i.Task3) refers to lab1.o(.data) for prev1
    lab1.o(i.Task3_Init) refers to bsp.o(i.BSP_Button1_Init) for BSP_Button1_Init
    lab1.o(i.Task3_Init) refers to bsp.o(i.BSP_Button2_Init) for BSP_Button2_Init
    lab1.o(i.Task3_Init) refers to bsp.o(i.BSP_Buzzer_Init) for BSP_Buzzer_Init
    lab1.o(i.Task3_Init) refers to bsp.o(i.BSP_RGB_Init) for BSP_RGB_Init
    lab1.o(i.Task4) refers to texas.o(i.TExaS_Task4) for TExaS_Task4
    lab1.o(i.Task4) refers to lab1.o(i.drawaxes) for drawaxes
    lab1.o(i.Task4) refers to bsp.o(i.BSP_LCD_PlotPoint) for BSP_LCD_PlotPoint
    lab1.o(i.Task4) refers to bsp.o(i.BSP_LCD_PlotIncrement) for BSP_LCD_PlotIncrement
    lab1.o(i.Task4) refers to lab1.o(.data) for ReDrawAxes
    lab1.o(i.Task4_Init) refers to bsp.o(i.BSP_LCD_Init) for BSP_LCD_Init
    lab1.o(i.Task4_Init) refers to bsp.o(i.BSP_LCD_Color565) for BSP_LCD_Color565
    lab1.o(i.Task4_Init) refers to bsp.o(i.BSP_LCD_FillScreen) for BSP_LCD_FillScreen
    lab1.o(i.Task4_Init) refers to lab1.o(i.drawaxes) for drawaxes
    lab1.o(i.Task4_Init) refers to lab1.o(.data) for ReDrawAxes
    lab1.o(i.Task5) refers to texas.o(i.TExaS_Task5) for TExaS_Task5
    lab1.o(i.Task5) refers to bsp.o(i.BSP_LCD_SetCursor) for BSP_LCD_SetCursor
    lab1.o(i.Task5) refers to bsp.o(i.BSP_LCD_OutUDec4) for BSP_LCD_OutUDec4
    lab1.o(i.Task5) refers to lab1.o(.data) for Time
    lab1.o(i.Task5_Init) refers to bsp.o(i.BSP_LCD_DrawString) for BSP_LCD_DrawString
    lab1.o(i.drawaxes) refers to bsp.o(i.BSP_LCD_Drawaxes) for BSP_LCD_Drawaxes
    lab1.o(i.drawaxes) refers to lab1.o(.data) for PlotState
    lab1.o(i.main) refers to startup_tm4c123.o(.text) for DisableInterrupts
    lab1.o(i.main) refers to bsp.o(i.BSP_Clock_InitFastest) for BSP_Clock_InitFastest
    lab1.o(i.main) refers to profile.o(i.Profile_Init) for Profile_Init
    lab1.o(i.main) refers to texas.o(i.TExaS_Init) for TExaS_Init
    lab1.o(i.main) refers to lab1.o(i.Task0_Init) for Task0_Init
    lab1.o(i.main) refers to lab1.o(i.Task1_Init) for Task1_Init
    lab1.o(i.main) refers to lab1.o(i.Task2_Init) for Task2_Init
    lab1.o(i.main) refers to lab1.o(i.Task3_Init) for Task3_Init
    lab1.o(i.main) refers to lab1.o(i.Task4_Init) for Task4_Init
    lab1.o(i.main) refers to lab1.o(i.Task5_Init) for Task5_Init
    lab1.o(i.main) refers to lab1.o(i.Task0) for Task0
    lab1.o(i.main) refers to bsp.o(i.BSP_Delay1ms) for BSP_Delay1ms
    lab1.o(i.main) refers to lab1.o(i.Task1) for Task1
    lab1.o(i.main) refers to lab1.o(i.Task3) for Task3
    lab1.o(i.main) refers to lab1.o(i.Task4) for Task4
    lab1.o(i.main) refers to lab1.o(i.Task2) for Task2
    lab1.o(i.main) refers to lab1.o(i.Task5) for Task5
    lab1.o(i.main) refers to lab1.o(.data) for Time
    bsp.o(i.BSP_Accelerometer_Init) refers to bsp.o(i.adcinit) for adcinit
    bsp.o(i.BSP_Buzzer_Init) refers to bsp.o(.data) for ClockFrequency
    bsp.o(i.BSP_Buzzer_Set) refers to bsp.o(.data) for PWMCycles
    bsp.o(i.BSP_Clock_GetFreq) refers to bsp.o(.data) for ClockFrequency
    bsp.o(i.BSP_Clock_InitFastest) refers to bsp.o(.data) for ClockFrequency
    bsp.o(i.BSP_Delay1ms) refers to bsp.o(.emb_text) for parrotdelay
    bsp.o(i.BSP_Joystick_Init) refers to bsp.o(i.adcinit) for adcinit
    bsp.o(i.BSP_LCD_DrawString) refers to bsp.o(i.BSP_LCD_DrawChar) for BSP_LCD_DrawChar
    bsp.o(i.BSP_LCD_Init) refers to bsp.o(i.ST7735_InitR) for ST7735_InitR
    bsp.o(i.BSP_LCD_OutUDec) refers to bsp.o(i.fillmessage) for fillmessage
    bsp.o(i.BSP_LCD_OutUDec) refers to bsp.o(i.BSP_LCD_DrawString) for BSP_LCD_DrawString
    bsp.o(i.BSP_LCD_OutUDec) refers to bsp.o(i.BSP_LCD_DrawChar) for BSP_LCD_DrawChar
    bsp.o(i.BSP_LCD_OutUDec) refers to bsp.o(.data) for StTextColor
    bsp.o(i.BSP_LCD_OutUDec) refers to bsp.o(.bss) for Message
    bsp.o(i.BSP_LCD_OutUDec4) refers to bsp.o(i.fillmessage4) for fillmessage4
    bsp.o(i.BSP_LCD_OutUDec4) refers to bsp.o(i.BSP_LCD_DrawString) for BSP_LCD_DrawString
    bsp.o(i.BSP_LCD_OutUDec4) refers to bsp.o(i.BSP_LCD_DrawChar) for BSP_LCD_DrawChar
    bsp.o(i.BSP_LCD_OutUDec4) refers to bsp.o(.data) for Messageindex
    bsp.o(i.BSP_LCD_OutUDec4) refers to bsp.o(.bss) for Message
    bsp.o(i.BSP_LCD_OutUDec5) refers to bsp.o(i.fillmessage5) for fillmessage5
    bsp.o(i.BSP_LCD_OutUDec5) refers to bsp.o(i.BSP_LCD_DrawString) for BSP_LCD_DrawString
    bsp.o(i.BSP_LCD_OutUDec5) refers to bsp.o(i.BSP_LCD_DrawChar) for BSP_LCD_DrawChar
    bsp.o(i.BSP_LCD_OutUDec5) refers to bsp.o(.data) for Messageindex
    bsp.o(i.BSP_LCD_OutUDec5) refers to bsp.o(.bss) for Message
    bsp.o(i.BSP_LCD_OutUFix2_1) refers to bsp.o(i.fillmessage2_1) for fillmessage2_1
    bsp.o(i.BSP_LCD_OutUFix2_1) refers to bsp.o(i.BSP_LCD_DrawString) for BSP_LCD_DrawString
    bsp.o(i.BSP_LCD_OutUFix2_1) refers to bsp.o(i.BSP_LCD_DrawChar) for BSP_LCD_DrawChar
    bsp.o(i.BSP_LCD_OutUFix2_1) refers to bsp.o(.data) for StY
    bsp.o(i.BSP_LCD_OutUFix2_1) refers to bsp.o(.bss) for Message
    bsp.o(i.BSP_LCD_OutUHex2) refers to bsp.o(i.fillmessage2_Hex) for fillmessage2_Hex
    bsp.o(i.BSP_LCD_OutUHex2) refers to bsp.o(i.BSP_LCD_DrawString) for BSP_LCD_DrawString
    bsp.o(i.BSP_LCD_OutUHex2) refers to bsp.o(i.BSP_LCD_DrawChar) for BSP_LCD_DrawChar
    bsp.o(i.BSP_LCD_OutUHex2) refers to bsp.o(.data) for StY
    bsp.o(i.BSP_LCD_OutUHex2) refers to bsp.o(.bss) for Message
    bsp.o(i.BSP_LCD_SetCursor) refers to bsp.o(i.BSP_LCD_DrawChar) for BSP_LCD_DrawChar
    bsp.o(i.BSP_LCD_SetCursor) refers to bsp.o(.data) for StX
    bsp.o(i.BSP_LightSensor_End) refers to bsp.o(i.BSP_Time_Get) for BSP_Time_Get
    bsp.o(i.BSP_LightSensor_End) refers to bsp.o(.data) for LightBusy
    bsp.o(i.BSP_LightSensor_Init) refers to bsp.o(i.i2cinit) for i2cinit
    bsp.o(i.BSP_LightSensor_Input) refers to bsp.o(i.BSP_Time_Get) for BSP_Time_Get
    bsp.o(i.BSP_LightSensor_Input) refers to bsp.o(.data) for LightBusy
    bsp.o(i.BSP_LightSensor_Start) refers to bsp.o(i.BSP_Time_Get) for BSP_Time_Get
    bsp.o(i.BSP_LightSensor_Start) refers to bsp.o(.data) for LightBusy
    bsp.o(i.BSP_Microphone_Init) refers to bsp.o(i.adcinit) for adcinit
    bsp.o(i.BSP_PeriodicTask_Init) refers to startup_tm4c123.o(.text) for StartCritical
    bsp.o(i.BSP_PeriodicTask_Init) refers to bsp.o(.data) for PeriodicTask
    bsp.o(i.BSP_PeriodicTask_InitB) refers to startup_tm4c123.o(.text) for StartCritical
    bsp.o(i.BSP_PeriodicTask_InitB) refers to bsp.o(.data) for PeriodicTaskB
    bsp.o(i.BSP_PeriodicTask_InitC) refers to startup_tm4c123.o(.text) for StartCritical
    bsp.o(i.BSP_PeriodicTask_InitC) refers to bsp.o(.data) for PeriodicTaskC
    bsp.o(i.BSP_TempSensor_End) refers to bsp.o(i.BSP_Time_Get) for BSP_Time_Get
    bsp.o(i.BSP_TempSensor_End) refers to bsp.o(.data) for TempBusy
    bsp.o(i.BSP_TempSensor_Init) refers to bsp.o(i.i2cinit) for i2cinit
    bsp.o(i.BSP_TempSensor_Input) refers to bsp.o(i.BSP_Time_Get) for BSP_Time_Get
    bsp.o(i.BSP_TempSensor_Input) refers to bsp.o(.data) for TempBusy
    bsp.o(i.BSP_TempSensor_Start) refers to bsp.o(i.BSP_Time_Get) for BSP_Time_Get
    bsp.o(i.BSP_TempSensor_Start) refers to bsp.o(.data) for TempBusy
    bsp.o(i.BSP_Time_Init) refers to startup_tm4c123.o(.text) for StartCritical
    bsp.o(i.BSP_UART0_OutString) refers to bsp.o(i.BSP_UART0_OutChar) for BSP_UART0_OutChar
    bsp.o(i.ST7735_InitR) refers to bsp.o(i.commonInit) for commonInit
    bsp.o(i.ST7735_InitR) refers to bsp.o(.constdata) for Rcmd1
    bsp.o(i.WideTimer3A_Handler) refers to bsp.o(.data) for PeriodicTaskC
    bsp.o(i.WideTimer4A_Handler) refers to bsp.o(.data) for PeriodicTaskB
    bsp.o(i.WideTimer5A_Handler) refers to bsp.o(.data) for PeriodicTask
    bsp.o(i.fillmessage) refers to bsp.o(.bss) for Message
    bsp.o(i.fillmessage) refers to bsp.o(.data) for Messageindex
    bsp.o(i.fillmessage2_1) refers to bsp.o(.bss) for Message
    bsp.o(i.fillmessage2_Hex) refers to bsp.o(.bss) for Message
    bsp.o(i.fillmessage4) refers to bsp.o(i.fillmessage) for fillmessage
    bsp.o(i.fillmessage4) refers to bsp.o(.data) for Messageindex
    bsp.o(i.fillmessage4) refers to bsp.o(.bss) for Message
    bsp.o(i.fillmessage5) refers to bsp.o(i.fillmessage) for fillmessage
    bsp.o(i.fillmessage5) refers to bsp.o(.data) for Messageindex
    bsp.o(i.fillmessage5) refers to bsp.o(.bss) for Message
    bsp.o(i.i2cinit) refers to bsp.o(i.BSP_Time_Init) for BSP_Time_Init
    texas.o(i.Encrypt) refers to texas.o(.bss) for MagicCode
    texas.o(i.Encrypt) refers to texas.o(.constdata) for Key
    texas.o(i.Grader) refers to texas.o(i.TExaS_Stop) for TExaS_Stop
    texas.o(i.Grader) refers to texas.o(i.UART_OutString) for UART_OutString
    texas.o(i.Grader) refers to texas.o(i.UART_OutUDec7) for UART_OutUDec7
    texas.o(i.Grader) refers to texas.o(i.UART_OutUDec5) for UART_OutUDec5
    texas.o(i.Grader) refers to texas.o(i.UART_OutUFix1) for UART_OutUFix1
    texas.o(i.Grader) refers to texas.o(i.UART_OutUDec) for UART_OutUDec
    texas.o(i.Grader) refers to texas.o(i.SetGrade) for SetGrade
    texas.o(i.Grader) refers to texas.o(.data) for count
    texas.o(i.Grader) refers to texas.o(.bss) for EncriptedMagicCode
    texas.o(i.LogicAnalyzer) refers to texas.o(.data) for LogicData
    texas.o(i.PeriodicTask2_Init) refers to startup_tm4c123.o(.text) for StartCritical
    texas.o(i.PeriodicTask2_Init) refers to bsp.o(i.BSP_Clock_GetFreq) for BSP_Clock_GetFreq
    texas.o(i.PeriodicTask2_Init) refers to texas.o(.data) for PeriodicTask2
    texas.o(i.SetGrade) refers to texas.o(i.Encrypt) for Encrypt
    texas.o(i.SetGrade) refers to texas.o(.bss) for MagicCode
    texas.o(i.TExaS_Init) refers to bsp.o(i.BSP_Time_Init) for BSP_Time_Init
    texas.o(i.TExaS_Init) refers to texas.o(i.UART_Init) for UART_Init
    texas.o(i.TExaS_Init) refers to texas.o(i.PeriodicTask2_Init) for PeriodicTask2_Init
    texas.o(i.TExaS_Init) refers to texas.o(i.UART_OutString) for UART_OutString
    texas.o(i.TExaS_Init) refers to texas.o(.data) for Id
    texas.o(i.TExaS_Init) refers to texas.o(i.LogicAnalyzer) for LogicAnalyzer
    texas.o(i.TExaS_Init) refers to texas.o(i.Grader) for Grader
    texas.o(i.TExaS_Stop) refers to texas.o(i.PeriodicTask2_Stop) for PeriodicTask2_Stop
    texas.o(i.TExaS_Task0) refers to bsp.o(i.BSP_Time_Get) for BSP_Time_Get
    texas.o(i.TExaS_Task0) refers to texas.o(.data) for Index0
    texas.o(i.TExaS_Task1) refers to bsp.o(i.BSP_Time_Get) for BSP_Time_Get
    texas.o(i.TExaS_Task1) refers to texas.o(.data) for Index1
    texas.o(i.TExaS_Task2) refers to bsp.o(i.BSP_Time_Get) for BSP_Time_Get
    texas.o(i.TExaS_Task2) refers to texas.o(.data) for Index2
    texas.o(i.TExaS_Task3) refers to bsp.o(i.BSP_Time_Get) for BSP_Time_Get
    texas.o(i.TExaS_Task3) refers to texas.o(.data) for Index3
    texas.o(i.TExaS_Task4) refers to bsp.o(i.BSP_Time_Get) for BSP_Time_Get
    texas.o(i.TExaS_Task4) refers to texas.o(.data) for Index4
    texas.o(i.TExaS_Task5) refers to bsp.o(i.BSP_Time_Get) for BSP_Time_Get
    texas.o(i.TExaS_Task5) refers to texas.o(.data) for Index5
    texas.o(i.TIMER5A_Handler) refers to texas.o(.data) for PeriodicTask2
    texas.o(i.UART_InString) refers to texas.o(i.UART_InChar) for UART_InChar
    texas.o(i.UART_InString) refers to texas.o(i.UART_OutChar) for UART_OutChar
    texas.o(i.UART_InUDec) refers to texas.o(i.UART_InChar) for UART_InChar
    texas.o(i.UART_InUDec) refers to texas.o(i.UART_OutChar) for UART_OutChar
    texas.o(i.UART_InUHex) refers to texas.o(i.UART_InChar) for UART_InChar
    texas.o(i.UART_InUHex) refers to texas.o(i.UART_OutChar) for UART_OutChar
    texas.o(i.UART_OutString) refers to texas.o(i.UART_OutChar) for UART_OutChar
    texas.o(i.UART_OutUDec) refers to texas.o(i.UART_OutChar) for UART_OutChar
    texas.o(i.UART_OutUDec4) refers to texas.o(i.UART_OutString) for UART_OutString
    texas.o(i.UART_OutUDec4) refers to texas.o(i.fillmessage4b) for fillmessage4b
    texas.o(i.UART_OutUDec4) refers to texas.o(.data) for Messageindexb
    texas.o(i.UART_OutUDec5) refers to texas.o(i.UART_OutString) for UART_OutString
    texas.o(i.UART_OutUDec5) refers to texas.o(i.fillmessage5b) for fillmessage5b
    texas.o(i.UART_OutUDec5) refers to texas.o(.data) for Messageindexb
    texas.o(i.UART_OutUDec7) refers to texas.o(i.UART_OutString) for UART_OutString
    texas.o(i.UART_OutUDec7) refers to texas.o(i.fillmessage7b) for fillmessage7b
    texas.o(i.UART_OutUDec7) refers to texas.o(.data) for Messageindexb
    texas.o(i.UART_OutUFix1) refers to texas.o(i.UART_OutUDec) for UART_OutUDec
    texas.o(i.UART_OutUFix1) refers to texas.o(i.UART_OutChar) for UART_OutChar
    texas.o(i.UART_OutUHex) refers to texas.o(i.UART_OutChar) for UART_OutChar
    texas.o(i.fillmessage4b) refers to texas.o(i.fillmessageb) for fillmessageb
    texas.o(i.fillmessage4b) refers to texas.o(.data) for Messageindexb
    texas.o(i.fillmessage5b) refers to texas.o(i.fillmessageb) for fillmessageb
    texas.o(i.fillmessage5b) refers to texas.o(.data) for Messageindexb
    texas.o(i.fillmessage7b) refers to texas.o(i.fillmessageb) for fillmessageb
    texas.o(i.fillmessage7b) refers to texas.o(.data) for Messageindexb
    texas.o(i.fillmessageb) refers to texas.o(.data) for Messageb
    startup_tm4c123.o(STACK) refers (Special) to heapauxi.o(.text) for __use_two_region_memory
    startup_tm4c123.o(HEAP) refers (Special) to heapauxi.o(.text) for __use_two_region_memory
    startup_tm4c123.o(RESET) refers (Special) to heapauxi.o(.text) for __use_two_region_memory
    startup_tm4c123.o(RESET) refers to startup_tm4c123.o(STACK) for __initial_sp
    startup_tm4c123.o(RESET) refers to startup_tm4c123.o(.text) for Reset_Handler
    startup_tm4c123.o(RESET) refers to texas.o(i.TIMER5A_Handler) for TIMER5A_Handler
    startup_tm4c123.o(RESET) refers to bsp.o(i.WideTimer3A_Handler) for WideTimer3A_Handler
    startup_tm4c123.o(RESET) refers to bsp.o(i.WideTimer4A_Handler) for WideTimer4A_Handler
    startup_tm4c123.o(RESET) refers to bsp.o(i.WideTimer5A_Handler) for WideTimer5A_Handler
    startup_tm4c123.o(.text) refers (Special) to heapauxi.o(.text) for __use_two_region_memory
    startup_tm4c123.o(.text) refers to __main.o(!!!main) for __main
    startup_tm4c123.o(.text) refers to startup_tm4c123.o(HEAP) for Heap_Mem
    startup_tm4c123.o(.text) refers to startup_tm4c123.o(STACK) for Stack_Mem
    system_tm4c123.o(i.SystemCoreClockUpdate) refers to system_tm4c123.o(i.getOscClk) for getOscClk
    system_tm4c123.o(i.SystemCoreClockUpdate) refers to system_tm4c123.o(.data) for SystemCoreClock
    __main.o(!!!main) refers to __rtentry.o(.ARM.Collect$$rtentry$$00000000) for __rt_entry
    __rtentry.o(.ARM.Collect$$rtentry$$00000000) refers (Special) to __rtentry2.o(.ARM.Collect$$rtentry$$0000000A) for __rt_entry_li
    __rtentry.o(.ARM.Collect$$rtentry$$00000000) refers (Special) to __rtentry2.o(.ARM.Collect$$rtentry$$0000000D) for __rt_entry_main
    __rtentry.o(.ARM.Collect$$rtentry$$00000000) refers (Special) to __rtentry2.o(.ARM.Collect$$rtentry$$0000000C) for __rt_entry_postli_1
    __rtentry.o(.ARM.Collect$$rtentry$$00000000) refers (Special) to __rtentry2.o(.ARM.Collect$$rtentry$$00000009) for __rt_entry_postsh_1
    __rtentry.o(.ARM.Collect$$rtentry$$00000000) refers (Special) to __rtentry2.o(.ARM.Collect$$rtentry$$00000002) for __rt_entry_presh_1
    __rtentry.o(.ARM.Collect$$rtentry$$00000000) refers (Special) to __rtentry4.o(.ARM.Collect$$rtentry$$00000004) for __rt_entry_sh
    __rtentry2.o(.ARM.Collect$$rtentry$$00000008) refers to boardinit2.o(.text) for _platform_post_stackheap_init
    __rtentry2.o(.ARM.Collect$$rtentry$$0000000A) refers to libinit.o(.ARM.Collect$$libinit$$00000000) for __rt_lib_init
    __rtentry2.o(.ARM.Collect$$rtentry$$0000000B) refers to boardinit3.o(.text) for _platform_post_lib_init
    __rtentry2.o(.ARM.Collect$$rtentry$$0000000D) refers to lab1.o(i.main) for main
    __rtentry2.o(.ARM.Collect$$rtentry$$0000000D) refers to exit.o(.text) for exit
    __rtentry2.o(.ARM.exidx) refers to __rtentry2.o(.ARM.Collect$$rtentry$$00000001) for .ARM.Collect$$rtentry$$00000001
    __rtentry2.o(.ARM.exidx) refers to __rtentry2.o(.ARM.Collect$$rtentry$$00000008) for .ARM.Collect$$rtentry$$00000008
    __rtentry2.o(.ARM.exidx) refers to __rtentry2.o(.ARM.Collect$$rtentry$$0000000A) for .ARM.Collect$$rtentry$$0000000A
    __rtentry2.o(.ARM.exidx) refers to __rtentry2.o(.ARM.Collect$$rtentry$$0000000B) for .ARM.Collect$$rtentry$$0000000B
    __rtentry2.o(.ARM.exidx) refers to __rtentry2.o(.ARM.Collect$$rtentry$$0000000D) for .ARM.Collect$$rtentry$$0000000D
    __rtentry4.o(.ARM.Collect$$rtentry$$00000004) refers to sys_stackheap_outer.o(.text) for __user_setup_stackheap
    __rtentry4.o(.ARM.exidx) refers to __rtentry4.o(.ARM.Collect$$rtentry$$00000004) for .ARM.Collect$$rtentry$$00000004
    sys_stackheap_outer.o(.text) refers to libspace.o(.text) for __user_perproc_libspace
    sys_stackheap_outer.o(.text) refers to startup_tm4c123.o(.text) for __user_initial_stackheap
    exit.o(.text) refers to rtexit.o(.ARM.Collect$$rtexit$$00000000) for __rt_exit
    libinit.o(.ARM.Collect$$libinit$$00000000) refers (Special) to libinit2.o(.ARM.Collect$$libinit$$0000002E) for __rt_lib_init_alloca_1
    libinit.o(.ARM.Collect$$libinit$$00000000) refers (Special) to libinit2.o(.ARM.Collect$$libinit$$0000002C) for __rt_lib_init_argv_1
    libinit.o(.ARM.Collect$$libinit$$00000000) refers (Special) to libinit2.o(.ARM.Collect$$libinit$$0000001B) for __rt_lib_init_atexit_1
    libinit.o(.ARM.Collect$$libinit$$00000000) refers (Special) to libinit2.o(.ARM.Collect$$libinit$$00000021) for __rt_lib_init_clock_1
    libinit.o(.ARM.Collect$$libinit$$00000000) refers (Special) to libinit2.o(.ARM.Collect$$libinit$$00000032) for __rt_lib_init_cpp_1
    libinit.o(.ARM.Collect$$libinit$$00000000) refers (Special) to libinit2.o(.ARM.Collect$$libinit$$00000030) for __rt_lib_init_exceptions_1
    libinit.o(.ARM.Collect$$libinit$$00000000) refers (Special) to libinit2.o(.ARM.Collect$$libinit$$00000002) for __rt_lib_init_fp_1
    libinit.o(.ARM.Collect$$libinit$$00000000) refers (Special) to libinit2.o(.ARM.Collect$$libinit$$0000001F) for __rt_lib_init_fp_trap_1
    libinit.o(.ARM.Collect$$libinit$$00000000) refers (Special) to libinit2.o(.ARM.Collect$$libinit$$00000023) for __rt_lib_init_getenv_1
    libinit.o(.ARM.Collect$$libinit$$00000000) refers (Special) to libinit2.o(.ARM.Collect$$libinit$$0000000A) for __rt_lib_init_heap_1
    libinit.o(.ARM.Collect$$libinit$$00000000) refers (Special) to libinit2.o(.ARM.Collect$$libinit$$00000011) for __rt_lib_init_lc_collate_1
    libinit.o(.ARM.Collect$$libinit$$00000000) refers (Special) to libinit2.o(.ARM.Collect$$libinit$$00000013) for __rt_lib_init_lc_ctype_1
    libinit.o(.ARM.Collect$$libinit$$00000000) refers (Special) to libinit2.o(.ARM.Collect$$libinit$$00000015) for __rt_lib_init_lc_monetary_1
    libinit.o(.ARM.Collect$$libinit$$00000000) refers (Special) to libinit2.o(.ARM.Collect$$libinit$$00000017) for __rt_lib_init_lc_numeric_1
    libinit.o(.ARM.Collect$$libinit$$00000000) refers (Special) to libinit2.o(.ARM.Collect$$libinit$$00000019) for __rt_lib_init_lc_time_1
    libinit.o(.ARM.Collect$$libinit$$00000000) refers (Special) to libinit2.o(.ARM.Collect$$libinit$$00000004) for __rt_lib_init_preinit_1
    libinit.o(.ARM.Collect$$libinit$$00000000) refers (Special) to libinit2.o(.ARM.Collect$$libinit$$0000000E) for __rt_lib_init_rand_1
    libinit.o(.ARM.Collect$$libinit$$00000000) refers (Special) to libinit2.o(.ARM.Collect$$libinit$$00000033) for __rt_lib_init_return
    libinit.o(.ARM.Collect$$libinit$$00000000) refers (Special) to libinit2.o(.ARM.Collect$$libinit$$0000001D) for __rt_lib_init_signal_1
    libinit.o(.ARM.Collect$$libinit$$00000000) refers (Special) to libinit2.o(.ARM.Collect$$libinit$$00000025) for __rt_lib_init_stdio_1
    libinit.o(.ARM.Collect$$libinit$$00000000) refers (Special) to libinit2.o(.ARM.Collect$$libinit$$0000000C) for __rt_lib_init_user_alloc_1
    libspace.o(.text) refers to libspace.o(.bss) for __libspace_start
    rtexit.o(.ARM.Collect$$rtexit$$00000000) refers (Special) to rtexit2.o(.ARM.Collect$$rtexit$$00000004) for __rt_exit_exit
    rtexit.o(.ARM.Collect$$rtexit$$00000000) refers (Special) to rtexit2.o(.ARM.Collect$$rtexit$$00000003) for __rt_exit_ls
    rtexit.o(.ARM.Collect$$rtexit$$00000000) refers (Special) to rtexit2.o(.ARM.Collect$$rtexit$$00000002) for __rt_exit_prels_1
    rtexit.o(.ARM.exidx) refers (Special) to rtexit2.o(.ARM.Collect$$rtexit$$00000004) for __rt_exit_exit
    rtexit.o(.ARM.exidx) refers (Special) to rtexit2.o(.ARM.Collect$$rtexit$$00000003) for __rt_exit_ls
    rtexit.o(.ARM.exidx) refers (Special) to rtexit2.o(.ARM.Collect$$rtexit$$00000002) for __rt_exit_prels_1
    rtexit.o(.ARM.exidx) refers to rtexit.o(.ARM.Collect$$rtexit$$00000000) for .ARM.Collect$$rtexit$$00000000
    libinit2.o(.ARM.Collect$$libinit$$00000010) refers to libinit2.o(.ARM.Collect$$libinit$$0000000F) for .ARM.Collect$$libinit$$0000000F
    libinit2.o(.ARM.Collect$$libinit$$00000012) refers to libinit2.o(.ARM.Collect$$libinit$$0000000F) for .ARM.Collect$$libinit$$0000000F
    libinit2.o(.ARM.Collect$$libinit$$00000014) refers to libinit2.o(.ARM.Collect$$libinit$$0000000F) for .ARM.Collect$$libinit$$0000000F
    libinit2.o(.ARM.Collect$$libinit$$00000016) refers to libinit2.o(.ARM.Collect$$libinit$$0000000F) for .ARM.Collect$$libinit$$0000000F
    libinit2.o(.ARM.Collect$$libinit$$00000018) refers to libinit2.o(.ARM.Collect$$libinit$$0000000F) for .ARM.Collect$$libinit$$0000000F
    libinit2.o(.ARM.Collect$$libinit$$00000026) refers to argv_veneer.o(.emb_text) for __ARM_argv_veneer
    libinit2.o(.ARM.Collect$$libinit$$00000027) refers to argv_veneer.o(.emb_text) for __ARM_argv_veneer
    rtexit2.o(.ARM.Collect$$rtexit$$00000003) refers to libshutdown.o(.ARM.Collect$$libshutdown$$00000000) for __rt_lib_shutdown
    rtexit2.o(.ARM.Collect$$rtexit$$00000004) refers to sys_exit.o(.text) for _sys_exit
    rtexit2.o(.ARM.exidx) refers to rtexit2.o(.ARM.Collect$$rtexit$$00000001) for .ARM.Collect$$rtexit$$00000001
    rtexit2.o(.ARM.exidx) refers to rtexit2.o(.ARM.Collect$$rtexit$$00000003) for .ARM.Collect$$rtexit$$00000003
    rtexit2.o(.ARM.exidx) refers to rtexit2.o(.ARM.Collect$$rtexit$$00000004) for .ARM.Collect$$rtexit$$00000004
    argv_veneer.o(.emb_text) refers to no_argv.o(.text) for __ARM_get_argv
    sys_exit.o(.text) refers (Special) to use_no_semi.o(.text) for __I$use$semihosting
    sys_exit.o(.text) refers (Special) to indicate_semi.o(.text) for __semihosting_library_function
    _get_argv_nomalloc.o(.text) refers (Special) to hrguard.o(.text) for __heap_region$guard
    _get_argv_nomalloc.o(.text) refers to defsig_rtmem_outer.o(.text) for __rt_SIGRTMEM
    _get_argv_nomalloc.o(.text) refers to sys_command.o(.text) for _sys_command_string
    libshutdown.o(.ARM.Collect$$libshutdown$$00000000) refers (Special) to libshutdown2.o(.ARM.Collect$$libshutdown$$00000002) for __rt_lib_shutdown_cpp_1
    libshutdown.o(.ARM.Collect$$libshutdown$$00000000) refers (Special) to libshutdown2.o(.ARM.Collect$$libshutdown$$00000007) for __rt_lib_shutdown_fp_trap_1
    libshutdown.o(.ARM.Collect$$libshutdown$$00000000) refers (Special) to libshutdown2.o(.ARM.Collect$$libshutdown$$0000000F) for __rt_lib_shutdown_heap_1
    libshutdown.o(.ARM.Collect$$libshutdown$$00000000) refers (Special) to libshutdown2.o(.ARM.Collect$$libshutdown$$00000010) for __rt_lib_shutdown_return
    libshutdown.o(.ARM.Collect$$libshutdown$$00000000) refers (Special) to libshutdown2.o(.ARM.Collect$$libshutdown$$0000000A) for __rt_lib_shutdown_signal_1
    libshutdown.o(.ARM.Collect$$libshutdown$$00000000) refers (Special) to libshutdown2.o(.ARM.Collect$$libshutdown$$00000004) for __rt_lib_shutdown_stdio_1
    libshutdown.o(.ARM.Collect$$libshutdown$$00000000) refers (Special) to libshutdown2.o(.ARM.Collect$$libshutdown$$0000000C) for __rt_lib_shutdown_user_alloc_1
    sys_command.o(.text) refers (Special) to use_no_semi.o(.text) for __I$use$semihosting
    sys_command.o(.text) refers (Special) to indicate_semi.o(.text) for __semihosting_library_function
    defsig_rtmem_outer.o(.text) refers to defsig_rtmem_inner.o(.text) for __rt_SIGRTMEM_inner
    defsig_rtmem_outer.o(.text) refers to defsig_exit.o(.text) for __sig_exit
    defsig_rtmem_formal.o(.text) refers to rt_raise.o(.text) for __rt_raise
    rt_raise.o(.text) refers to __raise.o(.text) for __raise
    rt_raise.o(.text) refers to sys_exit.o(.text) for _sys_exit
    defsig_exit.o(.text) refers to sys_exit.o(.text) for _sys_exit
    defsig_rtmem_inner.o(.text) refers to defsig_general.o(.text) for __default_signal_display
    __raise.o(.text) refers to defsig.o(CL$$defsig) for __default_signal_handler
    defsig_general.o(.text) refers to sys_wrch.o(.text) for _ttywrch
    sys_wrch.o(.text) refers (Special) to use_no_semi.o(.text) for __I$use$semihosting
    sys_wrch.o(.text) refers (Special) to indicate_semi.o(.text) for __semihosting_library_function
    defsig.o(CL$$defsig) refers to defsig_rtmem_inner.o(.text) for __rt_SIGRTMEM_inner
    defsig_abrt_inner.o(.text) refers to defsig_general.o(.text) for __default_signal_display
    defsig_fpe_inner.o(.text) refers to defsig_general.o(.text) for __default_signal_display
    defsig_rtred_inner.o(.text) refers to defsig_general.o(.text) for __default_signal_display
    defsig_stak_inner.o(.text) refers to defsig_general.o(.text) for __default_signal_display
    defsig_pvfn_inner.o(.text) refers to defsig_general.o(.text) for __default_signal_display
    defsig_cppl_inner.o(.text) refers to defsig_general.o(.text) for __default_signal_display
    defsig_segv_inner.o(.text) refers to defsig_general.o(.text) for __default_signal_display
    defsig_other.o(.text) refers to defsig_general.o(.text) for __default_signal_display


==============================================================================

Removing Unused input sections from the image.

    Removing lab1.o(i.numlength), (116 bytes).
    Removing bsp.o(i.BSP_Joystick_Init), (304 bytes).
    Removing bsp.o(i.BSP_Joystick_Input), (64 bytes).
    Removing bsp.o(i.BSP_LCD_DrawBitmap), (6 bytes).
    Removing bsp.o(i.BSP_LCD_DrawCharS), (32 bytes).
    Removing bsp.o(i.BSP_LCD_DrawFastHLine), (2 bytes).
    Removing bsp.o(i.BSP_LCD_DrawFastVLine), (2 bytes).
    Removing bsp.o(i.BSP_LCD_DrawPixel), (2 bytes).
    Removing bsp.o(i.BSP_LCD_FillRect), (6 bytes).
    Removing bsp.o(i.BSP_LCD_OutUDec), (144 bytes).
    Removing bsp.o(i.BSP_LCD_OutUDec5), (136 bytes).
    Removing bsp.o(i.BSP_LCD_OutUFix2_1), (112 bytes).
    Removing bsp.o(i.BSP_LCD_OutUHex2), (112 bytes).
    Removing bsp.o(i.BSP_LCD_SwapColor), (18 bytes).
    Removing bsp.o(i.BSP_PeriodicTask_Init), (192 bytes).
    Removing bsp.o(i.BSP_PeriodicTask_InitB), (188 bytes).
    Removing bsp.o(i.BSP_PeriodicTask_InitC), (188 bytes).
    Removing bsp.o(i.BSP_PeriodicTask_Stop), (24 bytes).
    Removing bsp.o(i.BSP_PeriodicTask_StopB), (24 bytes).
    Removing bsp.o(i.BSP_PeriodicTask_StopC), (24 bytes).
    Removing bsp.o(i.BSP_RGB_D_Init), (2 bytes).
    Removing bsp.o(i.BSP_RGB_D_Set), (2 bytes).
    Removing bsp.o(i.BSP_RGB_D_Toggle), (2 bytes).
    Removing bsp.o(i.BSP_TempSensor_End), (96 bytes).
    Removing bsp.o(i.BSP_TempSensor_Init), (8 bytes).
    Removing bsp.o(i.BSP_TempSensor_Input), (80 bytes).
    Removing bsp.o(i.BSP_TempSensor_Start), (32 bytes).
    Removing bsp.o(i.BSP_UART0_OutChar), (24 bytes).
    Removing bsp.o(i.BSP_UART0_OutString), (24 bytes).
    Removing bsp.o(i.fillmessage2_1), (96 bytes).
    Removing bsp.o(i.fillmessage2_Hex), (84 bytes).
    Removing bsp.o(i.fillmessage5), (128 bytes).
    Removing profile.o(i.Profile_Get), (76 bytes).
    Removing texas.o(i.UART_InChar), (28 bytes).
    Removing texas.o(i.UART_InCharNonBlocking), (28 bytes).
    Removing texas.o(i.UART_InString), (66 bytes).
    Removing texas.o(i.UART_InUDec), (76 bytes).
    Removing texas.o(i.UART_InUHex), (104 bytes).
    Removing texas.o(i.UART_OutCharNonBlock), (12 bytes).
    Removing texas.o(i.UART_OutUDec4), (68 bytes).
    Removing texas.o(i.UART_OutUHex), (52 bytes).
    Removing texas.o(i.fillmessage4b), (88 bytes).
    Removing system_tm4c123.o(.rev16_text), (4 bytes).
    Removing system_tm4c123.o(.revsh_text), (4 bytes).
    Removing system_tm4c123.o(.rrx_text), (6 bytes).
    Removing system_tm4c123.o(i.SystemCoreClockUpdate), (196 bytes).
    Removing system_tm4c123.o(i.SystemInit), (136 bytes).
    Removing system_tm4c123.o(i.getOscClk), (248 bytes).
    Removing system_tm4c123.o(.data), (4 bytes).

49 unused section(s) (total 3470 bytes) removed from the image.

==============================================================================

Memory Map of the image

  Image Entry point : 0x00000000

  Load Region LR_1 (Base: 0x00000000, Size: 0x0000283c, Max: 0xffffffff, ABSOLUTE)

    Execution Region ER_RO (Base: 0x00000000, Size: 0x00002704, Max: 0xffffffff, ABSOLUTE)

    Base Addr    Size         Type   Attr      Idx    E Section Name        Object

    0x00000000   0x0000026c   Data   RO          803    RESET               startup_tm4c123.o
    0x0000026c   0x00000008   Code   RO          875  * !!!main             c_w.l(__main.o)
    0x00000274   0x00000002   Code   RO          902    .ARM.Collect$$libinit$$00000000  c_w.l(libinit.o)
    0x00000276   0x00000000   Code   RO          909    .ARM.Collect$$libinit$$00000002  c_w.l(libinit2.o)
    0x00000276   0x00000000   Code   RO          911    .ARM.Collect$$libinit$$00000004  c_w.l(libinit2.o)
    0x00000276   0x00000000   Code   RO          914    .ARM.Collect$$libinit$$0000000A  c_w.l(libinit2.o)
    0x00000276   0x00000000   Code   RO          916    .ARM.Collect$$libinit$$0000000C  c_w.l(libinit2.o)
    0x00000276   0x00000000   Code   RO          918    .ARM.Collect$$libinit$$0000000E  c_w.l(libinit2.o)
    0x00000276   0x00000000   Code   RO          921    .ARM.Collect$$libinit$$00000011  c_w.l(libinit2.o)
    0x00000276   0x00000000   Code   RO          923    .ARM.Collect$$libinit$$00000013  c_w.l(libinit2.o)
    0x00000276   0x00000000   Code   RO          925    .ARM.Collect$$libinit$$00000015  c_w.l(libinit2.o)
    0x00000276   0x00000000   Code   RO          927    .ARM.Collect$$libinit$$00000017  c_w.l(libinit2.o)
    0x00000276   0x00000000   Code   RO          929    .ARM.Collect$$libinit$$00000019  c_w.l(libinit2.o)
    0x00000276   0x00000000   Code   RO          931    .ARM.Collect$$libinit$$0000001B  c_w.l(libinit2.o)
    0x00000276   0x00000000   Code   RO          933    .ARM.Collect$$libinit$$0000001D  c_w.l(libinit2.o)
    0x00000276   0x00000000   Code   RO          935    .ARM.Collect$$libinit$$0000001F  c_w.l(libinit2.o)
    0x00000276   0x00000000   Code   RO          937    .ARM.Collect$$libinit$$00000021  c_w.l(libinit2.o)
    0x00000276   0x00000000   Code   RO          939    .ARM.Collect$$libinit$$00000023  c_w.l(libinit2.o)
    0x00000276   0x00000000   Code   RO          941    .ARM.Collect$$libinit$$00000025  c_w.l(libinit2.o)
    0x00000276   0x00000000   Code   RO          945    .ARM.Collect$$libinit$$0000002C  c_w.l(libinit2.o)
    0x00000276   0x00000000   Code   RO          947    .ARM.Collect$$libinit$$0000002E  c_w.l(libinit2.o)
    0x00000276   0x00000000   Code   RO          949    .ARM.Collect$$libinit$$00000030  c_w.l(libinit2.o)
    0x00000276   0x00000000   Code   RO          951    .ARM.Collect$$libinit$$00000032  c_w.l(libinit2.o)
    0x00000276   0x00000002   Code   RO          952    .ARM.Collect$$libinit$$00000033  c_w.l(libinit2.o)
    0x00000278   0x00000002   Code   RO          972    .ARM.Collect$$libshutdown$$00000000  c_w.l(libshutdown.o)
    0x0000027a   0x00000000   Code   RO          985    .ARM.Collect$$libshutdown$$00000002  c_w.l(libshutdown2.o)
    0x0000027a   0x00000000   Code   RO          987    .ARM.Collect$$libshutdown$$00000004  c_w.l(libshutdown2.o)
    0x0000027a   0x00000000   Code   RO          990    .ARM.Collect$$libshutdown$$00000007  c_w.l(libshutdown2.o)
    0x0000027a   0x00000000   Code   RO          993    .ARM.Collect$$libshutdown$$0000000A  c_w.l(libshutdown2.o)
    0x0000027a   0x00000000   Code   RO          995    .ARM.Collect$$libshutdown$$0000000C  c_w.l(libshutdown2.o)
    0x0000027a   0x00000000   Code   RO          998    .ARM.Collect$$libshutdown$$0000000F  c_w.l(libshutdown2.o)
    0x0000027a   0x00000002   Code   RO          999    .ARM.Collect$$libshutdown$$00000010  c_w.l(libshutdown2.o)
    0x0000027c   0x00000000   Code   RO          877    .ARM.Collect$$rtentry$$00000000  c_w.l(__rtentry.o)
    0x0000027c   0x00000000   Code   RO          879    .ARM.Collect$$rtentry$$00000002  c_w.l(__rtentry2.o)
    0x0000027c   0x00000006   Code   RO          891    .ARM.Collect$$rtentry$$00000004  c_w.l(__rtentry4.o)
    0x00000282   0x00000000   Code   RO          881    .ARM.Collect$$rtentry$$00000009  c_w.l(__rtentry2.o)
    0x00000282   0x00000004   Code   RO          882    .ARM.Collect$$rtentry$$0000000A  c_w.l(__rtentry2.o)
    0x00000286   0x00000000   Code   RO          884    .ARM.Collect$$rtentry$$0000000C  c_w.l(__rtentry2.o)
    0x00000286   0x00000008   Code   RO          885    .ARM.Collect$$rtentry$$0000000D  c_w.l(__rtentry2.o)
    0x0000028e   0x00000002   Code   RO          906    .ARM.Collect$$rtexit$$00000000  c_w.l(rtexit.o)
    0x00000290   0x00000000   Code   RO          954    .ARM.Collect$$rtexit$$00000002  c_w.l(rtexit2.o)
    0x00000290   0x00000004   Code   RO          955    .ARM.Collect$$rtexit$$00000003  c_w.l(rtexit2.o)
    0x00000294   0x00000006   Code   RO          956    .ARM.Collect$$rtexit$$00000004  c_w.l(rtexit2.o)
    0x0000029a   0x00000002   PAD
    0x0000029c   0x00000006   Code   RO          122    .emb_text           bsp.o
    0x000002a2   0x00000002   PAD
    0x000002a4   0x00000124   Code   RO          804  * .text               startup_tm4c123.o
    0x000003c8   0x00000006   Code   RO          873    .text               c_w.l(heapauxi.o)
    0x000003ce   0x0000004a   Code   RO          893    .text               c_w.l(sys_stackheap_outer.o)
    0x00000418   0x00000012   Code   RO          895    .text               c_w.l(exit.o)
    0x0000042a   0x00000002   PAD
    0x0000042c   0x00000008   Code   RO          903    .text               c_w.l(libspace.o)
    0x00000434   0x0000000c   Code   RO          964    .text               c_w.l(sys_exit.o)
    0x00000440   0x00000002   Code   RO          975    .text               c_w.l(use_no_semi.o)
    0x00000442   0x00000000   Code   RO          977    .text               c_w.l(indicate_semi.o)
    0x00000442   0x00000002   PAD
    0x00000444   0x000000b0   Code   RO          123    i.BSP_Accelerometer_Init  bsp.o
    0x000004f4   0x00000048   Code   RO          124    i.BSP_Accelerometer_Input  bsp.o
    0x0000053c   0x00000080   Code   RO          125    i.BSP_Button1_Init  bsp.o
    0x000005bc   0x0000000c   Code   RO          126    i.BSP_Button1_Input  bsp.o
    0x000005c8   0x00000090   Code   RO          127    i.BSP_Button2_Init  bsp.o
    0x00000658   0x0000000c   Code   RO          128    i.BSP_Button2_Input  bsp.o
    0x00000664   0x000000d4   Code   RO          129    i.BSP_Buzzer_Init   bsp.o
    0x00000738   0x00000020   Code   RO          130    i.BSP_Buzzer_Set    bsp.o
    0x00000758   0x0000000c   Code   RO          131    i.BSP_Clock_GetFreq  bsp.o
    0x00000764   0x0000008c   Code   RO          132    i.BSP_Clock_InitFastest  bsp.o
    0x000007f0   0x00000016   Code   RO          133    i.BSP_Delay1ms      bsp.o
    0x00000806   0x00000018   Code   RO          136    i.BSP_LCD_Color565  bsp.o
    0x0000081e   0x00000002   PAD
    0x00000820   0x00000020   Code   RO          138    i.BSP_LCD_DrawChar  bsp.o
    0x00000840   0x00000056   Code   RO          143    i.BSP_LCD_DrawString  bsp.o
    0x00000896   0x0000000a   Code   RO          144    i.BSP_LCD_Drawaxes  bsp.o
    0x000008a0   0x00000002   Code   RO          146    i.BSP_LCD_FillScreen  bsp.o
    0x000008a2   0x00000002   PAD
    0x000008a4   0x00000034   Code   RO          147    i.BSP_LCD_Init      bsp.o
    0x000008d8   0x00000088   Code   RO          149    i.BSP_LCD_OutUDec4  bsp.o
    0x00000960   0x00000002   Code   RO          153    i.BSP_LCD_PlotIncrement  bsp.o
    0x00000962   0x00000002   Code   RO          154    i.BSP_LCD_PlotPoint  bsp.o
    0x00000964   0x000000f0   Code   RO          155    i.BSP_LCD_SetCursor  bsp.o
    0x00000a54   0x0000005c   Code   RO          157    i.BSP_LightSensor_End  bsp.o
    0x00000ab0   0x00000008   Code   RO          158    i.BSP_LightSensor_Init  bsp.o
    0x00000ab8   0x0000004c   Code   RO          159    i.BSP_LightSensor_Input  bsp.o
    0x00000b04   0x00000020   Code   RO          160    i.BSP_LightSensor_Start  bsp.o
    0x00000b24   0x000000ac   Code   RO          161    i.BSP_Microphone_Init  bsp.o
    0x00000bd0   0x0000002c   Code   RO          162    i.BSP_Microphone_Input  bsp.o
    0x00000bfc   0x00000002   Code   RO          172    i.BSP_RGB_Init      bsp.o
    0x00000bfe   0x00000002   Code   RO          173    i.BSP_RGB_Set       bsp.o
    0x00000c00   0x00000010   Code   RO          178    i.BSP_Time_Get      bsp.o
    0x00000c10   0x0000006c   Code   RO          179    i.BSP_Time_Init     bsp.o
    0x00000c7c   0x00000068   Code   RO          579    i.Encrypt           texas.o
    0x00000ce4   0x0000050c   Code   RO          580    i.Grader            texas.o
    0x000011f0   0x00000014   Code   RO          581    i.LogicAnalyzer     texas.o
    0x00001204   0x000000bc   Code   RO          582    i.PeriodicTask2_Init  texas.o
    0x000012c0   0x00000024   Code   RO          583    i.PeriodicTask2_Stop  texas.o
    0x000012e4   0x000001d4   Code   RO          562    i.Profile_Init      profile.o
    0x000014b8   0x00000010   Code   RO          182    i.ST7735_InitR      bsp.o
    0x000014c8   0x000000cc   Code   RO          584    i.SetGrade          texas.o
    0x00001594   0x00000154   Code   RO          585    i.TExaS_Init        texas.o
    0x000016e8   0x00000008   Code   RO          586    i.TExaS_Stop        texas.o
    0x000016f0   0x0000006c   Code   RO          587    i.TExaS_Task0       texas.o
    0x0000175c   0x0000006c   Code   RO          588    i.TExaS_Task1       texas.o
    0x000017c8   0x0000006c   Code   RO          589    i.TExaS_Task2       texas.o
    0x00001834   0x0000006c   Code   RO          590    i.TExaS_Task3       texas.o
    0x000018a0   0x0000006c   Code   RO          591    i.TExaS_Task4       texas.o
    0x0000190c   0x0000006c   Code   RO          592    i.TExaS_Task5       texas.o
    0x00001978   0x00000018   Code   RO          593    i.TIMER5A_Handler   texas.o
    0x00001990   0x000000c0   Code   RO            1    i.Task0             lab1.o
    0x00001a50   0x00000014   Code   RO            2    i.Task0_Init        lab1.o
    0x00001a64   0x000001a8   Code   RO            3    i.Task1             lab1.o
    0x00001c0c   0x00000060   Code   RO            4    i.Task1_Init        lab1.o
    0x00001c6c   0x00000038   Code   RO            5    i.Task2             lab1.o
    0x00001ca4   0x00000024   Code   RO            6    i.Task2_Init        lab1.o
    0x00001cc8   0x00000120   Code   RO            7    i.Task3             lab1.o
    0x00001de8   0x0000001c   Code   RO            8    i.Task3_Init        lab1.o
    0x00001e04   0x00000090   Code   RO            9    i.Task4             lab1.o
    0x00001e94   0x00000028   Code   RO           10    i.Task4_Init        lab1.o
    0x00001ebc   0x00000088   Code   RO           11    i.Task5             lab1.o
    0x00001f44   0x0000005c   Code   RO           12    i.Task5_Init        lab1.o
    0x00001fa0   0x000000a4   Code   RO          599    i.UART_Init         texas.o
    0x00002044   0x00000018   Code   RO          600    i.UART_OutChar      texas.o
    0x0000205c   0x00000018   Code   RO          602    i.UART_OutString    texas.o
    0x00002074   0x0000002a   Code   RO          603    i.UART_OutUDec      texas.o
    0x0000209e   0x00000002   PAD
    0x000020a0   0x00000044   Code   RO          605    i.UART_OutUDec5     texas.o
    0x000020e4   0x00000044   Code   RO          606    i.UART_OutUDec7     texas.o
    0x00002128   0x0000002e   Code   RO          607    i.UART_OutUFix1     texas.o
    0x00002156   0x00000002   PAD
    0x00002158   0x00000018   Code   RO          183    i.WideTimer3A_Handler  bsp.o
    0x00002170   0x00000018   Code   RO          184    i.WideTimer4A_Handler  bsp.o
    0x00002188   0x00000018   Code   RO          185    i.WideTimer5A_Handler  bsp.o
    0x000021a0   0x0000004c   Code   RO          186    i.adcinit           bsp.o
    0x000021ec   0x00000088   Code   RO          187    i.commonInit        bsp.o
    0x00002274   0x000000c4   Code   RO           13    i.drawaxes          lab1.o
    0x00002338   0x00000048   Code   RO          188    i.fillmessage       bsp.o
    0x00002380   0x00000064   Code   RO          191    i.fillmessage4      bsp.o
    0x000023e4   0x00000080   Code   RO          610    i.fillmessage5b     texas.o
    0x00002464   0x000000c4   Code   RO          611    i.fillmessage7b     texas.o
    0x00002528   0x00000048   Code   RO          612    i.fillmessageb      texas.o
    0x00002570   0x00000018   Code   RO          193    i.i2cinit           bsp.o
    0x00002588   0x00000094   Code   RO           14    i.main              lab1.o
    0x0000261c   0x0000001e   Code   RO           16    i.sqrt32            lab1.o
    0x0000263a   0x00000080   Data   RO          195    .constdata          bsp.o
    0x000026ba   0x00000002   PAD
    0x000026bc   0x00000048   Data   RO          614    .constdata          texas.o
    0x00002704   0x00000000   Data   RO         1030    Region$$Table       anon$$obj.o


    Execution Region ER_RW (Base: 0x20000000, Size: 0x00000138, Max: 0xffffffff, ABSOLUTE)

    Base Addr    Size         Type   Attr      Idx    E Section Name        Object

    0x20000000   0x00000046   Data   RW           18    .data               lab1.o
    0x20000046   0x00000002   PAD
    0x20000048   0x0000005c   Data   RW          196    .data               bsp.o
    0x200000a4   0x00000094   Data   RW          615    .data               texas.o


    Execution Region ER_ZI (Base: 0x20000138, Size: 0x00000a50, Max: 0xffffffff, ABSOLUTE)

    Base Addr    Size         Type   Attr      Idx    E Section Name        Object

    0x20000138   0x000007d0   Zero   RW           17    .bss                lab1.o
    0x20000908   0x0000000c   Zero   RW          194    .bss                bsp.o
    0x20000914   0x00000014   Zero   RW          613    .bss                texas.o
    0x20000928   0x00000060   Zero   RW          904    .bss                c_w.l(libspace.o)
    0x20000988   0x00000000   Zero   RW          802    HEAP                startup_tm4c123.o
    0x20000988   0x00000200   Zero   RW          801    STACK               startup_tm4c123.o

