Component: ARM Compiler 5.06 update 2 (build 183) Tool: armlink [4d35b7]

==============================================================================

Section Cross References

    lab4.o(i.Task0) refers to os.o(i.OS_Wait) for OS_Wait
    lab4.o(i.Task0) refers to texas.o(i.TExaS_Task0) for TExaS_Task0
    lab4.o(i.Task0) refers to bsp.o(i.BSP_Microphone_Input) for BSP_Microphone_Input
    lab4.o(i.Task0) refers to os.o(i.OS_Signal) for OS_Signal
    lab4.o(i.Task0) refers to lab4.o(.data) for SoundRMS
    lab4.o(i.Task0) refers to lab4.o(.bss) for SoundArray
    lab4.o(i.Task1) refers to bsp.o(i.BSP_Accelerometer_Input) for BSP_Accelerometer_Input
    lab4.o(i.Task1) refers to lab4.o(i.sqrt32) for sqrt32
    lab4.o(i.Task1) refers to os.o(i.OS_Wait) for OS_Wait
    lab4.o(i.Task1) refers to texas.o(i.TExaS_Task1) for TExaS_Task1
    lab4.o(i.Task1) refers to os.o(i.OS_Signal) for OS_Signal
    lab4.o(i.Task1) refers to os.o(i.OS_FIFO_Put) for OS_FIFO_Put
    lab4.o(i.Task1) refers to lab4.o(.data) for AccZ
    lab4.o(i.Task2) refers to lab4.o(i.drawaxes) for drawaxes
    lab4.o(i.Task2) refers to os.o(i.OS_FIFO_Get) for OS_FIFO_Get
    lab4.o(i.Task2) refers to texas.o(i.TExaS_Task2) for TExaS_Task2
    lab4.o(i.Task2) refers to lab4.o(i.sqrt32) for sqrt32
    lab4.o(i.Task2) refers to os.o(i.OS_Wait) for OS_Wait
    lab4.o(i.Task2) refers to bsp.o(i.BSP_LCD_PlotPoint) for BSP_LCD_PlotPoint
    lab4.o(i.Task2) refers to bsp.o(i.BSP_LCD_PlotIncrement) for BSP_LCD_PlotIncrement
    lab4.o(i.Task2) refers to os.o(i.OS_Signal) for OS_Signal
    lab4.o(i.Task2) refers to lab4.o(.data) for Magnitude
    lab4.o(i.Task3) refers to os.o(i.OS_InitSemaphore) for OS_InitSemaphore
    lab4.o(i.Task3) refers to os.o(i.OS_EdgeTrigger_Init) for OS_EdgeTrigger_Init
    lab4.o(i.Task3) refers to os.o(i.OS_Wait) for OS_Wait
    lab4.o(i.Task3) refers to texas.o(i.TExaS_Task3) for TExaS_Task3
    lab4.o(i.Task3) refers to os.o(i.OS_Sleep) for OS_Sleep
    lab4.o(i.Task3) refers to bsp.o(i.BSP_Button1_Input) for BSP_Button1_Input
    lab4.o(i.Task3) refers to bsp.o(i.BSP_Buzzer_Set) for BSP_Buzzer_Set
    lab4.o(i.Task3) refers to os.o(i.OS_EdgeTrigger_Restart) for OS_EdgeTrigger_Restart
    lab4.o(i.Task3) refers to lab4.o(.data) for SwitchTouch
    lab4.o(i.Task4) refers to texas.o(i.TExaS_Task4) for TExaS_Task4
    lab4.o(i.Task4) refers to os.o(i.OS_Wait) for OS_Wait
    lab4.o(i.Task4) refers to bsp.o(i.BSP_TempSensor_Start) for BSP_TempSensor_Start
    lab4.o(i.Task4) refers to os.o(i.OS_Signal) for OS_Signal
    lab4.o(i.Task4) refers to os.o(i.OS_Sleep) for OS_Sleep
    lab4.o(i.Task4) refers to bsp.o(i.BSP_TempSensor_End) for BSP_TempSensor_End
    lab4.o(i.Task4) refers to lab4.o(.data) for I2Cmutex
    lab4.o(i.Task5) refers to os.o(i.OS_Wait) for OS_Wait
    lab4.o(i.Task5) refers to bsp.o(i.BSP_LCD_DrawString) for BSP_LCD_DrawString
    lab4.o(i.Task5) refers to os.o(i.OS_Signal) for OS_Signal
    lab4.o(i.Task5) refers to texas.o(i.TExaS_Task5) for TExaS_Task5
    lab4.o(i.Task5) refers to lab4.o(i.sqrt32) for sqrt32
    lab4.o(i.Task5) refers to bsp.o(i.BSP_LCD_SetCursor) for BSP_LCD_SetCursor
    lab4.o(i.Task5) refers to bsp.o(i.BSP_LCD_OutUFix2_1) for BSP_LCD_OutUFix2_1
    lab4.o(i.Task5) refers to bsp.o(i.BSP_LCD_OutUDec4) for BSP_LCD_OutUDec4
    lab4.o(i.Task5) refers to bsp.o(i.BSP_LCD_Color565) for BSP_LCD_Color565
    lab4.o(i.Task5) refers to lab4.o(.data) for LCDmutex
    lab4.o(i.Task5) refers to lab4.o(.bss) for SoundArray
    lab4.o(i.Task6) refers to texas.o(i.TExaS_Task6) for TExaS_Task6
    lab4.o(i.Task6) refers to os.o(i.OS_Wait) for OS_Wait
    lab4.o(i.Task6) refers to bsp.o(i.BSP_LightSensor_Start) for BSP_LightSensor_Start
    lab4.o(i.Task6) refers to os.o(i.OS_Signal) for OS_Signal
    lab4.o(i.Task6) refers to os.o(i.OS_Sleep) for OS_Sleep
    lab4.o(i.Task6) refers to bsp.o(i.BSP_LightSensor_End) for BSP_LightSensor_End
    lab4.o(i.Task6) refers to lab4.o(.data) for I2Cmutex
    lab4.o(i.Task7) refers to startup_tm4c123.o(.text) for WaitForInterrupt
    lab4.o(i.Task7) refers to lab4.o(.data) for Count7
    lab4.o(i.TaskA) refers to texas.o(i.TExaS_Task0) for TExaS_Task0
    lab4.o(i.TaskA) refers to os.o(i.OS_Signal) for OS_Signal
    lab4.o(i.TaskA) refers to os.o(i.OS_Sleep) for OS_Sleep
    lab4.o(i.TaskA) refers to lab4.o(.data) for CountA
    lab4.o(i.TaskB) refers to os.o(i.OS_Wait) for OS_Wait
    lab4.o(i.TaskB) refers to texas.o(i.TExaS_Task1) for TExaS_Task1
    lab4.o(i.TaskB) refers to lab4.o(.data) for CountB
    lab4.o(i.TaskC) refers to texas.o(i.TExaS_Task2) for TExaS_Task2
    lab4.o(i.TaskC) refers to os.o(i.OS_Signal) for OS_Signal
    lab4.o(i.TaskC) refers to os.o(i.OS_Sleep) for OS_Sleep
    lab4.o(i.TaskC) refers to lab4.o(.data) for CountC
    lab4.o(i.TaskD) refers to os.o(i.OS_Wait) for OS_Wait
    lab4.o(i.TaskD) refers to texas.o(i.TExaS_Task3) for TExaS_Task3
    lab4.o(i.TaskD) refers to lab4.o(.data) for CountD
[...]
    __raise.o(.text) refers to defsig.o(CL$$defsig) for __default_signal_handler
    defsig_general.o(.text) refers to sys_wrch.o(.text) for _ttywrch
    sys_wrch.o(.text) refers (Special) to use_no_semi.o(.text) for __I$use$semihosting
    sys_wrch.o(.text) refers (Special) to indicate_semi.o(.text) for __semihosting_library_function
    defsig.o(CL$$defsig) refers to defsig_rtmem_inner.o(.text) for __rt_SIGRTMEM_inner
    defsig_abrt_inner.o(.text) refers to defsig_general.o(.text) for __default_signal_display
    defsig_fpe_inner.o(.text) refers to defsig_general.o(.text) for __default_signal_display
    defsig_rtred_inner.o(.text) refers to defsig_general.o(.text) for __default_signal_display
    defsig_stak_inner.o(.text) refers to defsig_general.o(.text) for __default_signal_display
    defsig_pvfn_inner.o(.text) refers to defsig_general.o(.text) for __default_signal_display
    defsig_cppl_inner.o(.text) refers to defsig_general.o(.text) for __default_signal_display
    defsig_segv_inner.o(.text) refers to defsig_general.o(.text) for __default_signal_display
    defsig_other.o(.text) refers to defsig_general.o(.text) for __default_signal_display


==============================================================================

Removing Unused input sections from the image.

    Removing lab4.o(i.TaskA), (60 bytes).
    Removing lab4.o(i.TaskB), (56 bytes).
    Removing lab4.o(i.TaskC), (60 bytes).
    Removing lab4.o(i.TaskD), (56 bytes).
    Removing lab4.o(i.TaskE), (60 bytes).
    Removing lab4.o(i.TaskF), (60 bytes).
    Removing lab4.o(i.TaskG), (24 bytes).
    Removing lab4.o(i.TaskH), (24 bytes).
    Removing lab4.o(i.TaskI), (64 bytes).
    Removing lab4.o(i.TaskJ), (56 bytes).
    Removing lab4.o(i.TaskK), (64 bytes).
    Removing lab4.o(i.TaskL), (56 bytes).
    Removing lab4.o(i.TaskM), (60 bytes).
    Removing lab4.o(i.TaskN), (60 bytes).
    Removing lab4.o(i.TaskO), (24 bytes).
    Removing lab4.o(i.TaskP), (24 bytes).
    Removing lab4.o(i.TaskQ), (64 bytes).
    Removing lab4.o(i.TaskR), (68 bytes).
    Removing lab4.o(i.main_STEP3), (236 bytes).
    Removing lab4.o(i.main_step1), (176 bytes).
    Removing lab4.o(i.main_step2), (216 bytes).
    Removing bsp.o(.emb_text), (6 bytes).
    Removing bsp.o(i.BSP_Button2_Input), (12 bytes).
    Removing bsp.o(i.BSP_Delay1ms), (22 bytes).
    Removing bsp.o(i.BSP_Joystick_Init), (304 bytes).
    Removing bsp.o(i.BSP_Joystick_Input), (64 bytes).
    Removing bsp.o(i.BSP_LCD_DrawBitmap), (6 bytes).
    Removing bsp.o(i.BSP_LCD_DrawCharS), (32 bytes).
    Removing bsp.o(i.BSP_LCD_DrawFastHLine), (2 bytes).
    Removing bsp.o(i.BSP_LCD_DrawFastVLine), (2 bytes).
    Removing bsp.o(i.BSP_LCD_DrawPixel), (2 bytes).
    Removing bsp.o(i.BSP_LCD_FillRect), (6 bytes).
    Removing bsp.o(i.BSP_LCD_OutUDec), (144 bytes).
    Removing bsp.o(i.BSP_LCD_OutUDec5), (136 bytes).
    Removing bsp.o(i.BSP_LCD_OutUHex2), (112 bytes).
    Removing bsp.o(i.BSP_LCD_SwapColor), (18 bytes).
    Removing bsp.o(i.BSP_LightSensor_Input), (76 bytes).
    Removing bsp.o(i.BSP_PeriodicTask_Init), (192 bytes).
    Removing bsp.o(i.BSP_PeriodicTask_Stop), (24 bytes).
    Removing bsp.o(i.BSP_PeriodicTask_StopB), (24 bytes).
    Removing bsp.o(i.BSP_PeriodicTask_StopC), (24 bytes).
    Removing bsp.o(i.BSP_RGB_D_Init), (2 bytes).
    Removing bsp.o(i.BSP_RGB_D_Set), (2 bytes).
    Removing bsp.o(i.BSP_RGB_D_Toggle), (2 bytes).
    Removing bsp.o(i.BSP_RGB_Set), (2 bytes).
    Removing bsp.o(i.BSP_TempSensor_Input), (80 bytes).
    Removing bsp.o(i.fillmessage2_Hex), (84 bytes).
    Removing bsp.o(i.fillmessage5), (128 bytes).
    Removing profile.o(i.Profile_Get), (76 bytes).
    Removing texas.o(i.UART_InChar), (28 bytes).
    Removing texas.o(i.UART_InCharNonBlocking), (28 bytes).
    Removing texas.o(i.UART_InString), (66 bytes).
    Removing texas.o(i.UART_InUDec), (76 bytes).
    Removing texas.o(i.UART_InUHex), (104 bytes).
    Removing texas.o(i.UART_OutCharNonBlock), (12 bytes).
    Removing texas.o(i.UART_OutUDec4), (68 bytes).
    Removing texas.o(i.UART_OutUDec5), (68 bytes).
    Removing texas.o(i.UART_OutUDec6), (68 bytes).
    Removing texas.o(i.UART_OutUHex), (52 bytes).
    Removing texas.o(i.fillmessage4b), (88 bytes).
    Removing texas.o(i.fillmessage5b), (128 bytes).
    Removing texas.o(i.fillmessage6b), (160 bytes).
    Removing system_tm4c123.o(.rev16_text), (4 bytes).
    Removing system_tm4c123.o(.revsh_text), (4 bytes).
    Removing system_tm4c123.o(.rrx_text), (6 bytes).
    Removing system_tm4c123.o(i.SystemCoreClockUpdate), (196 bytes).
    Removing system_tm4c123.o(i.SystemInit), (136 bytes).
    Removing system_tm4c123.o(i.getOscClk), (248 bytes).
    Removing system_tm4c123.o(.data), (4 bytes).

69 unused section(s) (total 4696 bytes) removed from the image.

==============================================================================

Image Symbol Table

    Local Symbols

    Symbol Name                              Value     Ov Type        Size  Object(Section)

    RESET                                    0x00000000   Section      620  startup_tm4c123.o(RESET)
    ../clib/angel/boardlib.s                 0x00000000   Number         0  boardinit1.o ABSOLUTE
    ../clib/angel/boardlib.s                 0x00000000   Number         0  boardshut.o ABSOLUTE
    ../clib/angel/boardlib.s                 0x00000000   Number         0  boardinit2.o ABSOLUTE
    ../clib/angel/boardlib.s                 0x00000000   Number         0  boardinit3.o ABSOLUTE
    ../clib/angel/dczerorl.s                 0x00000000   Number         0  __dczerorl.o ABSOLUTE
    ../clib/angel/handlers.s                 0x00000000   Number         0  __scatter_zi.o ABSOLUTE
    ../clib/angel/kernel.s                   0x00000000   Number         0  rtexit2.o ABSOLUTE
    ../clib/angel/kernel.s                   0x00000000   Number         0  __rtentry4.o ABSOLUTE
    ../clib/angel/kernel.s                   0x00000000   Number         0  __rtentry.o ABSOLUTE
    ../clib/angel/kernel.s                   0x00000000   Number         0  __rtentry2.o ABSOLUTE
    ../clib/angel/kernel.s                   0x00000000   Number         0  rtexit.o ABSOLUTE
    ../clib/angel/rt.s                       0x00000000   Number         0  rt_raise.o ABSOLUTE
    ../clib/angel/scatter.s                  0x00000000   Number         0  __scatter.o ABSOLUTE
    ../clib/angel/startup.s                  0x00000000   Number         0  __main.o ABSOLUTE
    ../clib/angel/sys.s                      0x00000000   Number         0  use_no_semi.o ABSOLUTE
    ../clib/angel/sys.s                      0x00000000   Number         0  libspace.o ABSOLUTE
    ../clib/angel/sys.s                      0x00000000   Number         0  sys_stackheap_outer.o ABSOLUTE
    ../clib/angel/sys.s                      0x00000000   Number         0  indicate_semi.o ABSOLUTE
    ../clib/angel/sysapp.c                   0x00000000   Number         0  sys_command.o ABSOLUTE
    ../clib/angel/sysapp.c                   0x00000000   Number         0  sys_wrch.o ABSOLUTE
    ../clib/angel/sysapp.c                   0x00000000   Number         0  sys_exit.o ABSOLUTE
    ../clib/armsys.c                         0x00000000   Number         0  argv_veneer.o ABSOLUTE
    ../clib/armsys.c                         0x00000000   Number         0  no_argv.o ABSOLUTE
    ../clib/armsys.c                         0x00000000   Number         0  _get_argv_nomalloc.o ABSOLUTE
    ../clib/armsys.c                         0x00000000   Number         0  argv_veneer.o ABSOLUTE
    ../clib/heapalloc.c                      0x00000000   Number         0  hrguard.o ABSOLUTE
    ../clib/heapaux.c                        0x00000000   Number         0  heapauxi.o ABSOLUTE
    ../clib/libinit.s                        0x00000000   Number         0  libinit2.o ABSOLUTE
    ../clib/libinit.s                        0x00000000   Number         0  libshutdown.o ABSOLUTE
    ../clib/libinit.s                        0x00000000   Number         0  libinit.o ABSOLUTE
    ../clib/libinit.s                        0x00000000   Number         0  libshutdown2.o ABSOLUTE
    ../clib/signal.c                         0x00000000   Number         0  defsig_general.o ABSOLUTE
    ../clib/signal.c                         0x00000000   Number         0  defsig_pvfn_inner.o ABSOLUTE
    ../clib/signal.c                         0x00000000   Number         0  defsig_rtmem_inner.o ABSOLUTE
    ../clib/signal.c                         0x00000000   Number         0  defsig_exit.o ABSOLUTE
    ../clib/signal.c                         0x00000000   Number         0  defsig_stak_inner.o ABSOLUTE
    ../clib/signal.c                         0x00000000   Number         0  defsig_rtred_inner.o ABSOLUTE
    ../clib/signal.c                         0x00000000   Number         0  defsig_cppl_inner.o ABSOLUTE
    ../clib/signal.c                         0x00000000   Number         0  __raise.o ABSOLUTE
    ../clib/signal.c                         0x00000000   Number         0  defsig_rtmem_outer.o ABSOLUTE
    ../clib/signal.c                         0x00000000   Number         0  defsig_other.o ABSOLUTE
    ../clib/signal.c                         0x00000000   Number         0  defsig_fpe_inner.o ABSOLUTE
    ../clib/signal.c                         0x00000000   Number         0  defsig_abrt_inner.o ABSOLUTE
    ../clib/signal.c                         0x00000000   Number         0  defsig_segv_inner.o ABSOLUTE
    ../clib/signal.c                         0x00000000   Number         0  defsig_rtmem_formal.o ABSOLUTE
    ../clib/signal.s                         0x00000000   Number         0  defsig.o ABSOLUTE
    ../clib/stdlib.c                         0x00000000   Number         0  exit.o ABSOLUTE
    ../fplib/fpinit.s                        0x00000000   Number         0  fpinit.o ABSOLUTE
    ..\\inc\\BSP.c                           0x00000000   Number         0  bsp.o ABSOLUTE
    ..\inc\BSP.c                             0x00000000   Number         0  bsp.o ABSOLUTE
    ..\inc\Profile.c                         0x00000000   Number         0  profile.o ABSOLUTE
    Lab4.c                                   0x00000000   Number         0  lab4.o ABSOLUTE
    RTE\Device\TM4C123GH6PM\startup_TM4C123.s 0x00000000   Number         0  startup_tm4c123.o ABSOLUTE
    RTE\Device\TM4C123GH6PM\system_TM4C123.c 0x00000000   Number         0  system_tm4c123.o ABSOLUTE
    RTE\\Device\\TM4C123GH6PM\\system_TM4C123.c 0x00000000   Number         0  system_tm4c123.o ABSOLUTE
    Texas.c                                  0x00000000   Number         0  texas.o ABSOLUTE
    dc.s                                     0x00000000   Number         0  dc.o ABSOLUTE
    os.c                                     0x00000000   Number         0  os.o ABSOLUTE
    osasm.s                                  0x00000000   Number         0  osasm.o ABSOLUTE
    !!!main                                  0x0000026c   Section        8  __main.o(!!!main)
    !!!scatter                               0x00000274   Section       52  __scatter.o(!!!scatter)
    !!dczerorl                               0x000002a8   Section       58  __dczerorl.o(!!dczerorl)
    !!handler_zi                             0x000002e4   Section       28  __scatter_zi.o(!!handler_zi)
    .ARM.Collect$$libinit$$00000000          0x00000300   Section        2  libinit.o(.ARM.Collect$$libinit$$00000000)
    .ARM.Collect$$libinit$$00000002          0x00000302   Section        0  libinit2.o(.ARM.Collect$$libinit$$00000002)
    .ARM.Collect$$libinit$$00000004          0x00000302   Section        0  libinit2.o(.ARM.Collect$$libinit$$00000004)
    .ARM.Collect$$libinit$$0000000A          0x00000302   Section        0  libinit2.o(.ARM.Collect$$libinit$$0000000A)
    .ARM.Collect$$libinit$$0000000C          0x00000302   Section        0  libinit2.o(.ARM.Collect$$libinit$$0000000C)
    .ARM.Collect$$libinit$$0000000E          0x00000302   Section        0  libinit2.o(.ARM.Collect$$libinit$$0000000E)
    .ARM.Collect$$libinit$$00000011          0x00000302   Section        0  libinit2.o(.ARM.Collect$$libinit$$00000011)
    .ARM.Collect$$libinit$$00000013          0x00000302   Section        0  libinit2.o(.ARM.Collect$$libinit$$00000013)
    .ARM.Collect$$libinit$$00000015          0x00000302   Section        0  libinit2.o(.ARM.Collect$$libinit$$00000015)
    .ARM.Collect$$libinit$$00000017          0x00000302   Section        0  libinit2.o(.ARM.Collect$$libinit$$00000017)
    .ARM.Collect$$libinit$$00000019          0x00000302   Section        0  libinit2.o(.ARM.Collect$$libinit$$00000019)
    .ARM.Collect$$libinit$$0000001B          0x00000302   Section        0  libinit2.o(.ARM.Collect$$libinit$$0000001B)
    .ARM.Collect$$libinit$$0000001D          0x00000302   Section        0  libinit2.o(.ARM.Collect$$libinit$$0000001D)
    .ARM.Collect$$libinit$$0000001F          0x00000302   Section        0  libinit2.o(.ARM.Collect$$libinit$$0000001F)
    .ARM.Collect$$libinit$$00000021          0x00000302   Section        0  libinit2.o(.ARM.Collect$$libinit$$00000021)
    .ARM.Collect$$libinit$$00000023          0x00000302   Section        0  libinit2.o(.ARM.Collect$$libinit$$00000023)
    .ARM.Collect$$libinit$$00000025          0x00000302   Section        0  libinit2.o(.ARM.Collect$$libinit$$00000025)
    .ARM.Collect$$libinit$$0000002C          0x00000302   Section        0  libinit2.o(.ARM.Collect$$libinit$$0000002C)
    .ARM.Collect$$libinit$$0000002E          0x00000302   Section        0  libinit2.o(.ARM.Collect$$libinit$$0000002E)
    .ARM.Collect$$libinit$$00000030          0x00000302   Section        0  libinit2.o(.ARM.Collect$$libinit$$00000030)
    .ARM.Collect$$libinit$$00000032          0x00000302   Section        0  libinit2.o(.ARM.Collect$$libinit$$00000032)
    .ARM.Collect$$libinit$$00000033          0x00000302   Section        2  libinit2.o(.ARM.Collect$$libinit$$00000033)
    .ARM.Collect$$libshutdown$$00000000      0x00000304   Section        2  libshutdown.o(.ARM.Collect$$libshutdown$$00000000)
    .ARM.Collect$$libshutdown$$00000002      0x00000306   Section        0  libshutdown2.o(.ARM.Collect$$libshutdown$$00000002)
    .ARM.Collect$$libshutdown$$00000004      0x00000306   Section        0  libshutdown2.o(.ARM.Collect$$libshutdown$$00000004)
    .ARM.Collect$$libshutdown$$00000007      0x00000306   Section        0  libshutdown2.o(.ARM.Collect$$libshutdown$$00000007)
    .ARM.Collect$$libshutdown$$0000000A      0x00000306   Section        0  libshutdown2.o(.ARM.Collect$$libshutdown$$0000000A)
    .ARM.Collect$$libshutdown$$0000000C      0x00000306   Section        0  libshutdown2.o(.ARM.Collect$$libshutdown$$0000000C)
    .ARM.Collect$$libshutdown$$0000000F      0x00000306   Section        0  libshutdown2.o(.ARM.Collect$$libshutdown$$0000000F)
    .ARM.Collect$$libshutdown$$00000010      0x00000306   Section        2  libshutdown2.o(.ARM.Collect$$libshutdown$$00000010)
    .ARM.Collect$$rtentry$$00000000          0x00000308   Section        0  __rtentry.o(.ARM.Collect$$rtentry$$00000000)
    .ARM.Collect$$rtentry$$00000002          0x00000308   Section        0  __rtentry2.o(.ARM.Collect$$rtentry$$00000002)
    .ARM.Collect$$rtentry$$00000004          0x00000308   Section        6  __rtentry4.o(.ARM.Collect$$rtentry$$00000004)
    .ARM.Collect$$rtentry$$00000009          0x0000030e   Section        0  __rtentry2.o(.ARM.Collect$$rtentry$$00000009)
    .ARM.Collect$$rtentry$$0000000A          0x0000030e   Section        4  __rtentry2.o(.ARM.Collect$$rtentry$$0000000A)
    .ARM.Collect$$rtentry$$0000000C          0x00000312   Section        0  __rtentry2.o(.ARM.Collect$$rtentry$$0000000C)
    .ARM.Collect$$rtentry$$0000000D          0x00000312   Section        8  __rtentry2.o(.ARM.Collect$$rtentry$$0000000D)
    .ARM.Collect$$rtexit$$00000000           0x0000031a   Section        2  rtexit.o(.ARM.Collect$$rtexit$$00000000)
    .ARM.Collect$$rtexit$$00000002           0x0000031c   Section        0  rtexit2.o(.ARM.Collect$$rtexit$$00000002)
    .ARM.Collect$$rtexit$$00000003           0x0000031c   Section        4  rtexit2.o(.ARM.Collect$$rtexit$$00000003)
    .ARM.Collect$$rtexit$$00000004           0x00000320   Section        6  rtexit2.o(.ARM.Collect$$rtexit$$00000004)
    .text                                    0x00000328   Section       72  osasm.o(.text)
    .text                                    0x00000370   Section      292  startup_tm4c123.o(.text)
    .text                                    0x00000494   Section        0  heapauxi.o(.text)
    .text                                    0x0000049a   Section       74  sys_stackheap_outer.o(.text)
    .text                                    0x000004e4   Section        0  exit.o(.text)
    .text                                    0x000004f8   Section        8  libspace.o(.text)
    .text                                    0x00000500   Section        0  sys_exit.o(.text)
    .text                                    0x0000050c   Section        2  use_no_semi.o(.text)
    .text                                    0x0000050e   Section        0  indicate_semi.o(.text)
    i.BSP_Accelerometer_Init                 0x00000510   Section        0  bsp.o(i.BSP_Accelerometer_Init)
    i.BSP_Accelerometer_Input                0x000005c0   Section        0  bsp.o(i.BSP_Accelerometer_Input)
    i.BSP_Button1_Init                       0x00000608   Section        0  bsp.o(i.BSP_Button1_Init)
    i.BSP_Button1_Input                      0x00000688   Section        0  bsp.o(i.BSP_Button1_Input)
    i.BSP_Button2_Init                       0x00000694   Section        0  bsp.o(i.BSP_Button2_Init)
    i.BSP_Buzzer_Init                        0x00000724   Section        0  bsp.o(i.BSP_Buzzer_Init)
    i.BSP_Buzzer_Set                         0x000007f8   Section        0  bsp.o(i.BSP_Buzzer_Set)
    i.BSP_Clock_GetFreq                      0x00000818   Section        0  bsp.o(i.BSP_Clock_GetFreq)
    i.BSP_Clock_InitFastest                  0x00000824   Section        0  bsp.o(i.BSP_Clock_InitFastest)
    i.BSP_LCD_Color565                       0x000008b0   Section        0  bsp.o(i.BSP_LCD_Color565)
    i.BSP_LCD_DrawChar                       0x000008c8   Section        0  bsp.o(i.BSP_LCD_DrawChar)
    i.BSP_LCD_DrawString                     0x000008e8   Section        0  bsp.o(i.BSP_LCD_DrawString)
    i.BSP_LCD_Drawaxes                       0x0000093e   Section        0  bsp.o(i.BSP_LCD_Drawaxes)
    i.BSP_LCD_FillScreen                     0x00000948   Section        0  bsp.o(i.BSP_LCD_FillScreen)
    i.BSP_LCD_Init                           0x0000094c   Section        0  bsp.o(i.BSP_LCD_Init)
    i.BSP_LCD_OutUDec4                       0x00000980   Section        0  bsp.o(i.BSP_LCD_OutUDec4)
    i.BSP_LCD_OutUFix2_1                     0x00000a08   Section        0  bsp.o(i.BSP_LCD_OutUFix2_1)
    i.BSP_LCD_PlotIncrement                  0x00000a78   Section        0  bsp.o(i.BSP_LCD_PlotIncrement)
    i.BSP_LCD_PlotPoint                      0x00000a7a   Section        0  bsp.o(i.BSP_LCD_PlotPoint)
    i.BSP_LCD_SetCursor                      0x00000a7c   Section        0  bsp.o(i.BSP_LCD_SetCursor)
    i.BSP_LightSensor_End                    0x00000b6c   Section        0  bsp.o(i.BSP_LightSensor_End)
    i.BSP_LightSensor_Init                   0x00000bc8   Section        0  bsp.o(i.BSP_LightSensor_Init)
    i.BSP_LightSensor_Start                  0x00000bd0   Section        0  bsp.o(i.BSP_LightSensor_Start)
    i.BSP_Microphone_Init                    0x00000bf0   Section        0  bsp.o(i.BSP_Microphone_Init)
    i.BSP_Microphone_Input                   0x00000c9c   Section        0  bsp.o(i.BSP_Microphone_Input)
    i.BSP_PeriodicTask_InitB                 0x00000cc8   Section        0  bsp.o(i.BSP_PeriodicTask_InitB)
    i.BSP_PeriodicTask_InitC                 0x00000d84   Section        0  bsp.o(i.BSP_PeriodicTask_InitC)
    i.BSP_RGB_Init                           0x00000e40   Section        0  bsp.o(i.BSP_RGB_Init)
    i.BSP_TempSensor_End                     0x00000e44   Section        0  bsp.o(i.BSP_TempSensor_End)
    i.BSP_TempSensor_Init                    0x00000ea4   Section        0  bsp.o(i.BSP_TempSensor_Init)
    i.BSP_TempSensor_Start                   0x00000eac   Section        0  bsp.o(i.BSP_TempSensor_Start)
    i.BSP_Time_Get                           0x00000ecc   Section        0  bsp.o(i.BSP_Time_Get)
    i.BSP_Time_Init                          0x00000edc   Section        0  bsp.o(i.BSP_Time_Init)
    i.BSP_UART0_OutChar                      0x00000f48   Section        0  bsp.o(i.BSP_UART0_OutChar)
    i.BSP_UART0_OutString                    0x00000f60   Section        0  bsp.o(i.BSP_UART0_OutString)
    i.Encrypt                                0x00000f78   Section        0  texas.o(i.Encrypt)
    Encrypt                                  0x00000f79   Thumb Code    86  texas.o(i.Encrypt)
    i.GPIOPortD_Handler                      0x00000fe0   Section        0  os.o(i.GPIOPortD_Handler)
    i.Grader                                 0x0000100c   Section        0  texas.o(i.Grader)
    i.LogicAnalyzer                          0x000014b8   Section        0  texas.o(i.LogicAnalyzer)
    i.NonrealTimeResults                     0x000014cc   Section        0  texas.o(i.NonrealTimeResults)
    i.OS_AddThreads                          0x0000156c   Section        0  os.o(i.OS_AddThreads)
    i.OS_EdgeTrigger_Init                    0x00001680   Section        0  os.o(i.OS_EdgeTrigger_Init)
    i.OS_EdgeTrigger_Restart                 0x00001768   Section        0  os.o(i.OS_EdgeTrigger_Restart)
    i.OS_FIFO_Get                            0x00001784   Section        0  os.o(i.OS_FIFO_Get)
    i.OS_FIFO_Init                           0x000017bc   Section        0  os.o(i.OS_FIFO_Init)
    i.OS_FIFO_Put                            0x000017ec   Section        0  os.o(i.OS_FIFO_Put)
    i.OS_Init                                0x00001840   Section        0  os.o(i.OS_Init)
    i.OS_InitSemaphore                       0x0000185c   Section        0  os.o(i.OS_InitSemaphore)
    i.OS_Launch                              0x00001860   Section        0  os.o(i.OS_Launch)
    i.OS_PeriodTrigger0_Init                 0x00001894   Section        0  os.o(i.OS_PeriodTrigger0_Init)
    i.OS_PeriodTrigger1_Init                 0x000018bc   Section        0  os.o(i.OS_PeriodTrigger1_Init)
    i.OS_Signal                              0x000018e4   Section        0  os.o(i.OS_Signal)
    i.OS_Sleep                               0x00001918   Section        0  os.o(i.OS_Sleep)
    i.OS_Suspend                             0x0000192c   Section        0  os.o(i.OS_Suspend)
    i.OS_Wait                                0x00001944   Section        0  os.o(i.OS_Wait)
    i.PeriodicTask2_Init                     0x00001970   Section        0  texas.o(i.PeriodicTask2_Init)
    i.PeriodicTask2_Stop                     0x00001a2c   Section        0  texas.o(i.PeriodicTask2_Stop)
    i.Profile_Init                           0x00001a44   Section        0  profile.o(i.Profile_Init)
    i.RealTimeEvents                         0x00001c18   Section        0  os.o(i.RealTimeEvents)
    i.RealTimeResults                        0x00001c84   Section        0  texas.o(i.RealTimeResults)
    i.RealTimeResultsNoJitter                0x00001d3c   Section        0  texas.o(i.RealTimeResultsNoJitter)
    i.ST7735_InitR                           0x00001df0   Section        0  bsp.o(i.ST7735_InitR)
    ST7735_InitR                             0x00001df1   Thumb Code    12  bsp.o(i.ST7735_InitR)
    i.Scheduler                              0x00001e00   Section        0  os.o(i.Scheduler)
    i.SetGrade                               0x00001e30   Section        0  texas.o(i.SetGrade)
    SetGrade                                 0x00001e31   Thumb Code   196  texas.o(i.SetGrade)
    i.SetInitialStack                        0x00001efc   Section        0  os.o(i.SetInitialStack)
    i.Step1Test                              0x0000204c   Section        0  texas.o(i.Step1Test)
    i.Step2Test                              0x000023e8   Section        0  texas.o(i.Step2Test)
    i.Step3Test                              0x00002784   Section        0  texas.o(i.Step3Test)
    i.TExaS_Init                             0x00002ab4   Section        0  texas.o(i.TExaS_Init)
    i.TExaS_Stop                             0x00002c6c   Section        0  texas.o(i.TExaS_Stop)
    i.TExaS_Task0                            0x00002c74   Section        0  texas.o(i.TExaS_Task0)
    i.TExaS_Task1                            0x00002cb4   Section        0  texas.o(i.TExaS_Task1)
    i.TExaS_Task2                            0x00002cf4   Section        0  texas.o(i.TExaS_Task2)
    i.TExaS_Task3                            0x00002d34   Section        0  texas.o(i.TExaS_Task3)
    i.TExaS_Task4                            0x00002d74   Section        0  texas.o(i.TExaS_Task4)
    i.TExaS_Task5                            0x00002db4   Section        0  texas.o(i.TExaS_Task5)
    i.TExaS_Task6                            0x00002df4   Section        0  texas.o(i.TExaS_Task6)
    i.TIMER5A_Handler                        0x00002e34   Section        0  texas.o(i.TIMER5A_Handler)
    i.Task0                                  0x00002e4c   Section        0  lab4.o(i.Task0)
    i.Task1                                  0x00002efc   Section        0  lab4.o(i.Task1)
    i.Task2                                  0x00002fd8   Section        0  lab4.o(i.Task2)
    i.Task3                                  0x0000319c   Section        0  lab4.o(i.Task3)
    i.Task4                                  0x00003240   Section        0  lab4.o(i.Task4)
    i.Task5                                  0x000032a8   Section        0  lab4.o(i.Task5)
    i.Task6                                  0x00003434   Section        0  lab4.o(i.Task6)
    i.Task7                                  0x0000349c   Section        0  lab4.o(i.Task7)
    i.UART_Init                              0x000034b8   Section        0  texas.o(i.UART_Init)
    i.UART_OutChar                           0x0000355c   Section        0  texas.o(i.UART_OutChar)
    i.UART_OutString                         0x00003574   Section        0  texas.o(i.UART_OutString)
    i.UART_OutUDec                           0x0000358c   Section        0  texas.o(i.UART_OutUDec)
    i.UART_OutUDec7                          0x000035b8   Section        0  texas.o(i.UART_OutUDec7)
    i.UART_OutUFix1                          0x000035fc   Section        0  texas.o(i.UART_OutUFix1)
    i.WideTimer3A_Handler                    0x0000362c   Section        0  bsp.o(i.WideTimer3A_Handler)
    i.WideTimer4A_Handler                    0x00003644   Section        0  bsp.o(i.WideTimer4A_Handler)
    i.WideTimer5A_Handler                    0x0000365c   Section        0  bsp.o(i.WideTimer5A_Handler)
    i.adcinit                                0x00003674   Section        0  bsp.o(i.adcinit)
    adcinit                                  0x00003675   Thumb Code    58  bsp.o(i.adcinit)
    i.commonInit                             0x000036c0   Section        0  bsp.o(i.commonInit)
    commonInit                               0x000036c1   Thumb Code   118  bsp.o(i.commonInit)
    i.drawaxes                               0x00003748   Section        0  lab4.o(i.drawaxes)
    i.fillmessage                            0x0000385c   Section        0  bsp.o(i.fillmessage)
    fillmessage                              0x0000385d   Thumb Code    64  bsp.o(i.fillmessage)
    i.fillmessage2_1                         0x000038a4   Section        0  bsp.o(i.fillmessage2_1)
    fillmessage2_1                           0x000038a5   Thumb Code    90  bsp.o(i.fillmessage2_1)
    i.fillmessage4                           0x00003904   Section        0  bsp.o(i.fillmessage4)
    fillmessage4                             0x00003905   Thumb Code    90  bsp.o(i.fillmessage4)
    i.fillmessage7b                          0x00003968   Section        0  texas.o(i.fillmessage7b)
    fillmessage7b                            0x00003969   Thumb Code   174  texas.o(i.fillmessage7b)
    i.fillmessageb                           0x00003a2c   Section        0  texas.o(i.fillmessageb)
    fillmessageb                             0x00003a2d   Thumb Code    64  texas.o(i.fillmessageb)
    i.i2cinit                                0x00003a74   Section        0  bsp.o(i.i2cinit)
    i2cinit                                  0x00003a75   Thumb Code    18  bsp.o(i.i2cinit)
    i.main                                   0x00003a8c   Section        0  lab4.o(i.main)
    i.runperiodicevents                      0x00003bb4   Section        0  os.o(i.runperiodicevents)
    runperiodicevents                        0x00003bb5   Thumb Code    50  os.o(i.runperiodicevents)
    i.sqrt32                                 0x00003bec   Section        0  lab4.o(i.sqrt32)
    .constdata                               0x00003c0a   Section      128  bsp.o(.constdata)
    Rcmd1                                    0x00003c0a   Data          59  bsp.o(.constdata)
    Rcmd2green                               0x00003c45   Data          13  bsp.o(.constdata)
    Rcmd2red                                 0x00003c52   Data          13  bsp.o(.constdata)
    Rcmd3                                    0x00003c5f   Data          43  bsp.o(.constdata)
    .constdata                               0x00003c8c   Section       72  texas.o(.constdata)
    .data                                    0x20000000   Section      208  lab4.o(.data)
    soundSum                                 0x200000c8   Data           4  lab4.o(.data)
    time                                     0x200000cc   Data           4  lab4.o(.data)
    .data                                    0x200000d0   Section       92  bsp.o(.data)
    ClockFrequency                           0x200000d0   Data           4  bsp.o(.data)
    PWMCycles                                0x200000d4   Data           2  bsp.o(.data)
    firstCall                                0x20000120   Data           4  bsp.o(.data)
    x                                        0x20000124   Data           4  bsp.o(.data)
    y                                        0x20000128   Data           4  bsp.o(.data)
    .data                                    0x2000012c   Section       44  os.o(.data)
    realCount                                0x20000154   Data           4  os.o(.data)
    .data                                    0x20000158   Section       68  texas.o(.data)
    count                                    0x2000018c   Data           4  texas.o(.data)
    count                                    0x20000190   Data           4  texas.o(.data)
    count                                    0x20000194   Data           4  texas.o(.data)
    count                                    0x20000198   Data           4  texas.o(.data)
    .bss                                     0x2000019c   Section     2000  lab4.o(.bss)
    .bss                                     0x2000096c   Section       12  bsp.o(.bss)
    .bss                                     0x20000978   Section     3400  os.o(.bss)
    .bss                                     0x200016c0   Section     1740  texas.o(.bss)
    .bss                                     0x20001d8c   Section       96  libspace.o(.bss)
    HEAP                                     0x20001df0   Section        0  startup_tm4c123.o(HEAP)
    STACK                                    0x20001df0   Section      512  startup_tm4c123.o(STACK)
    Heap_Mem                                 0x20001df0   Data           0  startup_tm4c123.o(HEAP)
    Stack_Mem                                0x20001df0   Data         512  startup_tm4c123.o(STACK)
    __initial_sp                             0x20001ff0   Data           0  startup_tm4c123.o(STACK)

    Global Symbols

    Symbol Name                              Value     Ov Type        Size  Object(Section)

    BuildAttributes$$THM_ISAv4$E$P$D$K$B$S$7EM$PE$A:L22UL41UL21$X:L11$S22US41US21$IEEE1$IW$USESV6$~STKCKD$USESV7$~SHL$OSPACE$ROPI$EBA8$UX$STANDARDLIB$REQ8$PRES8$EABIv2 0x00000000   Number         0  anon$$obj.o ABSOLUTE
    __ARM_use_no_argv                        0x00000000   Number         0  lab4.o ABSOLUTE
    __Vectors                                0x00000000   Data           4  startup_tm4c123.o(RESET)
    __ARM_exceptions_init                     - Undefined Weak Reference
    __alloca_initialize                       - Undefined Weak Reference
    __arm_preinit_                            - Undefined Weak Reference
    __cpp_initialize__aeabi_                  - Undefined Weak Reference
    __cxa_finalize                            - Undefined Weak Reference
    __rt_locale                               - Undefined Weak Reference
    __sigvec_lookup                           - Undefined Weak Reference
    _atexit_init                              - Undefined Weak Reference
    _call_atexit_fns                          - Undefined Weak Reference
    _clock_init                               - Undefined Weak Reference
    _fp_trap_init                             - Undefined Weak Reference
    _fp_trap_shutdown                         - Undefined Weak Reference
    _get_lc_collate                           - Undefined Weak Reference
    _get_lc_ctype                             - Undefined Weak Reference
    _get_lc_monetary                          - Undefined Weak Reference
    _get_lc_numeric                           - Undefined Weak Reference
    _get_lc_time                              - Undefined Weak Reference
    _getenv_init                              - Undefined Weak Reference
    _handle_redirection                       - Undefined Weak Reference
    _init_alloc                               - Undefined Weak Reference
    _init_user_alloc                          - Undefined Weak Reference
    _initio                                   - Undefined Weak Reference
    _rand_init                                - Undefined Weak Reference
    _signal_finish                            - Undefined Weak Reference
    _signal_init                              - Undefined Weak Reference
    _terminate_alloc                          - Undefined Weak Reference
    _terminate_user_alloc                     - Undefined Weak Reference
    _terminateio                              - Undefined Weak Reference
    __Vectors_End                            0x0000026c   Data           0  startup_tm4c123.o(RESET)
    __Vectors_Size                           0x0000026c   Number         0  startup_tm4c123.o ABSOLUTE
    __main                                   0x0000026d   Thumb Code     8  __main.o(!!!main)
    __scatterload                            0x00000275   Thumb Code     0  __scatter.o(!!!scatter)
    __scatterload_rt2                        0x00000275   Thumb Code    44  __scatter.o(!!!scatter)
    __scatterload_rt2_thumb_only             0x00000275   Thumb Code     0  __scatter.o(!!!scatter)
    __scatterload_null                       0x00000283   Thumb Code     0  __scatter.o(!!!scatter)
    __decompress                             0x000002a9   Thumb Code    58  __dczerorl.o(!!dczerorl)
    __decompress0                            0x000002a9   Thumb Code     0  __dczerorl.o(!!dczerorl)
    __scatterload_zeroinit                   0x000002e5   Thumb Code    28  __scatter_zi.o(!!handler_zi)
    __rt_lib_init                            0x00000301   Thumb Code     0  libinit.o(.ARM.Collect$$libinit$$00000000)
    __rt_lib_init_alloca_1                   0x00000303   Thumb Code     0  libinit2.o(.ARM.Collect$$libinit$$0000002E)
    __rt_lib_init_argv_1                     0x00000303   Thumb Code     0  libinit2.o(.ARM.Collect$$libinit$$0000002C)
    __rt_lib_init_atexit_1                   0x00000303   Thumb Code     0  libinit2.o(.ARM.Collect$$libinit$$0000001B)
    __rt_lib_init_clock_1                    0x00000303   Thumb Code     0  libinit2.o(.ARM.Collect$$libinit$$00000021)
    __rt_lib_init_cpp_1                      0x00000303   Thumb Code     0  libinit2.o(.ARM.Collect$$libinit$$00000032)
    __rt_lib_init_exceptions_1               0x00000303   Thumb Code     0  libinit2.o(.ARM.Collect$$libinit$$00000030)
    __rt_lib_init_fp_1                       0x00000303   Thumb Code     0  libinit2.o(.ARM.Collect$$libinit$$00000002)
    __rt_lib_init_fp_trap_1                  0x00000303   Thumb Code     0  libinit2.o(.ARM.Collect$$libinit$$0000001F)
    __rt_lib_init_getenv_1                   0x00000303   Thumb Code     0  libinit2.o(.ARM.Collect$$libinit$$00000023)
    __rt_lib_init_heap_1                     0x00000303   Thumb Code     0  libinit2.o(.ARM.Collect$$libinit$$0000000A)
    __rt_lib_init_lc_collate_1               0x00000303   Thumb Code     0  libinit2.o(.ARM.Collect$$libinit$$00000011)
    __rt_lib_init_lc_ctype_1                 0x00000303   Thumb Code     0  libinit2.o(.ARM.Collect$$libinit$$00000013)
    __rt_lib_init_lc_monetary_1              0x00000303   Thumb Code     0  libinit2.o(.ARM.Collect$$libinit$$00000015)
    __rt_lib_init_lc_numeric_1               0x00000303   Thumb Code     0  libinit2.o(.ARM.Collect$$libinit$$00000017)
    __rt_lib_init_lc_time_1                  0x00000303   Thumb Code     0  libinit2.o(.ARM.Collect$$libinit$$00000019)
    __rt_lib_init_preinit_1                  0x00000303   Thumb Code     0  libinit2.o(.ARM.Collect$$libinit$$00000004)
    __rt_lib_init_rand_1                     0x00000303   Thumb Code     0  libinit2.o(.ARM.Collect$$libinit$$0000000E)
    __rt_lib_init_return                     0x00000303   Thumb Code     0  libinit2.o(.ARM.Collect$$libinit$$00000033)
    __rt_lib_init_signal_1                   0x00000303   Thumb Code     0  libinit2.o(.ARM.Collect$$libinit$$0000001D)
    __rt_lib_init_stdio_1                    0x00000303   Thumb Code     0  libinit2.o(.ARM.Collect$$libinit$$00000025)
    __rt_lib_init_user_alloc_1               0x00000303   Thumb Code     0  libinit2.o(.ARM.Collect$$libinit$$0000000C)
    __rt_lib_shutdown                        0x00000305   Thumb Code     0  libshutdown.o(.ARM.Collect$$libshutdown$$00000000)
    __rt_lib_shutdown_cpp_1                  0x00000307   Thumb Code     0  libshutdown2.o(.ARM.Collect$$libshutdown$$00000002)
    __rt_lib_shutdown_fp_trap_1              0x00000307   Thumb Code     0  libshutdown2.o(.ARM.Collect$$libshutdown$$00000007)
    __rt_lib_shutdown_heap_1                 0x00000307   Thumb Code     0  libshutdown2.o(.ARM.Collect$$libshutdown$$0000000F)
    __rt_lib_shutdown_return                 0x00000307   Thumb Code     0  libshutdown2.o(.ARM.Collect$$libshutdown$$00000010)
    __rt_lib_shutdown_signal_1               0x00000307   Thumb Code     0  libshutdown2.o(.ARM.Collect$$libshutdown$$0000000A)
    __rt_lib_shutdown_stdio_1                0x00000307   Thumb Code     0  libshutdown2.o(.ARM.Collect$$libshutdown$$00000004)
    __rt_lib_shutdown_user_alloc_1           0x00000307   Thumb Code     0  libshutdown2.o(.ARM.Collect$$libshutdown$$0000000C)
    __rt_entry                               0x00000309   Thumb Code     0  __rtentry.o(.ARM.Collect$$rtentry$$00000000)
    __rt_entry_presh_1                       0x00000309   Thumb Code     0  __rtentry2.o(.ARM.Collect$$rtentry$$00000002)
    __rt_entry_sh                            0x00000309   Thumb Code     0  __rtentry4.o(.ARM.Collect$$rtentry$$00000004)
    __rt_entry_li                            0x0000030f   Thumb Code     0  __rtentry2.o(.ARM.Collect$$rtentry$$0000000A)
    __rt_entry_postsh_1                      0x0000030f   Thumb Code     0  __rtentry2.o(.ARM.Collect$$rtentry$$00000009)
    __rt_entry_main                          0x00000313   Thumb Code     0  __rtentry2.o(.ARM.Collect$$rtentry$$0000000D)
    __rt_entry_postli_1                      0x00000313   Thumb Code     0  __rtentry2.o(.ARM.Collect$$rtentry$$0000000C)
    __rt_exit                                0x0000031b   Thumb Code     0  rtexit.o(.ARM.Collect$$rtexit$$00000000)
    __rt_exit_ls                             0x0000031d   Thumb Code     0  rtexit2.o(.ARM.Collect$$rtexit$$00000003)
    __rt_exit_prels_1                        0x0000031d   Thumb Code     0  rtexit2.o(.ARM.Collect$$rtexit$$00000002)
    __rt_exit_exit                           0x00000321   Thumb Code     0  rtexit2.o(.ARM.Collect$$rtexit$$00000004)
    SysTick_Handler                          0x00000329   Thumb Code     0  osasm.o(.text)
    StartOS                                  0x0000034f   Thumb Code     0  osasm.o(.text)
    Reset_Handler                            0x00000371   Thumb Code     4  startup_tm4c123.o(.text)
    NMI_Handler                              0x00000375   Thumb Code     2  startup_tm4c123.o(.text)
    HardFault_Handler                        0x00000377   Thumb Code     2  startup_tm4c123.o(.text)
    MemManage_Handler                        0x00000379   Thumb Code     2  startup_tm4c123.o(.text)
    BusFault_Handler                         0x0000037b   Thumb Code     2  startup_tm4c123.o(.text)
    UsageFault_Handler                       0x0000037d   Thumb Code     2  startup_tm4c123.o(.text)
    SVC_Handler                              0x0000037f   Thumb Code     2  startup_tm4c123.o(.text)
    DebugMon_Handler                         0x00000381   Thumb Code     2  startup_tm4c123.o(.text)
    PendSV_Handler                           0x00000383   Thumb Code     2  startup_tm4c123.o(.text)
    GPIOPortA_Handler                        0x00000387   Thumb Code     2  startup_tm4c123.o(.text)
    GPIOPortB_Handler                        0x00000389   Thumb Code     2  startup_tm4c123.o(.text)
    GPIOPortC_Handler                        0x0000038b   Thumb Code     2  startup_tm4c123.o(.text)
    GPIOPortE_Handler                        0x0000038f   Thumb Code     2  startup_tm4c123.o(.text)
    UART0_Handler                            0x00000391   Thumb Code     2  startup_tm4c123.o(.text)
    UART1_Handler                            0x00000393   Thumb Code     2  startup_tm4c123.o(.text)
    SSI0_Handler                             0x00000395   Thumb Code     2  startup_tm4c123.o(.text)
    I2C0_Handler                             0x00000397   Thumb Code     2  startup_tm4c123.o(.text)
    PMW0_FAULT_Handler                       0x00000399   Thumb Code     2  startup_tm4c123.o(.text)
    PWM0Generator0_Handler                   0x0000039b   Thumb Code     2  startup_tm4c123.o(.text)
    PWM0Generator1_Handler                   0x0000039d   Thumb Code     2  startup_tm4c123.o(.text)
    PWM0Generator2_Handler                   0x0000039f   Thumb Code     2  startup_tm4c123.o(.text)
    Quadrature0_Handler                      0x000003a1   Thumb Code     2  startup_tm4c123.o(.text)
    ADC0Seq0_Handler                         0x000003a3   Thumb Code     2  startup_tm4c123.o(.text)
    ADC0Seq1_Handler                         0x000003a5   Thumb Code     2  startup_tm4c123.o(.text)
    ADC0Seq2_Handler                         0x000003a7   Thumb Code     2  startup_tm4c123.o(.text)
    ADC0Seq3_Handler                         0x000003a9   Thumb Code     2  startup_tm4c123.o(.text)
    WDT_Handler                              0x000003ab   Thumb Code     2  startup_tm4c123.o(.text)
    TIMER0A_Handler                          0x000003ad   Thumb Code     2  startup_tm4c123.o(.text)
    TIMER0B_Handler                          0x000003af   Thumb Code     2  startup_tm4c123.o(.text)
    TIMER1A_Handler                          0x000003b1   Thumb Code     2  startup_tm4c123.o(.text)
    TIMER1B_Handler                          0x000003b3   Thumb Code     2  startup_tm4c123.o(.text)
    TIMER2A_Handler                          0x000003b5   Thumb Code     2  startup_tm4c123.o(.text)
    TIMER2B_Handler                          0x000003b7   Thumb Code     2  startup_tm4c123.o(.text)
    COMP0_Handler                            0x000003b9   Thumb Code     2  startup_tm4c123.o(.text)
    COMP1_Handler                            0x000003bb   Thumb Code     2  startup_tm4c123.o(.text)
    COMP2_Handler                            0x000003bd   Thumb Code     2  startup_tm4c123.o(.text)
    SYSCTL_Handler                           0x000003bf   Thumb Code     2  startup_tm4c123.o(.text)
    FlashCtl_Handler                         0x000003c1   Thumb Code     2  startup_tm4c123.o(.text)
    GPIOPortF_Handler                        0x000003c3   Thumb Code     2  startup_tm4c123.o(.text)
    GPIOPortG_Handler                        0x000003c5   Thumb Code     2  startup_tm4c123.o(.text)
    GPIOPortH_Handler                        0x000003c7   Thumb Code     2  startup_tm4c123.o(.text)
    UART2_Handler                            0x000003c9   Thumb Code     2  startup_tm4c123.o(.text)
    SSI1_Handler                             0x000003cb   Thumb Code     2  startup_tm4c123.o(.text)
    TIMER3A_Handler                          0x000003cd   Thumb Code     2  startup_tm4c123.o(.text)
    TIMER3B_Handler                          0x000003cf   Thumb Code     2  startup_tm4c123.o(.text)
    I2C1_Handler                             0x000003d1   Thumb Code     2  startup_tm4c123.o(.text)
    Quadrature1_Handler                      0x000003d3   Thumb Code     2  startup_tm4c123.o(.text)
    CAN0_Handler                             0x000003d5   Thumb Code     2  startup_tm4c123.o(.text)
    CAN1_Handler                             0x000003d7   Thumb Code     2  startup_tm4c123.o(.text)
    CAN2_Handler                             0x000003d9   Thumb Code     2  startup_tm4c123.o(.text)
    Hibernate_Handler                        0x000003db   Thumb Code     2  startup_tm4c123.o(.text)
    USB0_Handler                             0x000003dd   Thumb Code     2  startup_tm4c123.o(.text)
    PWM0Generator3_Handler                   0x000003df   Thumb Code     2  startup_tm4c123.o(.text)
    UDMA_Handler                             0x000003e1   Thumb Code     2  startup_tm4c123.o(.text)
    UDMAERR_Handler                          0x000003e3   Thumb Code     2  startup_tm4c123.o(.text)
    ADC1Seq0_Handler                         0x000003e5   Thumb Code     2  startup_tm4c123.o(.text)
    ADC1Seq1_Handler                         0x000003e7   Thumb Code     2  startup_tm4c123.o(.text)
    ADC1Seq2_Handler                         0x000003e9   Thumb Code     2  startup_tm4c123.o(.text)
    ADC1Seq3_Handler                         0x000003eb   Thumb Code     2  startup_tm4c123.o(.text)
    GPIOPortJ_Handler                        0x000003ed   Thumb Code     2  startup_tm4c123.o(.text)
    GPIOPortK_Handler                        0x000003ef   Thumb Code     2  startup_tm4c123.o(.text)
    GPIOPortL_Handler                        0x000003f1   Thumb Code     2  startup_tm4c123.o(.text)
    SSI2_Handler                             0x000003f3   Thumb Code     2  startup_tm4c123.o(.text)
    SSI3_Handler                             0x000003f5   Thumb Code     2  startup_tm4c123.o(.text)
    UART3_Handler                            0x000003f7   Thumb Code     2  startup_tm4c123.o(.text)
    UART4_Handler                            0x000003f9   Thumb Code     2  startup_tm4c123.o(.text)
    UART5_Handler                            0x000003fb   Thumb Code     2  startup_tm4c123.o(.text)
    UART6_Handler                            0x000003fd   Thumb Code     2  startup_tm4c123.o(.text)
    UART7_Handler                            0x000003ff   Thumb Code     2  startup_tm4c123.o(.text)
    I2C2_Handler                             0x00000401   Thumb Code     2  startup_tm4c123.o(.text)
    I2C3_Handler                             0x00000403   Thumb Code     2  startup_tm4c123.o(.text)
    TIMER4A_Handler                          0x00000405   Thumb Code     2  startup_tm4c123.o(.text)
    TIMER4B_Handler                          0x00000407   Thumb Code     2  startup_tm4c123.o(.text)
    TIMER5B_Handler                          0x0000040b   Thumb Code     2  startup_tm4c123.o(.text)
    WideTimer0A_Handler                      0x0000040d   Thumb Code     2  startup_tm4c123.o(.text)
    WideTimer0B_Handler                      0x0000040f   Thumb Code     2  startup_tm4c123.o(.text)
    WideTimer1A_Handler                      0x00000411   Thumb Code     2  startup_tm4c123.o(.text)
    WideTimer1B_Handler                      0x00000413   Thumb Code     2  startup_tm4c123.o(.text)
    WideTimer2A_Handler                      0x00000415   Thumb Code     2  startup_tm4c123.o(.text)
    WideTimer2B_Handler                      0x00000417   Thumb Code     2  startup_tm4c123.o(.text)
    WideTimer3B_Handler                      0x0000041b   Thumb Code     2  startup_tm4c123.o(.text)
    WideTimer4B_Handler                      0x0000041f   Thumb Code     2  startup_tm4c123.o(.text)
    WideTimer5B_Handler                      0x00000423   Thumb Code     2  startup_tm4c123.o(.text)
    FPU_Handler                              0x00000425   Thumb Code     2  startup_tm4c123.o(.text)
    I2C4_Handler                             0x00000427   Thumb Code     2  startup_tm4c123.o(.text)
    I2C5_Handler                             0x00000429   Thumb Code     2  startup_tm4c123.o(.text)
    GPIOPortM_Handler                        0x0000042b   Thumb Code     2  startup_tm4c123.o(.text)
    GPIOPortN_Handler                        0x0000042d   Thumb Code     2  startup_tm4c123.o(.text)
    QEI2_Handler                             0x0000042f   Thumb Code     2  startup_tm4c123.o(.text)
    GPIOPortP0_Handler                       0x00000431   Thumb Code     2  startup_tm4c123.o(.text)
    GPIOPortP1_Handler                       0x00000433   Thumb Code     2  startup_tm4c123.o(.text)
    GPIOPortP2_Handler                       0x00000435   Thumb Code     2  startup_tm4c123.o(.text)
    GPIOPortP3_Handler                       0x00000437   Thumb Code     2  startup_tm4c123.o(.text)
    GPIOPortP4_Handler                       0x00000439   Thumb Code     2  startup_tm4c123.o(.text)
    GPIOPortP5_Handler                       0x0000043b   Thumb Code     2  startup_tm4c123.o(.text)
    GPIOPortP6_Handler                       0x0000043d   Thumb Code     2  startup_tm4c123.o(.text)
    GPIOPortP7_Handler                       0x0000043f   Thumb Code     2  startup_tm4c123.o(.text)
    GPIOPortQ0_Handler                       0x00000441   Thumb Code     2  startup_tm4c123.o(.text)
    GPIOPortQ1_Handler                       0x00000443   Thumb Code     2  startup_tm4c123.o(.text)
    GPIOPortQ2_Handler                       0x00000445   Thumb Code     2  startup_tm4c123.o(.text)
    GPIOPortQ3_Handler                       0x00000447   Thumb Code     2  startup_tm4c123.o(.text)
    GPIOPortQ4_Handler                       0x00000449   Thumb Code     2  startup_tm4c123.o(.text)
    GPIOPortQ5_Handler                       0x0000044b   Thumb Code     2  startup_tm4c123.o(.text)
    GPIOPortQ6_Handler                       0x0000044d   Thumb Code     2  startup_tm4c123.o(.text)
    GPIOPortQ7_Handler                       0x0000044f   Thumb Code     2  startup_tm4c123.o(.text)
    GPIOPortR_Handler                        0x00000451   Thumb Code     2  startup_tm4c123.o(.text)
    GPIOPortS_Handler                        0x00000453   Thumb Code     2  startup_tm4c123.o(.text)
    PWM1Generator0_Handler                   0x00000455   Thumb Code     2  startup_tm4c123.o(.text)
    PWM1Generator1_Handler                   0x00000457   Thumb Code     2  startup_tm4c123.o(.text)
    PWM1Generator2_Handler                   0x00000459   Thumb Code     2  startup_tm4c123.o(.text)
    PWM1Generator3_Handler                   0x0000045b   Thumb Code     2  startup_tm4c123.o(.text)
    PWM1Fault_Handler                        0x0000045d   Thumb Code     2  startup_tm4c123.o(.text)
    DisableInterrupts                        0x00000465   Thumb Code     0  startup_tm4c123.o(.text)
    EnableInterrupts                         0x00000469   Thumb Code     0  startup_tm4c123.o(.text)
    StartCritical                            0x0000046d   Thumb Code     0  startup_tm4c123.o(.text)
    EndCritical                              0x00000475   Thumb Code     0  startup_tm4c123.o(.text)
    WaitForInterrupt                         0x0000047b   Thumb Code     0  startup_tm4c123.o(.text)
    __user_initial_stackheap                 0x0000047f   Thumb Code     0  startup_tm4c123.o(.text)
    __use_two_region_memory                  0x00000495   Thumb Code     2  heapauxi.o(.text)
    __rt_heap_escrow$2region                 0x00000497   Thumb Code     2  heapauxi.o(.text)
    __rt_heap_expand$2region                 0x00000499   Thumb Code     2  heapauxi.o(.text)
    __user_setup_stackheap                   0x0000049b   Thumb Code    74  sys_stackheap_outer.o(.text)
    exit                                     0x000004e5   Thumb Code    18  exit.o(.text)
    __user_libspace                          0x000004f9   Thumb Code     8  libspace.o(.text)
    __user_perproc_libspace                  0x000004f9   Thumb Code     0  libspace.o(.text)
    __user_perthread_libspace                0x000004f9   Thumb Code     0  libspace.o(.text)
    _sys_exit                                0x00000501   Thumb Code     8  sys_exit.o(.text)
    __I$use$semihosting                      0x0000050d   Thumb Code     0  use_no_semi.o(.text)
    __use_no_semihosting_swi                 0x0000050d   Thumb Code     2  use_no_semi.o(.text)
    __semihosting_library_function           0x0000050f   Thumb Code     0  indicate_semi.o(.text)
    BSP_Accelerometer_Init                   0x00000511   Thumb Code   156  bsp.o(i.BSP_Accelerometer_Init)
    BSP_Accelerometer_Input                  0x000005c1   Thumb Code    66  bsp.o(i.BSP_Accelerometer_Input)
    BSP_Button1_Init                         0x00000609   Thumb Code   112  bsp.o(i.BSP_Button1_Init)
    BSP_Button1_Input                        0x00000689   Thumb Code     8  bsp.o(i.BSP_Button1_Input)
    BSP_Button2_Init                         0x00000695   Thumb Code   124  bsp.o(i.BSP_Button2_Init)
    BSP_Buzzer_Init                          0x00000725   Thumb Code   184  bsp.o(i.BSP_Buzzer_Init)
    BSP_Buzzer_Set                           0x000007f9   Thumb Code    24  bsp.o(i.BSP_Buzzer_Set)
    BSP_Clock_GetFreq                        0x00000819   Thumb Code     6  bsp.o(i.BSP_Clock_GetFreq)
    BSP_Clock_InitFastest                    0x00000825   Thumb Code   126  bsp.o(i.BSP_Clock_InitFastest)
    BSP_LCD_Color565                         0x000008b1   Thumb Code    24  bsp.o(i.BSP_LCD_Color565)
    BSP_LCD_DrawChar                         0x000008c9   Thumb Code    26  bsp.o(i.BSP_LCD_DrawChar)
    BSP_LCD_DrawString                       0x000008e9   Thumb Code    86  bsp.o(i.BSP_LCD_DrawString)
    BSP_LCD_Drawaxes                         0x0000093f   Thumb Code    10  bsp.o(i.BSP_LCD_Drawaxes)
    BSP_LCD_FillScreen                       0x00000949   Thumb Code     2  bsp.o(i.BSP_LCD_FillScreen)
    BSP_LCD_Init                             0x0000094d   Thumb Code    16  bsp.o(i.BSP_LCD_Init)
    BSP_LCD_OutUDec4                         0x00000981   Thumb Code   116  bsp.o(i.BSP_LCD_OutUDec4)
    BSP_LCD_OutUFix2_1                       0x00000a09   Thumb Code    96  bsp.o(i.BSP_LCD_OutUFix2_1)
    BSP_LCD_PlotIncrement                    0x00000a79   Thumb Code     2  bsp.o(i.BSP_LCD_PlotIncrement)
    BSP_LCD_PlotPoint                        0x00000a7b   Thumb Code     2  bsp.o(i.BSP_LCD_PlotPoint)
    BSP_LCD_SetCursor                        0x00000a7d   Thumb Code   214  bsp.o(i.BSP_LCD_SetCursor)
    BSP_LightSensor_End                      0x00000b6d   Thumb Code    74  bsp.o(i.BSP_LightSensor_End)
    BSP_LightSensor_Init                     0x00000bc9   Thumb Code     8  bsp.o(i.BSP_LightSensor_Init)
    BSP_LightSensor_Start                    0x00000bd1   Thumb Code    24  bsp.o(i.BSP_LightSensor_Start)
    BSP_Microphone_Init                      0x00000bf1   Thumb Code   152  bsp.o(i.BSP_Microphone_Init)
    BSP_Microphone_Input                     0x00000c9d   Thumb Code    40  bsp.o(i.BSP_Microphone_Input)
    BSP_PeriodicTask_InitB                   0x00000cc9   Thumb Code   160  bsp.o(i.BSP_PeriodicTask_InitB)
    BSP_PeriodicTask_InitC                   0x00000d85   Thumb Code   160  bsp.o(i.BSP_PeriodicTask_InitC)
    BSP_RGB_Init                             0x00000e41   Thumb Code     2  bsp.o(i.BSP_RGB_Init)
    BSP_TempSensor_End                       0x00000e45   Thumb Code    78  bsp.o(i.BSP_TempSensor_End)
    BSP_TempSensor_Init                      0x00000ea5   Thumb Code     8  bsp.o(i.BSP_TempSensor_Init)
    BSP_TempSensor_Start                     0x00000ead   Thumb Code    24  bsp.o(i.BSP_TempSensor_Start)
    BSP_Time_Get                             0x00000ecd   Thumb Code    10  bsp.o(i.BSP_Time_Get)
    BSP_Time_Init                            0x00000edd   Thumb Code    94  bsp.o(i.BSP_Time_Init)
    BSP_UART0_OutChar                        0x00000f49   Thumb Code    20  bsp.o(i.BSP_UART0_OutChar)
    BSP_UART0_OutString                      0x00000f61   Thumb Code    24  bsp.o(i.BSP_UART0_OutString)
    GPIOPortD_Handler                        0x00000fe1   Thumb Code    34  os.o(i.GPIOPortD_Handler)
    Grader                                   0x0000100d   Thumb Code  1170  texas.o(i.Grader)
    LogicAnalyzer                            0x000014b9   Thumb Code    12  texas.o(i.LogicAnalyzer)
    NonrealTimeResults                       0x000014cd   Thumb Code    78  texas.o(i.NonrealTimeResults)
    OS_AddThreads                            0x0000156d   Thumb Code   262  os.o(i.OS_AddThreads)
    OS_EdgeTrigger_Init                      0x00001681   Thumb Code   202  os.o(i.OS_EdgeTrigger_Init)
    OS_EdgeTrigger_Restart                   0x00001769   Thumb Code    22  os.o(i.OS_EdgeTrigger_Restart)
    OS_FIFO_Get                              0x00001785   Thumb Code    42  os.o(i.OS_FIFO_Get)
    OS_FIFO_Init                             0x000017bd   Thumb Code    32  os.o(i.OS_FIFO_Init)
    OS_FIFO_Put                              0x000017ed   Thumb Code    68  os.o(i.OS_FIFO_Put)
    OS_Init                                  0x00001841   Thumb Code    24  os.o(i.OS_Init)
    OS_InitSemaphore                         0x0000185d   Thumb Code     4  os.o(i.OS_InitSemaphore)
    OS_Launch                                0x00001861   Thumb Code    48  os.o(i.OS_Launch)
    OS_PeriodTrigger0_Init                   0x00001895   Thumb Code    28  os.o(i.OS_PeriodTrigger0_Init)
    OS_PeriodTrigger1_Init                   0x000018bd   Thumb Code    28  os.o(i.OS_PeriodTrigger1_Init)
    OS_Signal                                0x000018e5   Thumb Code    46  os.o(i.OS_Signal)
    OS_Sleep                                 0x00001919   Thumb Code    16  os.o(i.OS_Sleep)
    OS_Suspend                               0x0000192d   Thumb Code    18  os.o(i.OS_Suspend)
    OS_Wait                                  0x00001945   Thumb Code    40  os.o(i.OS_Wait)
    PeriodicTask2_Init                       0x00001971   Thumb Code   164  texas.o(i.PeriodicTask2_Init)
    PeriodicTask2_Stop                       0x00001a2d   Thumb Code    14  texas.o(i.PeriodicTask2_Stop)
    Profile_Init                             0x00001a45   Thumb Code   418  profile.o(i.Profile_Init)
    RealTimeEvents                           0x00001c19   Thumb Code    86  os.o(i.RealTimeEvents)
    RealTimeResults                          0x00001c85   Thumb Code   108  texas.o(i.RealTimeResults)
    RealTimeResultsNoJitter                  0x00001d3d   Thumb Code    96  texas.o(i.RealTimeResultsNoJitter)
    Scheduler                                0x00001e01   Thumb Code    42  os.o(i.Scheduler)
    SetInitialStack                          0x00001efd   Thumb Code   328  os.o(i.SetInitialStack)
    Step1Test                                0x0000204d   Thumb Code   850  texas.o(i.Step1Test)
    Step2Test                                0x000023e9   Thumb Code   850  texas.o(i.Step2Test)
    Step3Test                                0x00002785   Thumb Code   738  texas.o(i.Step3Test)
    TExaS_Init                               0x00002ab5   Thumb Code   166  texas.o(i.TExaS_Init)
    TExaS_Stop                               0x00002c6d   Thumb Code     8  texas.o(i.TExaS_Stop)
    TExaS_Task0                              0x00002c75   Thumb Code    50  texas.o(i.TExaS_Task0)
    TExaS_Task1                              0x00002cb5   Thumb Code    50  texas.o(i.TExaS_Task1)
    TExaS_Task2                              0x00002cf5   Thumb Code    50  texas.o(i.TExaS_Task2)
    TExaS_Task3                              0x00002d35   Thumb Code    50  texas.o(i.TExaS_Task3)
    TExaS_Task4                              0x00002d75   Thumb Code    50  texas.o(i.TExaS_Task4)
    TExaS_Task5                              0x00002db5   Thumb Code    50  texas.o(i.TExaS_Task5)
    TExaS_Task6                              0x00002df5   Thumb Code    50  texas.o(i.TExaS_Task6)
    TIMER5A_Handler                          0x00002e35   Thumb Code    16  texas.o(i.TIMER5A_Handler)
    Task0                                    0x00002e4d   Thumb Code   134  lab4.o(i.Task0)
    Task1                                    0x00002efd   Thumb Code   174  lab4.o(i.Task1)
    Task2                                    0x00002fd9   Thumb Code   406  lab4.o(i.Task2)
    Task3                                    0x0000319d   Thumb Code   146  lab4.o(i.Task3)
    Task4                                    0x00003241   Thumb Code    90  lab4.o(i.Task4)
    Task5                                    0x000032a9   Thumb Code   310  lab4.o(i.Task5)
    Task6                                    0x00003435   Thumb Code    88  lab4.o(i.Task6)
    Task7                                    0x0000349d   Thumb Code    24  lab4.o(i.Task7)
    UART_Init                                0x000034b9   Thumb Code   148  texas.o(i.UART_Init)
    UART_OutChar                             0x0000355d   Thumb Code    20  texas.o(i.UART_OutChar)
    UART_OutString                           0x00003575   Thumb Code    24  texas.o(i.UART_OutString)
    UART_OutUDec                             0x0000358d   Thumb Code    42  texas.o(i.UART_OutUDec)
    UART_OutUDec7                            0x000035b9   Thumb Code    48  texas.o(i.UART_OutUDec7)
    UART_OutUFix1                            0x000035fd   Thumb Code    46  texas.o(i.UART_OutUFix1)
    WideTimer3A_Handler                      0x0000362d   Thumb Code    16  bsp.o(i.WideTimer3A_Handler)
    WideTimer4A_Handler                      0x00003645   Thumb Code    16  bsp.o(i.WideTimer4A_Handler)
    WideTimer5A_Handler                      0x0000365d   Thumb Code    16  bsp.o(i.WideTimer5A_Handler)
    drawaxes                                 0x00003749   Thumb Code   218  lab4.o(i.drawaxes)
    main                                     0x00003a8d   Thumb Code   236  lab4.o(i.main)
    sqrt32                                   0x00003bed   Thumb Code    30  lab4.o(i.sqrt32)
    Key                                      0x00003c8c   Data           8  texas.o(.constdata)
    Scramble                                 0x00003c94   Data          32  texas.o(.constdata)
    DeScramble                               0x00003cb4   Data          32  texas.o(.constdata)
    Region$$Table$$Base                      0x00003cd4   Number         0  anon$$obj.o(Region$$Table)
    Region$$Table$$Limit                     0x00003cf4   Number         0  anon$$obj.o(Region$$Table)
    Time                                     0x20000000   Data           4  lab4.o(.data)
    Steps                                    0x20000004   Data           4  lab4.o(.data)
    Magnitude                                0x20000008   Data           4  lab4.o(.data)
    EWMA                                     0x2000000c   Data           4  lab4.o(.data)
    SoundData                                0x20000010   Data           2  lab4.o(.data)
    SoundAvg                                 0x20000014   Data           4  lab4.o(.data)
    SoundRMS                                 0x20000018   Data           4  lab4.o(.data)
    LightData                                0x2000001c   Data           4  lab4.o(.data)
    TemperatureData                          0x20000020   Data           4  lab4.o(.data)
    NewData                                  0x20000024   Data           4  lab4.o(.data)
    LCDmutex                                 0x20000028   Data           4  lab4.o(.data)
    I2Cmutex                                 0x2000002c   Data           4  lab4.o(.data)
    ReDrawAxes                               0x20000030   Data           4  lab4.o(.data)
    PlotState                                0x20000034   Data           1  lab4.o(.data)
    TakeSoundData                            0x20000038   Data           4  lab4.o(.data)
    ADCmutex                                 0x2000003c   Data           4  lab4.o(.data)
    TakeAccelerationData                     0x20000040   Data           4  lab4.o(.data)
    LostTask1Data                            0x20000044   Data           4  lab4.o(.data)
    AccX                                     0x20000048   Data           2  lab4.o(.data)
    AccY                                     0x2000004a   Data           2  lab4.o(.data)
    AccZ                                     0x2000004c   Data           2  lab4.o(.data)
    AlgorithmState                           0x2000004e   Data           1  lab4.o(.data)
    SwitchTouch                              0x20000050   Data           4  lab4.o(.data)
    Count7                                   0x20000054   Data           4  lab4.o(.data)
    sAB                                      0x20000058   Data           4  lab4.o(.data)
    sCD                                      0x2000005c   Data           4  lab4.o(.data)
    sEF                                      0x20000060   Data           4  lab4.o(.data)
    CountA                                   0x20000064   Data           4  lab4.o(.data)
    CountB                                   0x20000068   Data           4  lab4.o(.data)
    CountC                                   0x2000006c   Data           4  lab4.o(.data)
    CountD                                   0x20000070   Data           4  lab4.o(.data)
    CountE                                   0x20000074   Data           4  lab4.o(.data)
    CountF                                   0x20000078   Data           4  lab4.o(.data)
    CountG                                   0x2000007c   Data           4  lab4.o(.data)
    CountH                                   0x20000080   Data           4  lab4.o(.data)
    sIJ                                      0x20000084   Data           4  lab4.o(.data)
    sKL                                      0x20000088   Data           4  lab4.o(.data)
    sMN                                      0x2000008c   Data           4  lab4.o(.data)
    sI                                       0x20000090   Data           4  lab4.o(.data)
    sK                                       0x20000094   Data           4  lab4.o(.data)
    CountI                                   0x20000098   Data           4  lab4.o(.data)
    CountJ                                   0x2000009c   Data           4  lab4.o(.data)
    CountK                                   0x200000a0   Data           4  lab4.o(.data)
    CountL                                   0x200000a4   Data           4  lab4.o(.data)
    CountM                                   0x200000a8   Data           4  lab4.o(.data)
    CountN                                   0x200000ac   Data           4  lab4.o(.data)
    CountO                                   0x200000b0   Data           4  lab4.o(.data)
    CountP                                   0x200000b4   Data           4  lab4.o(.data)
    sQR                                      0x200000b8   Data           4  lab4.o(.data)
    sQ                                       0x200000bc   Data           4  lab4.o(.data)
    CountQ                                   0x200000c0   Data           4  lab4.o(.data)
    CountR                                   0x200000c4   Data           4  lab4.o(.data)
    StX                                      0x200000d8   Data           4  bsp.o(.data)
    StY                                      0x200000dc   Data           4  bsp.o(.data)
    StTextColor                              0x200000e0   Data           2  bsp.o(.data)
    Messageindex                             0x200000e4   Data           4  bsp.o(.data)
    TimeIndex                                0x200000e8   Data           4  bsp.o(.data)
    Ymax                                     0x200000ec   Data           4  bsp.o(.data)
    Ymin                                     0x200000f0   Data           4  bsp.o(.data)
    Yrange                                   0x200000f4   Data           4  bsp.o(.data)
    PlotBGColor                              0x200000f8   Data           2  bsp.o(.data)
    PeriodicTask                             0x200000fc   Data           4  bsp.o(.data)
    PeriodicTaskB                            0x20000100   Data           4  bsp.o(.data)
    PeriodicTaskC                            0x20000104   Data           4  bsp.o(.data)
    LightBusy                                0x20000108   Data           4  bsp.o(.data)
    LightStart                               0x2000010c   Data           4  bsp.o(.data)
    LightCalls                               0x20000110   Data           4  bsp.o(.data)
    TempBusy                                 0x20000114   Data           4  bsp.o(.data)
    TempStart                                0x20000118   Data           4  bsp.o(.data)
    TempCalls                                0x2000011c   Data           4  bsp.o(.data)
    RunPt                                    0x2000012c   Data           4  os.o(.data)
    PutI                                     0x20000130   Data           4  os.o(.data)
    GetI                                     0x20000134   Data           4  os.o(.data)
    CurrentSize                              0x20000138   Data           4  os.o(.data)
    LostData                                 0x2000013c   Data           4  os.o(.data)
    PeriodicSemaphore0                       0x20000140   Data           4  os.o(.data)
    Period0                                  0x20000144   Data           4  os.o(.data)
    PeriodicSemaphore1                       0x20000148   Data           4  os.o(.data)
    Period1                                  0x2000014c   Data           4  os.o(.data)
    edgeSemaphore                            0x20000150   Data           4  os.o(.data)
    LogicData                                0x20000158   Data           1  texas.o(.data)
    Id                                       0x2000015c   Data           4  texas.o(.data)
    Index0                                   0x20000160   Data           4  texas.o(.data)
    Index1                                   0x20000164   Data           4  texas.o(.data)
    Index2                                   0x20000168   Data           4  texas.o(.data)
    Index3                                   0x2000016c   Data           4  texas.o(.data)
    Index4                                   0x20000170   Data           4  texas.o(.data)
    Index5                                   0x20000174   Data           4  texas.o(.data)
    Index6                                   0x20000178   Data           4  texas.o(.data)
    PeriodicTask2                            0x2000017c   Data           4  texas.o(.data)
    Messageindexb                            0x20000180   Data           4  texas.o(.data)
    Messageb                                 0x20000184   Data           8  texas.o(.data)
    SoundArray                               0x2000019c   Data        2000  lab4.o(.bss)
    Message                                  0x2000096c   Data          12  bsp.o(.bss)
    tcbs                                     0x20000978   Data         160  os.o(.bss)
    Stacks                                   0x20000a18   Data        3200  os.o(.bss)
    Fifo                                     0x20001698   Data          40  os.o(.bss)
    MagicCode                                0x200016c0   Data          10  texas.o(.bss)
    EncriptedMagicCode                       0x200016ca   Data          10  texas.o(.bss)
    TimeBuffer0                              0x200016d4   Data         400  texas.o(.bss)
    TimeBuffer1                              0x20001864   Data         400  texas.o(.bss)
    TimeBuffer2                              0x200019f4   Data         400  texas.o(.bss)
    TimeBuffer3                              0x20001b84   Data         400  texas.o(.bss)
    TimeBuffer4                              0x20001d14   Data          40  texas.o(.bss)
    TimeBuffer5                              0x20001d3c   Data          40  texas.o(.bss)
    TimeBuffer6                              0x20001d64   Data          40  texas.o(.bss)
    __libspace_start                         0x20001d8c   Data          96  libspace.o(.bss)
    __temporary_stack_top$libspace           0x20001dec   Data           0  libspace.o(.bss)



==============================================================================

Memory Map of the image

  Image Entry point : 0x00000371

  Load Region LR_1 (Base: 0x00000000, Size: 0x00003e90, Max: 0xffffffff, ABSOLUTE, COMPRESSED[0x00003d08])

    Execution Region ER_RO (Base: 0x00000000, Size: 0x00003cf4, Max: 0xffffffff, ABSOLUTE)

    Base Addr    Size         Type   Attr      Idx    E Section Name        Object

    0x00000000   0x0000026c   Data   RO         1090    RESET               startup_tm4c123.o
    0x0000026c   0x00000008   Code   RO         1162  * !!!main             c_w.l(__main.o)
    0x00000274   0x00000034   Code   RO         1321    !!!scatter          c_w.l(__scatter.o)
    0x000002a8   0x0000003a   Code   RO         1319    !!dczerorl          c_w.l(__dczerorl.o)
    0x000002e2   0x00000002   PAD
    0x000002e4   0x0000001c   Code   RO         1323    !!handler_zi        c_w.l(__scatter_zi.o)
    0x00000300   0x00000002   Code   RO         1189    .ARM.Collect$$libinit$$00000000  c_w.l(libinit.o)
    0x00000302   0x00000000   Code   RO         1196    .ARM.Collect$$libinit$$00000002  c_w.l(libinit2.o)
    0x00000302   0x00000000   Code   RO         1198    .ARM.Collect$$libinit$$00000004  c_w.l(libinit2.o)
    0x00000302   0x00000000   Code   RO         1201    .ARM.Collect$$libinit$$0000000A  c_w.l(libinit2.o)
    0x00000302   0x00000000   Code   RO         1203    .ARM.Collect$$libinit$$0000000C  c_w.l(libinit2.o)
    0x00000302   0x00000000   Code   RO         1205    .ARM.Collect$$libinit$$0000000E  c_w.l(libinit2.o)
    0x00000302   0x00000000   Code   RO         1208    .ARM.Collect$$libinit$$00000011  c_w.l(libinit2.o)
    0x00000302   0x00000000   Code   RO         1210    .ARM.Collect$$libinit$$00000013  c_w.l(libinit2.o)
    0x00000302   0x00000000   Code   RO         1212    .ARM.Collect$$libinit$$00000015  c_w.l(libinit2.o)
    0x00000302   0x00000000   Code   RO         1214    .ARM.Collect$$libinit$$00000017  c_w.l(libinit2.o)
    0x00000302   0x00000000   Code   RO         1216    .ARM.Collect$$libinit$$00000019  c_w.l(libinit2.o)
    0x00000302   0x00000000   Code   RO         1218    .ARM.Collect$$libinit$$0000001B  c_w.l(libinit2.o)
    0x00000302   0x00000000   Code   RO         1220    .ARM.Collect$$libinit$$0000001D  c_w.l(libinit2.o)
    0x00000302   0x00000000   Code   RO         1222    .ARM.Collect$$libinit$$0000001F  c_w.l(libinit2.o)
    0x00000302   0x00000000   Code   RO         1224    .ARM.Collect$$libinit$$00000021  c_w.l(libinit2.o)
    0x00000302   0x00000000   Code   RO         1226    .ARM.Collect$$libinit$$00000023  c_w.l(libinit2.o)
    0x00000302   0x00000000   Code   RO         1228    .ARM.Collect$$libinit$$00000025  c_w.l(libinit2.o)
    0x00000302   0x00000000   Code   RO         1232    .ARM.Collect$$libinit$$0000002C  c_w.l(libinit2.o)
    0x00000302   0x00000000   Code   RO         1234    .ARM.Collect$$libinit$$0000002E  c_w.l(libinit2.o)
    0x00000302   0x00000000   Code   RO         1236    .ARM.Collect$$libinit$$00000030  c_w.l(libinit2.o)
    0x00000302   0x00000000   Code   RO         1238    .ARM.Collect$$libinit$$00000032  c_w.l(libinit2.o)
    0x00000302   0x00000002   Code   RO         1239    .ARM.Collect$$libinit$$00000033  c_w.l(libinit2.o)
    0x00000304   0x00000002   Code   RO         1259    .ARM.Collect$$libshutdown$$00000000  c_w.l(libshutdown.o)
    0x00000306   0x00000000   Code   RO         1272    .ARM.Collect$$libshutdown$$00000002  c_w.l(libshutdown2.o)
    0x00000306   0x00000000   Code   RO         1274    .ARM.Collect$$libshutdown$$00000004  c_w.l(libshutdown2.o)
    0x00000306   0x00000000   Code   RO         1277    .ARM.Collect$$libshutdown$$00000007  c_w.l(libshutdown2.o)
    0x00000306   0x00000000   Code   RO         1280    .ARM.Collect$$libshutdown$$0000000A  c_w.l(libshutdown2.o)
    0x00000306   0x00000000   Code   RO         1282    .ARM.Collect$$libshutdown$$0000000C  c_w.l(libshutdown2.o)
    0x00000306   0x00000000   Code   RO         1285    .ARM.Collect$$libshutdown$$0000000F  c_w.l(libshutdown2.o)
    0x00000306   0x00000002   Code   RO         1286    .ARM.Collect$$libshutdown$$00000010  c_w.l(libshutdown2.o)
    0x00000308   0x00000000   Code   RO         1164    .ARM.Collect$$rtentry$$00000000  c_w.l(__rtentry.o)
    0x00000308   0x00000000   Code   RO         1166    .ARM.Collect$$rtentry$$00000002  c_w.l(__rtentry2.o)
    0x00000308   0x00000006   Code   RO         1178    .ARM.Collect$$rtentry$$00000004  c_w.l(__rtentry4.o)
    0x0000030e   0x00000000   Code   RO         1168    .ARM.Collect$$rtentry$$00000009  c_w.l(__rtentry2.o)
    0x0000030e   0x00000004   Code   RO         1169    .ARM.Collect$$rtentry$$0000000A  c_w.l(__rtentry2.o)
    0x00000312   0x00000000   Code   RO         1171    .ARM.Collect$$rtentry$$0000000C  c_w.l(__rtentry2.o)
    0x00000312   0x00000008   Code   RO         1172    .ARM.Collect$$rtentry$$0000000D  c_w.l(__rtentry2.o)
    0x0000031a   0x00000002   Code   RO         1193    .ARM.Collect$$rtexit$$00000000  c_w.l(rtexit.o)
    0x0000031c   0x00000000   Code   RO         1241    .ARM.Collect$$rtexit$$00000002  c_w.l(rtexit2.o)
    0x0000031c   0x00000004   Code   RO         1242    .ARM.Collect$$rtexit$$00000003  c_w.l(rtexit2.o)
    0x00000320   0x00000006   Code   RO         1243    .ARM.Collect$$rtexit$$00000004  c_w.l(rtexit2.o)
    0x00000326   0x00000002   PAD
    0x00000328   0x00000048   Code   RO          660    .text               osasm.o
    0x00000370   0x00000124   Code   RO         1091  * .text               startup_tm4c123.o
    0x00000494   0x00000006   Code   RO         1160    .text               c_w.l(heapauxi.o)
    0x0000049a   0x0000004a   Code   RO         1180    .text               c_w.l(sys_stackheap_outer.o)
    0x000004e4   0x00000012   Code   RO         1182    .text               c_w.l(exit.o)
    0x000004f6   0x00000002   PAD
    0x000004f8   0x00000008   Code   RO         1190    .text               c_w.l(libspace.o)
    0x00000500   0x0000000c   Code   RO         1251    .text               c_w.l(sys_exit.o)
    0x0000050c   0x00000002   Code   RO         1262    .text               c_w.l(use_no_semi.o)
    0x0000050e   0x00000000   Code   RO         1264    .text               c_w.l(indicate_semi.o)
    0x0000050e   0x00000002   PAD
    0x00000510   0x000000b0   Code   RO          222    i.BSP_Accelerometer_Init  bsp.o
    0x000005c0   0x00000048   Code   RO          223    i.BSP_Accelerometer_Input  bsp.o
    0x00000608   0x00000080   Code   RO          224    i.BSP_Button1_Init  bsp.o
    0x00000688   0x0000000c   Code   RO          225    i.BSP_Button1_Input  bsp.o
    0x00000694   0x00000090   Code   RO          226    i.BSP_Button2_Init  bsp.o
    0x00000724   0x000000d4   Code   RO          228    i.BSP_Buzzer_Init   bsp.o
    0x000007f8   0x00000020   Code   RO          229    i.BSP_Buzzer_Set    bsp.o
    0x00000818   0x0000000c   Code   RO          230    i.BSP_Clock_GetFreq  bsp.o
    0x00000824   0x0000008c   Code   RO          231    i.BSP_Clock_InitFastest  bsp.o
    0x000008b0   0x00000018   Code   RO          235    i.BSP_LCD_Color565  bsp.o
    0x000008c8   0x00000020   Code   RO          237    i.BSP_LCD_DrawChar  bsp.o
    0x000008e8   0x00000056   Code   RO          242    i.BSP_LCD_DrawString  bsp.o
    0x0000093e   0x0000000a   Code   RO          243    i.BSP_LCD_Drawaxes  bsp.o
    0x00000948   0x00000002   Code   RO          245    i.BSP_LCD_FillScreen  bsp.o
    0x0000094a   0x00000002   PAD
    0x0000094c   0x00000034   Code   RO          246    i.BSP_LCD_Init      bsp.o
    0x00000980   0x00000088   Code   RO          248    i.BSP_LCD_OutUDec4  bsp.o
    0x00000a08   0x00000070   Code   RO          250    i.BSP_LCD_OutUFix2_1  bsp.o
    0x00000a78   0x00000002   Code   RO          252    i.BSP_LCD_PlotIncrement  bsp.o
    0x00000a7a   0x00000002   Code   RO          253    i.BSP_LCD_PlotPoint  bsp.o
    0x00000a7c   0x000000f0   Code   RO          254    i.BSP_LCD_SetCursor  bsp.o
    0x00000b6c   0x0000005c   Code   RO          256    i.BSP_LightSensor_End  bsp.o
    0x00000bc8   0x00000008   Code   RO          257    i.BSP_LightSensor_Init  bsp.o
    0x00000bd0   0x00000020   Code   RO          259    i.BSP_LightSensor_Start  bsp.o
    0x00000bf0   0x000000ac   Code   RO          260    i.BSP_Microphone_Init  bsp.o
    0x00000c9c   0x0000002c   Code   RO          261    i.BSP_Microphone_Input  bsp.o
    0x00000cc8   0x000000bc   Code   RO          263    i.BSP_PeriodicTask_InitB  bsp.o
    0x00000d84   0x000000bc   Code   RO          264    i.BSP_PeriodicTask_InitC  bsp.o
    0x00000e40   0x00000002   Code   RO          271    i.BSP_RGB_Init      bsp.o
    0x00000e42   0x00000002   PAD
    0x00000e44   0x00000060   Code   RO          273    i.BSP_TempSensor_End  bsp.o
    0x00000ea4   0x00000008   Code   RO          274    i.BSP_TempSensor_Init  bsp.o
    0x00000eac   0x00000020   Code   RO          276    i.BSP_TempSensor_Start  bsp.o
    0x00000ecc   0x00000010   Code   RO          277    i.BSP_Time_Get      bsp.o
    0x00000edc   0x0000006c   Code   RO          278    i.BSP_Time_Init     bsp.o
    0x00000f48   0x00000018   Code   RO          279    i.BSP_UART0_OutChar  bsp.o
    0x00000f60   0x00000018   Code   RO          280    i.BSP_UART0_OutString  bsp.o
    0x00000f78   0x00000068   Code   RO          813    i.Encrypt           texas.o
    0x00000fe0   0x0000002c   Code   RO          663    i.GPIOPortD_Handler  os.o
    0x0000100c   0x000004ac   Code   RO          814    i.Grader            texas.o
    0x000014b8   0x00000014   Code   RO          815    i.LogicAnalyzer     texas.o
    0x000014cc   0x000000a0   Code   RO          816    i.NonrealTimeResults  texas.o
    0x0000156c   0x00000114   Code   RO          664    i.OS_AddThreads     os.o
    0x00001680   0x000000e8   Code   RO          665    i.OS_EdgeTrigger_Init  os.o
    0x00001768   0x0000001c   Code   RO          666    i.OS_EdgeTrigger_Restart  os.o
    0x00001784   0x00000038   Code   RO          667    i.OS_FIFO_Get       os.o
    0x000017bc   0x00000030   Code   RO          668    i.OS_FIFO_Init      os.o
    0x000017ec   0x00000054   Code   RO          669    i.OS_FIFO_Put       os.o
    0x00001840   0x0000001c   Code   RO          670    i.OS_Init           os.o
    0x0000185c   0x00000004   Code   RO          671    i.OS_InitSemaphore  os.o
    0x00001860   0x00000034   Code   RO          672    i.OS_Launch         os.o
    0x00001894   0x00000028   Code   RO          673    i.OS_PeriodTrigger0_Init  os.o
    0x000018bc   0x00000028   Code   RO          674    i.OS_PeriodTrigger1_Init  os.o
    0x000018e4   0x00000034   Code   RO          675    i.OS_Signal         os.o
    0x00001918   0x00000014   Code   RO          676    i.OS_Sleep          os.o
    0x0000192c   0x00000018   Code   RO          677    i.OS_Suspend        os.o
    0x00001944   0x0000002c   Code   RO          678    i.OS_Wait           os.o
    0x00001970   0x000000bc   Code   RO          817    i.PeriodicTask2_Init  texas.o
    0x00001a2c   0x00000018   Code   RO          818    i.PeriodicTask2_Stop  texas.o
    0x00001a44   0x000001d4   Code   RO          796    i.Profile_Init      profile.o
    0x00001c18   0x0000006c   Code   RO          679    i.RealTimeEvents    os.o
    0x00001c84   0x000000b8   Code   RO          819    i.RealTimeResults   texas.o
    0x00001d3c   0x000000b4   Code   RO          820    i.RealTimeResultsNoJitter  texas.o
    0x00001df0   0x00000010   Code   RO          281    i.ST7735_InitR      bsp.o
    0x00001e00   0x00000030   Code   RO          680    i.Scheduler         os.o
    0x00001e30   0x000000cc   Code   RO          821    i.SetGrade          texas.o
    0x00001efc   0x00000150   Code   RO          681    i.SetInitialStack   os.o
    0x0000204c   0x0000039c   Code   RO          822    i.Step1Test         texas.o
    0x000023e8   0x0000039c   Code   RO          823    i.Step2Test         texas.o
    0x00002784   0x00000330   Code   RO          824    i.Step3Test         texas.o
    0x00002ab4   0x000001b8   Code   RO          825    i.TExaS_Init        texas.o
    0x00002c6c   0x00000008   Code   RO          826    i.TExaS_Stop        texas.o
    0x00002c74   0x00000040   Code   RO          827    i.TExaS_Task0       texas.o
    0x00002cb4   0x00000040   Code   RO          828    i.TExaS_Task1       texas.o
    0x00002cf4   0x00000040   Code   RO          829    i.TExaS_Task2       texas.o
    0x00002d34   0x00000040   Code   RO          830    i.TExaS_Task3       texas.o
    0x00002d74   0x00000040   Code   RO          831    i.TExaS_Task4       texas.o
    0x00002db4   0x00000040   Code   RO          832    i.TExaS_Task5       texas.o
    0x00002df4   0x00000040   Code   RO          833    i.TExaS_Task6       texas.o
    0x00002e34   0x00000018   Code   RO          834    i.TIMER5A_Handler   texas.o
    0x00002e4c   0x000000b0   Code   RO            1    i.Task0             lab4.o
    0x00002efc   0x000000dc   Code   RO            2    i.Task1             lab4.o
    0x00002fd8   0x000001c4   Code   RO            3    i.Task2             lab4.o
    0x0000319c   0x000000a4   Code   RO            4    i.Task3             lab4.o
    0x00003240   0x00000068   Code   RO            5    i.Task4             lab4.o
    0x000032a8   0x0000018c   Code   RO            6    i.Task5             lab4.o
    0x00003434   0x00000068   Code   RO            7    i.Task6             lab4.o
    0x0000349c   0x0000001c   Code   RO            8    i.Task7             lab4.o
    0x000034b8   0x000000a4   Code   RO          840    i.UART_Init         texas.o
    0x0000355c   0x00000018   Code   RO          841    i.UART_OutChar      texas.o
    0x00003574   0x00000018   Code   RO          843    i.UART_OutString    texas.o
    0x0000358c   0x0000002a   Code   RO          844    i.UART_OutUDec      texas.o
    0x000035b6   0x00000002   PAD
    0x000035b8   0x00000044   Code   RO          848    i.UART_OutUDec7     texas.o
    0x000035fc   0x0000002e   Code   RO          849    i.UART_OutUFix1     texas.o
    0x0000362a   0x00000002   PAD
    0x0000362c   0x00000018   Code   RO          282    i.WideTimer3A_Handler  bsp.o
    0x00003644   0x00000018   Code   RO          283    i.WideTimer4A_Handler  bsp.o
    0x0000365c   0x00000018   Code   RO          284    i.WideTimer5A_Handler  bsp.o
    0x00003674   0x0000004c   Code   RO          285    i.adcinit           bsp.o
    0x000036c0   0x00000088   Code   RO          286    i.commonInit        bsp.o
    0x00003748   0x00000114   Code   RO           27    i.drawaxes          lab4.o
    0x0000385c   0x00000048   Code   RO          287    i.fillmessage       bsp.o
    0x000038a4   0x00000060   Code   RO          288    i.fillmessage2_1    bsp.o
    0x00003904   0x00000064   Code   RO          290    i.fillmessage4      bsp.o
    0x00003968   0x000000c4   Code   RO          854    i.fillmessage7b     texas.o
    0x00003a2c   0x00000048   Code   RO          855    i.fillmessageb      texas.o
    0x00003a74   0x00000018   Code   RO          292    i.i2cinit           bsp.o
    0x00003a8c   0x00000128   Code   RO           28    i.main              lab4.o
    0x00003bb4   0x00000038   Code   RO          682    i.runperiodicevents  os.o
    0x00003bec   0x0000001e   Code   RO           32    i.sqrt32            lab4.o
    0x00003c0a   0x00000080   Data   RO          294    .constdata          bsp.o
    0x00003c8a   0x00000002   PAD
    0x00003c8c   0x00000048   Data   RO          857    .constdata          texas.o
    0x00003cd4   0x00000020   Data   RO         1317    Region$$Table       anon$$obj.o


    Execution Region ER_RW (Base: 0x20000000, Size: 0x0000019c, Max: 0xffffffff, ABSOLUTE, COMPRESSED[0x00000014])

    Base Addr    Size         Type   Attr      Idx    E Section Name        Object

    0x20000000   0x000000d0   Data   RW           34    .data               lab4.o
    0x200000d0   0x0000005c   Data   RW          295    .data               bsp.o
    0x2000012c   0x0000002c   Data   RW          684    .data               os.o
    0x20000158   0x00000044   Data   RW          858    .data               texas.o


    Execution Region ER_ZI (Base: 0x2000019c, Size: 0x00001e54, Max: 0xffffffff, ABSOLUTE)

    Base Addr    Size         Type   Attr      Idx    E Section Name        Object

    0x2000019c   0x000007d0   Zero   RW           33    .bss                lab4.o
    0x2000096c   0x0000000c   Zero   RW          293    .bss                bsp.o
    0x20000978   0x00000d48   Zero   RW          683    .bss                os.o
    0x200016c0   0x000006cc   Zero   RW          856    .bss                texas.o
    0x20001d8c   0x00000060   Zero   RW         1191    .bss                c_w.l(libspace.o)
    0x20001dec   0x00000004   PAD
    0x20001df0   0x00000000   Zero   RW         1089    HEAP                startup_tm4c123.o
    0x20001df0   0x00000200   Zero   RW         1088    STACK               startup_tm4c123.o


==============================================================================

Image component sizes


      Code (inc. data)   RO Data    RW Data    ZI Data      Debug   Object Name

      3252        476        128         92         12      26090   bsp.o
      2246        390          0        208       2000      13085   lab4.o
      1620        200          0         44       3400      11354   os.o
        72          4          0          0          0        244   osasm.o
       468         50          0          0          0        539   profile.o
       292         18        620          0        512       5676   startup_tm4c123.o
      6480       1120         72         68       1740      24851   texas.o

    ----------------------------------------------------------------------
     14438       2258        854        412       7664      81839   Object Totals
         0          0         32          0          0          0   (incl. Generated)
         8          0          2          0          0          0   (incl. Padding)

    ----------------------------------------------------------------------

      Code (inc. data)   RO Data    RW Data    ZI Data      Debug   Library Member Name

        58          0          0          0          0          0   __dczerorl.o
         8          0          0          0          0         68   __main.o
         0          0          0          0          0          0   __rtentry.o
        12          0          0          0          0          0   __rtentry2.o
         6          0          0          0          0          0   __rtentry4.o
        52          8          0          0          0          0   __scatter.o
        28          0          0          0          0          0   __scatter_zi.o
        18          0          0          0          0         80   exit.o
         6          0          0          0          0        152   heapauxi.o
         0          0          0          0          0          0   indicate_semi.o
         2          0          0          0          0          0   libinit.o
         2          0          0          0          0          0   libinit2.o
         2          0          0          0          0          0   libshutdown.o
         2          0          0          0          0          0   libshutdown2.o
         8          4          0          0         96         68   libspace.o
         2          0          0          0          0          0   rtexit.o
        10          0          0          0          0          0   rtexit2.o
        12          4          0          0          0         68   sys_exit.o
        74          0          0          0          0         80   sys_stackheap_outer.o
         2          0          0          0          0         68   use_no_semi.o

    ----------------------------------------------------------------------
       312         16          0          0        100        584   Library Totals
         8          0          0          0          4          0   (incl. Padding)

    ----------------------------------------------------------------------

      Code (inc. data)   RO Data    RW Data    ZI Data      Debug   Library Name

       304         16          0          0         96        584   c_w.l

    ----------------------------------------------------------------------
       312         16          0          0        100        584   Library Totals

    ----------------------------------------------------------------------

==============================================================================


      Code (inc. data)   RO Data    RW Data    ZI Data      Debug   

     14750       2274        854        412       7764      76959   Grand Totals
     14750       2274        854         20       7764      76959   ELF Image Totals (compressed)
     14750       2274        854         20          0          0   ROM Totals

==============================================================================

    Total RO  Size (Code + RO Data)                15604 (  15.24kB)
    Total RW  Size (RW Data + ZI Data)              8176 (   7.98kB)
    Total ROM Size (Code + RO Data + RW Data)      15624 (  15.26kB)

==============================================================================

