Component: ARM Compiler 5.06 update 2 (build 183) Tool: armlink [4d35b7]

==============================================================================

Section Cross References

    bsp.o(i.BSP_Accelerometer_Init) refers to bsp.o(i.adcinit) for adcinit
    bsp.o(i.BSP_Buzzer_Init) refers to bsp.o(.data) for ClockFrequency
    bsp.o(i.BSP_Buzzer_Set) refers to bsp.o(.data) for PWMCycles
    bsp.o(i.BSP_Clock_GetFreq) refers to bsp.o(.data) for ClockFrequency
    bsp.o(i.BSP_Clock_InitFastest) refers to bsp.o(.data) for ClockFrequency
    bsp.o(i.BSP_Delay1ms) refers to bsp.o(.emb_text) for parrotdelay
    bsp.o(i.BSP_Joystick_Init) refers to bsp.o(i.adcinit) for adcinit
    bsp.o(i.BSP_LCD_DrawString) refers to bsp.o(i.BSP_LCD_DrawChar) for BSP_LCD_DrawChar
    bsp.o(i.BSP_LCD_Init) refers to bsp.o(i.ST7735_InitR) for ST7735_InitR
    bsp.o(i.BSP_LCD_OutUDec) refers to bsp.o(i.fillmessage) for fillmessage
    bsp.o(i.BSP_LCD_OutUDec) refers to bsp.o(i.BSP_LCD_DrawString) for BSP_LCD_DrawString
    bsp.o(i.BSP_LCD_OutUDec) refers to bsp.o(i.BSP_LCD_DrawChar) for BSP_LCD_DrawChar
    bsp.o(i.BSP_LCD_OutUDec) refers to bsp.o(.data) for StTextColor
    bsp.o(i.BSP_LCD_OutUDec) refers to bsp.o(.bss) for Message
    bsp.o(i.BSP_LCD_OutUDec4) refers to bsp.o(i.fillmessage4) for fillmessage4
    bsp.o(i.BSP_LCD_OutUDec4) refers to bsp.o(i.BSP_LCD_DrawString) for BSP_LCD_DrawString
    bsp.o(i.BSP_LCD_OutUDec4) refers to bsp.o(i.BSP_LCD_DrawChar) for BSP_LCD_DrawChar
    bsp.o(i.BSP_LCD_OutUDec4) refers to bsp.o(.data) for Messageindex
    bsp.o(i.BSP_LCD_OutUDec4) refers to bsp.o(.bss) for Message
    bsp.o(i.BSP_LCD_OutUDec5) refers to bsp.o(i.fillmessage5) for fillmessage5
    bsp.o(i.BSP_LCD_OutUDec5) refers to bsp.o(i.BSP_LCD_DrawString) for BSP_LCD_DrawString
    bsp.o(i.BSP_LCD_OutUDec5) refers to bsp.o(i.BSP_LCD_DrawChar) for BSP_LCD_DrawChar
    bsp.o(i.BSP_LCD_OutUDec5) refers to bsp.o(.data) for Messageindex
    bsp.o(i.BSP_LCD_OutUDec5) refers to bsp.o(.bss) for Message
    bsp.o(i.BSP_LCD_OutUFix2_1) refers to bsp.o(i.fillmessage2_1) for fillmessage2_1
    bsp.o(i.BSP_LCD_OutUFix2_1) refers to bsp.o(i.BSP_LCD_DrawString) for BSP_LCD_DrawString
    bsp.o(i.BSP_LCD_OutUFix2_1) refers to bsp.o(i.BSP_LCD_DrawChar) for BSP_LCD_DrawChar
    bsp.o(i.BSP_LCD_OutUFix2_1) refers to bsp.o(.data) for StY
    bsp.o(i.BSP_LCD_OutUFix2_1) refers to bsp.o(.bss) for Message
    bsp.o(i.BSP_LCD_OutUHex2) refers to bsp.o(i.fillmessage2_Hex) for fillmessage2_Hex
    bsp.o(i.BSP_LCD_OutUHex2) refers to bsp.o(i.BSP_LCD_DrawString) for BSP_LCD_DrawString
    bsp.o(i.BSP_LCD_OutUHex2) refers to bsp.o(i.BSP_LCD_DrawChar) for BSP_LCD_DrawChar
    bsp.o(i.BSP_LCD_OutUHex2) refers to bsp.o(.data) for StY
    bsp.o(i.BSP_LCD_OutUHex2) refers to bsp.o(.bss) for Message
    bsp.o(i.BSP_LCD_SetCursor) refers to bsp.o(i.BSP_LCD_DrawChar) for BSP_LCD_DrawChar
    bsp.o(i.BSP_LCD_SetCursor) refers to bsp.o(.data) for StX
    bsp.o(i.BSP_LightSensor_End) refers to bsp.o(i.BSP_Time_Get) for BSP_Time_Get
    bsp.o(i.BSP_LightSensor_End) refers to bsp.o(.data) for LightBusy
    bsp.o(i.BSP_LightSensor_Init) refers to bsp.o(i.i2cinit) for i2cinit
    bsp.o(i.BSP_LightSensor_Input) refers to bsp.o(i.BSP_Time_Get) for BSP_Time_Get
    bsp.o(i.BSP_LightSensor_Input) refers to bsp.o(.data) for LightBusy
    bsp.o(i.BSP_LightSensor_Start) refers to bsp.o(i.BSP_Time_Get) for BSP_Time_Get
    bsp.o(i.BSP_LightSensor_Start) refers to bsp.o(.data) for LightBusy
    bsp.o(i.BSP_Microphone_Init) refers to bsp.o(i.adcinit) for adcinit
    bsp.o(i.BSP_PeriodicTask_Init) refers to startup_tm4c123.o(.text) for StartCritical
    bsp.o(i.BSP_PeriodicTask_Init) refers to bsp.o(.data) for PeriodicTask
    bsp.o(i.BSP_PeriodicTask_InitB) refers to startup_tm4c123.o(.text) for StartCritical
    bsp.o(i.BSP_PeriodicTask_InitB) refers to bsp.o(.data) for PeriodicTaskB
    bsp.o(i.BSP_PeriodicTask_InitC) refers to startup_tm4c123.o(.text) for StartCritical
    bsp.o(i.BSP_PeriodicTask_InitC) refers to bsp.o(.data) for PeriodicTaskC
    bsp.o(i.BSP_TempSensor_End) refers to bsp.o(i.BSP_Time_Get) for BSP_Time_Get
    bsp.o(i.BSP_TempSensor_End) refers to bsp.o(.data) for TempBusy
    bsp.o(i.BSP_TempSensor_Init) refers to bsp.o(i.i2cinit) for i2cinit
    bsp.o(i.BSP_TempSensor_Input) refers to bsp.o(i.BSP_Time_Get) for BSP_Time_Get
    bsp.o(i.BSP_TempSensor_Input) refers to bsp.o(.data) for TempBusy
    bsp.o(i.BSP_TempSensor_Start) refers to bsp.o(i.BSP_Time_Get) for BSP_Time_Get
    bsp.o(i.BSP_TempSensor_Start) refers to bsp.o(.data) for TempBusy
    bsp.o(i.BSP_Time_Init) refers to startup_tm4c123.o(.text) for StartCritical
    bsp.o(i.BSP_UART0_OutString) refers to bsp.o(i.BSP_UART0_OutChar) for BSP_UART0_OutChar
    bsp.o(i.ST7735_InitR) refers to bsp.o(i.commonInit) for commonInit
    bsp.o(i.ST7735_InitR) refers to bsp.o(.constdata) for Rcmd1
    bsp.o(i.WideTimer3A_Handler) refers to bsp.o(.data) for PeriodicTaskC
    bsp.o(i.WideTimer4A_Handler) refers to bsp.o(.data) for PeriodicTaskB
    bsp.o(i.WideTimer5A_Handler) refers to bsp.o(.data) for PeriodicTask
    bsp.o(i.fillmessage) refers to bsp.o(.bss) for Message
    bsp.o(i.fillmessage) refers to bsp.o(.data) for Messageindex
    bsp.o(i.fillmessage2_1) refers to bsp.o(.bss) for Message
    bsp.o(i.fillmessage2_Hex) refers to bsp.o(.bss) for Message
    bsp.o(i.fillmessage4) refers to bsp.o(i.fillmessage) for fillmessage
    bsp.o(i.fillmessage4) refers to bsp.o(.data) for Messageindex
    bsp.o(i.fillmessage4) refers to bsp.o(.bss) for Message
    bsp.o(i.fillmessage5) refers to bsp.o(i.fillmessage) for fillmessage
    bsp.o(i.fillmessage5) refers to bsp.o(.data) for Messageindex
    bsp.o(i.fillmessage5) refers to bsp.o(.bss) for Message
    bsp.o(i.i2cinit) refers to bsp.o(i.BSP_Time_Init) for BSP_Time_Init
    os.o(i.OS_AddThreads) refers to startup_tm4c123.o(.text) for StartCritical
    os.o(i.OS_AddThreads) refers to os.o(i.SetInitialStack) for SetInitialStack
    os.o(i.OS_AddThreads) refers to os.o(.bss) for tcbs
    os.o(i.OS_AddThreads) refers to os.o(.data) for RunPt
    os.o(i.OS_Init) refers to startup_tm4c123.o(.text) for DisableInterrupts
    os.o(i.OS_Init) refers to bsp.o(i.BSP_Clock_InitFastest) for BSP_Clock_InitFastest
    os.o(i.OS_Launch) refers to osasm.o(.text) for StartOS
    os.o(i.SetInitialStack) refers to os.o(.bss) for Stacks
    osasm.o(.text) refers to os.o(.data) for RunPt
    user.o(i.Task0) refers to user.o(.data) for Count0
    user.o(i.Task1) refers to user.o(.data) for Count1
    user.o(i.Task2) refers to user.o(.data) for Count2
    user.o(i.main) refers to os.o(i.OS_Init) for OS_Init
    user.o(i.main) refers to profile.o(i.Profile_Init) for Profile_Init
    user.o(i.main) refers to os.o(i.OS_AddThreads) for OS_AddThreads
    user.o(i.main) refers to bsp.o(i.BSP_Clock_GetFreq) for BSP_Clock_GetFreq
    user.o(i.main) refers to os.o(i.OS_Launch) for OS_Launch
    user.o(i.main) refers to user.o(i.Task2) for Task2
    user.o(i.main) refers to user.o(i.Task1) for Task1
    user.o(i.main) refers to user.o(i.Task0) for Task0
    startup_tm4c123.o(STACK) refers (Special) to heapauxi.o(.text) for __use_two_region_memory
    startup_tm4c123.o(HEAP) refers (Special) to heapauxi.o(.text) for __use_two_region_memory
    startup_tm4c123.o(RESET) refers (Special) to heapauxi.o(.text) for __use_two_region_memory
    startup_tm4c123.o(RESET) refers to startup_tm4c123.o(STACK) for __initial_sp
    startup_tm4c123.o(RESET) refers to startup_tm4c123.o(.text) for Reset_Handler
    startup_tm4c123.o(RESET) refers to osasm.o(.text) for SysTick_Handler
    startup_tm4c123.o(RESET) refers to bsp.o(i.WideTimer3A_Handler) for WideTimer3A_Handler
    startup_tm4c123.o(RESET) refers to bsp.o(i.WideTimer4A_Handler) for WideTimer4A_Handler
    startup_tm4c123.o(RESET) refers to bsp.o(i.WideTimer5A_Handler) for WideTimer5A_Handler
    startup_tm4c123.o(.text) refers (Special) to heapauxi.o(.text) for __use_two_region_memory
    startup_tm4c123.o(.text) refers to __main.o(!!!main) for __main
    startup_tm4c123.o(.text) refers to startup_tm4c123.o(HEAP) for Heap_Mem
    startup_tm4c123.o(.text) refers to startup_tm4c123.o(STACK) for Stack_Mem
    system_tm4c123.o(i.SystemCoreClockUpdate) refers to system_tm4c123.o(i.getOscClk) for getOscClk
    system_tm4c123.o(i.SystemCoreClockUpdate) refers to system_tm4c123.o(.data) for SystemCoreClock
    __main.o(!!!main) refers to __rtentry.o(.ARM.Collect$$rtentry$$00000000) for __rt_entry
    __rtentry.o(.ARM.Collect$$rtentry$$00000000) refers (Special) to __rtentry2.o(.ARM.Collect$$rtentry$$0000000A) for __rt_entry_li
    __rtentry.o(.ARM.Collect$$rtentry$$00000000) refers (Special) to __rtentry2.o(.ARM.Collect$$rtentry$$0000000D) for __rt_entry_main
    __rtentry.o(.ARM.Collect$$rtentry$$00000000) refers (Special) to __rtentry2.o(.ARM.Collect$$rtentry$$0000000C) for __rt_entry_postli_1
    __rtentry.o(.ARM.Collect$$rtentry$$00000000) refers (Special) to __rtentry2.o(.ARM.Collect$$rtentry$$00000009) for __rt_entry_postsh_1
    __rtentry.o(.ARM.Collect$$rtentry$$00000000) refers (Special) to __rtentry2.o(.ARM.Collect$$rtentry$$00000002) for __rt_entry_presh_1
    __rtentry.o(.ARM.Collect$$rtentry$$00000000) refers (Special) to __rtentry4.o(.ARM.Collect$$rtentry$$00000004) for __rt_entry_sh
    __rtentry2.o(.ARM.Collect$$rtentry$$00000008) refers to boardinit2.o(.text) for _platform_post_stackheap_init
    __rtentry2.o(.ARM.Collect$$rtentry$$0000000A) refers to libinit.o(.ARM.Collect$$libinit$$00000000) for __rt_lib_init
    __rtentry2.o(.ARM.Collect$$rtentry$$0000000B) refers to boardinit3.o(.text) for _platform_post_lib_init
    __rtentry2.o(.ARM.Collect$$rtentry$$0000000D) refers to user.o(i.main) for main
    __rtentry2.o(.ARM.Collect$$rtentry$$0000000D) refers to exit.o(.text) for exit
    __rtentry2.o(.ARM.exidx) refers to __rtentry2.o(.ARM.Collect$$rtentry$$00000001) for .ARM.Collect$$rtentry$$00000001
    __rtentry2.o(.ARM.exidx) refers to __rtentry2.o(.ARM.Collect$$rtentry$$00000008) for .ARM.Collect$$rtentry$$00000008
    __rtentry2.o(.ARM.exidx) refers to __rtentry2.o(.ARM.Collect$$rtentry$$0000000A) for .ARM.Collect$$rtentry$$0000000A
    __rtentry2.o(.ARM.exidx) refers to __rtentry2.o(.ARM.Collect$$rtentry$$0000000B) for .ARM.Collect$$rtentry$$0000000B
    __rtentry2.o(.ARM.exidx) refers to __rtentry2.o(.ARM.Collect$$rtentry$$0000000D) for .ARM.Collect$$rtentry$$0000000D
    __rtentry4.o(.ARM.Collect$$rtentry$$00000004) refers to sys_stackheap_outer.o(.text) for __user_setup_stackheap
    __rtentry4.o(.ARM.exidx) refers to __rtentry4.o(.ARM.Collect$$rtentry$$00000004) for .ARM.Collect$$rtentry$$00000004
    sys_stackheap_outer.o(.text) refers to libspace.o(.text) for __user_perproc_libspace
    sys_stackheap_outer.o(.text) refers to startup_tm4c123.o(.text) for __user_initial_stackheap
    exit.o(.text) refers to rtexit.o(.ARM.Collect$$rtexit$$00000000) for __rt_exit
    libinit.o(.ARM.Collect$$libinit$$00000000) refers (Special) to libinit2.o(.ARM.Collect$$libinit$$0000002E) for __rt_lib_init_alloca_1
    libinit.o(.ARM.Collect$$libinit$$00000000) refers (Special) to libinit2.o(.ARM.Collect$$libinit$$0000002C) for __rt_lib_init_argv_1
    libinit.o(.ARM.Collect$$libinit$$00000000) refers (Special) to libinit2.o(.ARM.Collect$$libinit$$0000001B) for __rt_lib_init_atexit_1
    libinit.o(.ARM.Collect$$libinit$$00000000) refers (Special) to libinit2.o(.ARM.Collect$$libinit$$00000021) for __rt_lib_init_clock_1
    libinit.o(.ARM.Collect$$libinit$$00000000) refers (Special) to libinit2.o(.ARM.Collect$$libinit$$00000032) for __rt_lib_init_cpp_1
    libinit.o(.ARM.Collect$$libinit$$00000000) refers (Special) to libinit2.o(.ARM.Collect$$libinit$$00000030) for __rt_lib_init_exceptions_1
    libinit.o(.ARM.Collect$$libinit$$00000000) refers (Special) to libinit2.o(.ARM.Collect$$libinit$$00000002) for __rt_lib_init_fp_1
    libinit.o(.ARM.Collect$$libinit$$00000000) refers (Special) to libinit2.o(.ARM.Collect$$libinit$$0000001F) for __rt_lib_init_fp_trap_1
    libinit.o(.ARM.Collect$$libinit$$00000000) refers (Special) to libinit2.o(.ARM.Collect$$libinit$$00000023) for __rt_lib_init_getenv_1
    libinit.o(.ARM.Collect$$libinit$$00000000) refers (Special) to libinit2.o(.ARM.Collect$$libinit$$0000000A) for __rt_lib_init_heap_1
    libinit.o(.ARM.Collect$$libinit$$00000000) refers (Special) to libinit2.o(.ARM.Collect$$libinit$$00000011) for __rt_lib_init_lc_collate_1
    libinit.o(.ARM.Collect$$libinit$$00000000) refers (Special) to libinit2.o(.ARM.Collect$$libinit$$00000013) for __rt_lib_init_lc_ctype_1
    libinit.o(.ARM.Collect$$libinit$$00000000) refers (Special) to libinit2.o(.ARM.Collect$$libinit$$00000015) for __rt_lib_init_lc_monetary_1
    libinit.o(.ARM.Collect$$libinit$$00000000) refers (Special) to libinit2.o(.ARM.Collect$$libinit$$00000017) for __rt_lib_init_lc_numeric_1
    libinit.o(.ARM.Collect$$libinit$$00000000) refers (Special) to libinit2.o(.ARM.Collect$$libinit$$00000019) for __rt_lib_init_lc_time_1
    libinit.o(.ARM.Collect$$libinit$$00000000) refers (Special) to libinit2.o(.ARM.Collect$$libinit$$00000004) for __rt_lib_init_preinit_1
    libinit.o(.ARM.Collect$$libinit$$00000000) refers (Special) to libinit2.o(.ARM.Collect$$libinit$$0000000E) for __rt_lib_init_rand_1
    libinit.o(.ARM.Collect$$libinit$$00000000) refers (Special) to libinit2.o(.ARM.Collect$$libinit$$00000033) for __rt_lib_init_return
    libinit.o(.ARM.Collect$$libinit$$00000000) refers (Special) to libinit2.o(.ARM.Collect$$libinit$$0000001D) for __rt_lib_init_signal_1
    libinit.o(.ARM.Collect$$libinit$$00000000) refers (Special) to libinit2.o(.ARM.Collect$$libinit$$00000025) for __rt_lib_init_stdio_1
    libinit.o(.ARM.Collect$$libinit$$00000000) refers (Special) to libinit2.o(.ARM.Collect$$libinit$$0000000C) for __rt_lib_init_user_alloc_1
    libspace.o(.text) refers to libspace.o(.bss) for __libspace_start
    rtexit.o(.ARM.Collect$$rtexit$$00000000) refers (Special) to rtexit2.o(.ARM.Collect$$rtexit$$00000004) for __rt_exit_exit
    rtexit.o(.ARM.Collect$$rtexit$$00000000) refers (Special) to rtexit2.o(.ARM.Collect$$rtexit$$00000003) for __rt_exit_ls
    rtexit.o(.ARM.Collect$$rtexit$$00000000) refers (Special) to rtexit2.o(.ARM.Collect$$rtexit$$00000002) for __rt_exit_prels_1
    rtexit.o(.ARM.exidx) refers (Special) to rtexit2.o(.ARM.Collect$$rtexit$$00000004) for __rt_exit_exit
    rtexit.o(.ARM.exidx) refers (Special) to rtexit2.o(.ARM.Collect$$rtexit$$00000003) for __rt_exit_ls
    rtexit.o(.ARM.exidx) refers (Special) to rtexit2.o(.ARM.Collect$$rtexit$$00000002) for __rt_exit_prels_1
    rtexit.o(.ARM.exidx) refers to rtexit.o(.ARM.Collect$$rtexit$$00000000) for .ARM.Collect$$rtexit$$00000000
    libinit2.o(.ARM.Collect$$libinit$$00000010) refers to libinit2.o(.ARM.Collect$$libinit$$0000000F) for .ARM.Collect$$libinit$$0000000F
    libinit2.o(.ARM.Collect$$libinit$$00000012) refers to libinit2.o(.ARM.Collect$$libinit$$0000000F) for .ARM.Collect$$libinit$$0000000F
    libinit2.o(.ARM.Collect$$libinit$$00000014) refers to libinit2.o(.ARM.Collect$$libinit$$0000000F) for .ARM.Collect$$libinit$$0000000F
    libinit2.o(.ARM.Collect$$libinit$$00000016) refers to libinit2.o(.ARM.Collect$$libinit$$0000000F) for .ARM.Collect$$libinit$$0000000F
    libinit2.o(.ARM.Collect$$libinit$$00000018) refers to libinit2.o(.ARM.Collect$$libinit$$0000000F) for .ARM.Collect$$libinit$$0000000F
    libinit2.o(.ARM.Collect$$libinit$$00000026) refers to argv_veneer.o(.emb_text) for __ARM_argv_veneer
    libinit2.o(.ARM.Collect$$libinit$$00000027) refers to argv_veneer.o(.emb_text) for __ARM_argv_veneer
    rtexit2.o(.ARM.Collect$$rtexit$$00000003) refers to libshutdown.o(.ARM.Collect$$libshutdown$$00000000) for __rt_lib_shutdown
    rtexit2.o(.ARM.Collect$$rtexit$$00000004) refers to sys_exit.o(.text) for _sys_exit
    rtexit2.o(.ARM.exidx) refers to rtexit2.o(.ARM.Collect$$rtexit$$00000001) for .ARM.Collect$$rtexit$$00000001
    rtexit2.o(.ARM.exidx) refers to rtexit2.o(.ARM.Collect$$rtexit$$00000003) for .ARM.Collect$$rtexit$$00000003
    rtexit2.o(.ARM.exidx) refers to rtexit2.o(.ARM.Collect$$rtexit$$00000004) for .ARM.Collect$$rtexit$$00000004
    argv_veneer.o(.emb_text) refers to no_argv.o(.text) for __ARM_get_argv
    sys_exit.o(.text) refers (Special) to use_no_semi.o(.text) for __I$use$semihosting
    sys_exit.o(.text) refers (Special) to indicate_semi.o(.text) for __semihosting_library_function
    _get_argv_nomalloc.o(.text) refers (Special) to hrguard.o(.text) for __heap_region$guard
    _get_argv_nomalloc.o(.text) refers to defsig_rtmem_outer.o(.text) for __rt_SIGRTMEM
    _get_argv_nomalloc.o(.text) refers to sys_command.o(.text) for _sys_command_string
    libshutdown.o(.ARM.Collect$$libshutdown$$00000000) refers (Special) to libshutdown2.o(.ARM.Collect$$libshutdown$$00000002) for __rt_lib_shutdown_cpp_1
    libshutdown.o(.ARM.Collect$$libshutdown$$00000000) refers (Special) to libshutdown2.o(.ARM.Collect$$libshutdown$$00000007) for __rt_lib_shutdown_fp_trap_1
    libshutdown.o(.ARM.Collect$$libshutdown$$00000000) refers (Special) to libshutdown2.o(.ARM.Collect$$libshutdown$$0000000F) for __rt_lib_shutdown_heap_1
    libshutdown.o(.ARM.Collect$$libshutdown$$00000000) refers (Special) to libshutdown2.o(.ARM.Collect$$libshutdown$$00000010) for __rt_lib_shutdown_return
    libshutdown.o(.ARM.Collect$$libshutdown$$00000000) refers (Special) to libshutdown2.o(.ARM.Collect$$libshutdown$$0000000A) for __rt_lib_shutdown_signal_1
    libshutdown.o(.ARM.Collect$$libshutdown$$00000000) refers (Special) to libshutdown2.o(.ARM.Collect$$libshutdown$$00000004) for __rt_lib_shutdown_stdio_1
    libshutdown.o(.ARM.Collect$$libshutdown$$00000000) refers (Special) to libshutdown2.o(.ARM.Collect$$libshutdown$$0000000C) for __rt_lib_shutdown_user_alloc_1
    sys_command.o(.text) refers (Special) to use_no_semi.o(.text) for __I$use$semihosting
    sys_command.o(.text) refers (Special) to indicate_semi.o(.text) for __semihosting_library_function
    defsig_rtmem_outer.o(.text) refers to defsig_rtmem_inner.o(.text) for __rt_SIGRTMEM_inner
    defsig_rtmem_outer.o(.text) refers to defsig_exit.o(.text) for __sig_exit
    defsig_rtmem_formal.o(.text) refers to rt_raise.o(.text) for __rt_raise
    rt_raise.o(.text) refers to __raise.o(.text) for __raise
    rt_raise.o(.text) refers to sys_exit.o(.text) for _sys_exit
    defsig_exit.o(.text) refers to sys_exit.o(.text) for _sys_exit
    defsig_rtmem_inner.o(.text) refers to defsig_general.o(.text) for __default_signal_display
    __raise.o(.text) refers to defsig.o(CL$$defsig) for __default_signal_handler
    defsig_general.o(.text) refers to sys_wrch.o(.text) for _ttywrch
    sys_wrch.o(.text) refers (Special) to use_no_semi.o(.text) for __I$use$semihosting
    sys_wrch.o(.text) refers (Special) to indicate_semi.o(.text) for __semihosting_library_function
    defsig.o(CL$$defsig) refers to defsig_rtmem_inner.o(.text) for __rt_SIGRTMEM_inner
    defsig_abrt_inner.o(.text) refers to defsig_general.o(.text) for __default_signal_display
    defsig_fpe_inner.o(.text) refers to defsig_general.o(.text) for __default_signal_display
    defsig_rtred_inner.o(.text) refers to defsig_general.o(.text) for __default_signal_display
    defsig_stak_inner.o(.text) refers to defsig_general.o(.text) for __default_signal_display
    defsig_pvfn_inner.o(.text) refers to defsig_general.o(.text) for __default_signal_display
    defsig_cppl_inner.o(.text) refers to defsig_general.o(.text) for __default_signal_display
    defsig_segv_inner.o(.text) refers to defsig_general.o(.text) for __default_signal_display
    defsig_other.o(.text) refers to defsig_general.o(.text) for __default_signal_display


==============================================================================

Removing Unused input sections from the image.

    Removing bsp.o(.emb_text), (6 bytes).
    Removing bsp.o(i.BSP_Accelerometer_Init), (176 bytes).
    Removing bsp.o(i.BSP_Accelerometer_Input), (72 bytes).
    Removing bsp.o(i.BSP_Button1_Init), (128 bytes).
    Removing bsp.o(i.BSP_Button1_Input), (12 bytes).
    Removing bsp.o(i.BSP_Button2_Init), (144 bytes).
    Removing bsp.o(i.BSP_Button2_Input), (12 bytes).
    Removing bsp.o(i.BSP_Buzzer_Init), (212 bytes).
    Removing bsp.o(i.BSP_Buzzer_Set), (32 bytes).
    Removing bsp.o(i.BSP_Delay1ms), (22 bytes).
    Removing bsp.o(i.BSP_Joystick_Init), (304 bytes).
    Removing bsp.o(i.BSP_Joystick_Input), (64 bytes).
    Removing bsp.o(i.BSP_LCD_Color565), (24 bytes).
    Removing bsp.o(i.BSP_LCD_DrawBitmap), (6 bytes).
    Removing bsp.o(i.BSP_LCD_DrawChar), (32 bytes).
    Removing bsp.o(i.BSP_LCD_DrawCharS), (32 bytes).
    Removing bsp.o(i.BSP_LCD_DrawFastHLine), (2 bytes).
    Removing bsp.o(i.BSP_LCD_DrawFastVLine), (2 bytes).
    Removing bsp.o(i.BSP_LCD_DrawPixel), (2 bytes).
    Removing bsp.o(i.BSP_LCD_DrawString), (86 bytes).
    Removing bsp.o(i.BSP_LCD_Drawaxes), (10 bytes).
    Removing bsp.o(i.BSP_LCD_FillRect), (6 bytes).
    Removing bsp.o(i.BSP_LCD_FillScreen), (2 bytes).
    Removing bsp.o(i.BSP_LCD_Init), (52 bytes).
    Removing bsp.o(i.BSP_LCD_OutUDec), (144 bytes).
    Removing bsp.o(i.BSP_LCD_OutUDec4), (136 bytes).
    Removing bsp.o(i.BSP_LCD_OutUDec5), (136 bytes).
    Removing bsp.o(i.BSP_LCD_OutUFix2_1), (112 bytes).
    Removing bsp.o(i.BSP_LCD_OutUHex2), (112 bytes).
    Removing bsp.o(i.BSP_LCD_PlotIncrement), (2 bytes).
    Removing bsp.o(i.BSP_LCD_PlotPoint), (2 bytes).
    Removing bsp.o(i.BSP_LCD_SetCursor), (240 bytes).
    Removing bsp.o(i.BSP_LCD_SwapColor), (18 bytes).
    Removing bsp.o(i.BSP_LightSensor_End), (92 bytes).
    Removing bsp.o(i.BSP_LightSensor_Init), (8 bytes).
    Removing bsp.o(i.BSP_LightSensor_Input), (76 bytes).
    Removing bsp.o(i.BSP_LightSensor_Start), (32 bytes).
    Removing bsp.o(i.BSP_Microphone_Init), (172 bytes).
    Removing bsp.o(i.BSP_Microphone_Input), (44 bytes).
    Removing bsp.o(i.BSP_PeriodicTask_Init), (192 bytes).
    Removing bsp.o(i.BSP_PeriodicTask_InitB), (188 bytes).
    Removing bsp.o(i.BSP_PeriodicTask_InitC), (188 bytes).
    Removing bsp.o(i.BSP_PeriodicTask_Stop), (24 bytes).
    Removing bsp.o(i.BSP_PeriodicTask_StopB), (24 bytes).
    Removing bsp.o(i.BSP_PeriodicTask_StopC), (24 bytes).
    Removing bsp.o(i.BSP_RGB_D_Init), (2 bytes).
    Removing bsp.o(i.BSP_RGB_D_Set), (2 bytes).
    Removing bsp.o(i.BSP_RGB_D_Toggle), (2 bytes).
    Removing bsp.o(i.BSP_RGB_Init), (2 bytes).
    Removing bsp.o(i.BSP_RGB_Set), (2 bytes).
    Removing bsp.o(i.BSP_TempSensor_End), (96 bytes).
    Removing bsp.o(i.BSP_TempSensor_Init), (8 bytes).
    Removing bsp.o(i.BSP_TempSensor_Input), (80 bytes).
    Removing bsp.o(i.BSP_TempSensor_Start), (32 bytes).
    Removing bsp.o(i.BSP_Time_Get), (16 bytes).
    Removing bsp.o(i.BSP_Time_Init), (108 bytes).
    Removing bsp.o(i.BSP_UART0_OutChar), (24 bytes).
    Removing bsp.o(i.BSP_UART0_OutString), (24 bytes).
    Removing bsp.o(i.ST7735_InitR), (16 bytes).
    Removing bsp.o(i.adcinit), (76 bytes).
    Removing bsp.o(i.commonInit), (136 bytes).
    Removing bsp.o(i.fillmessage), (72 bytes).
    Removing bsp.o(i.fillmessage2_1), (96 bytes).
    Removing bsp.o(i.fillmessage2_Hex), (84 bytes).
    Removing bsp.o(i.fillmessage4), (100 bytes).
    Removing bsp.o(i.fillmessage5), (128 bytes).
    Removing bsp.o(i.i2cinit), (24 bytes).
    Removing bsp.o(.bss), (12 bytes).
    Removing bsp.o(.constdata), (128 bytes).
    Removing profile.o(i.Profile_Get), (76 bytes).
    Removing system_tm4c123.o(.rev16_text), (4 bytes).
    Removing system_tm4c123.o(.revsh_text), (4 bytes).
    Removing system_tm4c123.o(.rrx_text), (6 bytes).
    Removing system_tm4c123.o(i.SystemCoreClockUpdate), (196 bytes).
    Removing system_tm4c123.o(i.SystemInit), (136 bytes).
    Removing system_tm4c123.o(i.getOscClk), (248 bytes).
    Removing system_tm4c123.o(.data), (4 bytes).

77 unused section(s) (total 5350 bytes) removed from the image.

==============================================================================

Memory Map of the image

  Image Entry point : 0x00000000

  Load Region LR_1 (Base: 0x00000000, Size: 0x00000a3c, Max: 0xffffffff, ABSOLUTE)

    Execution Region ER_RO (Base: 0x00000000, Size: 0x000009d0, Max: 0xffffffff, ABSOLUTE)

    Base Addr    Size         Type   Attr      Idx    E Section Name        Object

    0x00000000   0x0000026c   Data   RO          550    RESET               startup_tm4c123.o
    0x0000026c   0x00000008   Code   RO          622  * !!!main             c_w.l(__main.o)
    0x00000274   0x00000002   Code   RO          649    .ARM.Collect$$libinit$$00000000  c_w.l(libinit.o)
    0x00000276   0x00000000   Code   RO          656    .ARM.Collect$$libinit$$00000002  c_w.l(libinit2.o)
    0x00000276   0x00000000   Code   RO          658    .ARM.Collect$$libinit$$00000004  c_w.l(libinit2.o)
    0x00000276   0x00000000   Code   RO          661    .ARM.Collect$$libinit$$0000000A  c_w.l(libinit2.o)
    0x00000276   0x00000000   Code   RO          663    .ARM.Collect$$libinit$$0000000C  c_w.l(libinit2.o)
    0x00000276   0x00000000   Code   RO          665    .ARM.Collect$$libinit$$0000000E  c_w.l(libinit2.o)
    0x00000276   0x00000000   Code   RO          668    .ARM.Collect$$libinit$$00000011  c_w.l(libinit2.o)
    0x00000276   0x00000000   Code   RO          670    .ARM.Collect$$libinit$$00000013  c_w.l(libinit2.o)
    0x00000276   0x00000000   Code   RO          672    .ARM.Collect$$libinit$$00000015  c_w.l(libinit2.o)
    0x00000276   0x00000000   Code   RO          674    .ARM.Collect$$libinit$$00000017  c_w.l(libinit2.o)
    0x00000276   0x00000000   Code   RO          676    .ARM.Collect$$libinit$$00000019  c_w.l(libinit2.o)
    0x00000276   0x00000000   Code   RO          678    .ARM.Collect$$libinit$$0000001B  c_w.l(libinit2.o)
    0x00000276   0x00000000   Code   RO          680    .ARM.Collect$$libinit$$0000001D  c_w.l(libinit2.o)
    0x00000276   0x00000000   Code   RO          682    .ARM.Collect$$libinit$$0000001F  c_w.l(libinit2.o)
    0x00000276   0x00000000   Code   RO          684    .ARM.Collect$$libinit$$00000021  c_w.l(libinit2.o)
    0x00000276   0x00000000   Code   RO          686    .ARM.Collect$$libinit$$00000023  c_w.l(libinit2.o)
    0x00000276   0x00000000   Code   RO          688    .ARM.Collect$$libinit$$00000025  c_w.l(libinit2.o)
    0x00000276   0x00000000   Code   RO          692    .ARM.Collect$$libinit$$0000002C  c_w.l(libinit2.o)
    0x00000276   0x00000000   Code   RO          694    .ARM.Collect$$libinit$$0000002E  c_w.l(libinit2.o)
    0x00000276   0x00000000   Code   RO          696    .ARM.Collect$$libinit$$00000030  c_w.l(libinit2.o)
    0x00000276   0x00000000   Code   RO          698    .ARM.Collect$$libinit$$00000032  c_w.l(libinit2.o)
    0x00000276   0x00000002   Code   RO          699    .ARM.Collect$$libinit$$00000033  c_w.l(libinit2.o)
    0x00000278   0x00000002   Code   RO          719    .ARM.Collect$$libshutdown$$00000000  c_w.l(libshutdown.o)
    0x0000027a   0x00000000   Code   RO          732    .ARM.Collect$$libshutdown$$00000002  c_w.l(libshutdown2.o)
    0x0000027a   0x00000000   Code   RO          734    .ARM.Collect$$libshutdown$$00000004  c_w.l(libshutdown2.o)
    0x0000027a   0x00000000   Code   RO          737    .ARM.Collect$$libshutdown$$00000007  c_w.l(libshutdown2.o)
    0x0000027a   0x00000000   Code   RO          740    .ARM.Collect$$libshutdown$$0000000A  c_w.l(libshutdown2.o)
    0x0000027a   0x00000000   Code   RO          742    .ARM.Collect$$libshutdown$$0000000C  c_w.l(libshutdown2.o)
    0x0000027a   0x00000000   Code   RO          745    .ARM.Collect$$libshutdown$$0000000F  c_w.l(libshutdown2.o)
    0x0000027a   0x00000002   Code   RO          746    .ARM.Collect$$libshutdown$$00000010  c_w.l(libshutdown2.o)
    0x0000027c   0x00000000   Code   RO          624    .ARM.Collect$$rtentry$$00000000  c_w.l(__rtentry.o)
    0x0000027c   0x00000000   Code   RO          626    .ARM.Collect$$rtentry$$00000002  c_w.l(__rtentry2.o)
    0x0000027c   0x00000006   Code   RO          638    .ARM.Collect$$rtentry$$00000004  c_w.l(__rtentry4.o)
    0x00000282   0x00000000   Code   RO          628    .ARM.Collect$$rtentry$$00000009  c_w.l(__rtentry2.o)
    0x00000282   0x00000004   Code   RO          629    .ARM.Collect$$rtentry$$0000000A  c_w.l(__rtentry2.o)
    0x00000286   0x00000000   Code   RO          631    .ARM.Collect$$rtentry$$0000000C  c_w.l(__rtentry2.o)
    0x00000286   0x00000008   Code   RO          632    .ARM.Collect$$rtentry$$0000000D  c_w.l(__rtentry2.o)
    0x0000028e   0x00000002   Code   RO          653    .ARM.Collect$$rtexit$$00000000  c_w.l(rtexit.o)
    0x00000290   0x00000000   Code   RO          701    .ARM.Collect$$rtexit$$00000002  c_w.l(rtexit2.o)
    0x00000290   0x00000004   Code   RO          702    .ARM.Collect$$rtexit$$00000003  c_w.l(rtexit2.o)
    0x00000294   0x00000006   Code   RO          703    .ARM.Collect$$rtexit$$00000004  c_w.l(rtexit2.o)
    0x0000029a   0x00000002   PAD
    0x0000029c   0x00000040   Code   RO          488    .text               osasm.o
    0x000002dc   0x00000124   Code   RO          551  * .text               startup_tm4c123.o
    0x00000400   0x00000006   Code   RO          620    .text               c_w.l(heapauxi.o)
    0x00000406   0x0000004a   Code   RO          640    .text               c_w.l(sys_stackheap_outer.o)
    0x00000450   0x00000012   Code   RO          642    .text               c_w.l(exit.o)
    0x00000462   0x00000002   PAD
    0x00000464   0x00000008   Code   RO          650    .text               c_w.l(libspace.o)
    0x0000046c   0x0000000c   Code   RO          711    .text               c_w.l(sys_exit.o)
    0x00000478   0x00000002   Code   RO          722    .text               c_w.l(use_no_semi.o)
    0x0000047a   0x00000000   Code   RO          724    .text               c_w.l(indicate_semi.o)
    0x0000047a   0x00000002   PAD
    0x0000047c   0x0000000c   Code   RO           10    i.BSP_Clock_GetFreq  bsp.o
    0x00000488   0x0000008c   Code   RO           11    i.BSP_Clock_InitFastest  bsp.o
    0x00000514   0x00000064   Code   RO          445    i.OS_AddThreads     os.o
    0x00000578   0x0000000c   Code   RO          446    i.OS_Init           os.o
    0x00000584   0x00000034   Code   RO          447    i.OS_Launch         os.o
    0x000005b8   0x000001d4   Code   RO          492    i.Profile_Init      profile.o
    0x0000078c   0x0000014c   Code   RO          448    i.SetInitialStack   os.o
    0x000008d8   0x00000028   Code   RO          509    i.Task0             user.o
    0x00000900   0x00000028   Code   RO          510    i.Task1             user.o
    0x00000928   0x00000028   Code   RO          511    i.Task2             user.o
    0x00000950   0x00000018   Code   RO           62    i.WideTimer3A_Handler  bsp.o
    0x00000968   0x00000018   Code   RO           63    i.WideTimer4A_Handler  bsp.o
    0x00000980   0x00000018   Code   RO           64    i.WideTimer5A_Handler  bsp.o
    0x00000998   0x00000038   Code   RO          512    i.main              user.o
    0x000009d0   0x00000000   Data   RO          777    Region$$Table       anon$$obj.o


    Execution Region ER_RW (Base: 0x20000000, Size: 0x0000006c, Max: 0xffffffff, ABSOLUTE)

    Base Addr    Size         Type   Attr      Idx    E Section Name        Object

    0x20000000   0x0000005c   Data   RW           75    .data               bsp.o
    0x2000005c   0x00000004   Data   RW          450    .data               os.o
    0x20000060   0x0000000c   Data   RW          513    .data               user.o


    Execution Region ER_ZI (Base: 0x2000006c, Size: 0x0000072c, Max: 0xffffffff, ABSOLUTE)

    Base Addr    Size         Type   Attr      Idx    E Section Name        Object

    0x2000006c   0x000004c8   Zero   RW          449    .bss                os.o
    0x20000534   0x00000060   Zero   RW          651    .bss                c_w.l(libspace.o)
    0x20000594   0x00000004   PAD
    0x20000598   0x00000000   Zero   RW          549    HEAP                startup_tm4c123.o
    0x20000598   0x00000200   Zero   RW          548    STACK               startup_tm4c123.o

