Component: ARM Compiler 5.06 update 2 (build 183) Tool: armlink [4d35b7]

==============================================================================

Section Cross References

    lab2.o(i.Task0) refers to texas.o(i.TExaS_Task0) for TExaS_Task0
    lab2.o(i.Task0) refers to bsp.o(i.BSP_Microphone_Input) for BSP_Microphone_Input
    lab2.o(i.Task0) refers to os.o(i.OS_Signal) for OS_Signal
    lab2.o(i.Task0) refers to lab2.o(.data) for SoundData
    lab2.o(i.Task0) refers to lab2.o(.bss) for SoundArray
    lab2.o(i.Task0_Init) refers to bsp.o(i.BSP_Microphone_Init) for BSP_Microphone_Init
    lab2.o(i.Task1) refers to texas.o(i.TExaS_Task1) for TExaS_Task1
    lab2.o(i.Task1) refers to bsp.o(i.BSP_Accelerometer_Input) for BSP_Accelerometer_Input
    lab2.o(i.Task1) refers to os.o(i.OS_MailBox_Send) for OS_MailBox_Send
    lab2.o(i.Task1) refers to lab2.o(.data) for AccZ
    lab2.o(i.Task1_Init) refers to bsp.o(i.BSP_Accelerometer_Init) for BSP_Accelerometer_Init
    lab2.o(i.Task1_Init) refers to bsp.o(i.BSP_Accelerometer_Input) for BSP_Accelerometer_Input
    lab2.o(i.Task1_Init) refers to lab2.o(i.sqrt32) for sqrt32
    lab2.o(i.Task1_Init) refers to lab2.o(.data) for AccZ
    lab2.o(i.Task2) refers to lab2.o(i.drawaxes) for drawaxes
    lab2.o(i.Task2) refers to os.o(i.OS_MailBox_Recv) for OS_MailBox_Recv
    lab2.o(i.Task2) refers to texas.o(i.TExaS_Task2) for TExaS_Task2
    lab2.o(i.Task2) refers to lab2.o(i.sqrt32) for sqrt32
    lab2.o(i.Task2) refers to os.o(i.OS_Wait) for OS_Wait
    lab2.o(i.Task2) refers to bsp.o(i.BSP_LCD_PlotPoint) for BSP_LCD_PlotPoint
    lab2.o(i.Task2) refers to bsp.o(i.BSP_LCD_PlotIncrement) for BSP_LCD_PlotIncrement
    lab2.o(i.Task2) refers to os.o(i.OS_Signal) for OS_Signal
    lab2.o(i.Task2) refers to bsp.o(i.BSP_RGB_Set) for BSP_RGB_Set
    lab2.o(i.Task2) refers to lab2.o(.data) for Magnitude
    lab2.o(i.Task3) refers to bsp.o(i.BSP_Button1_Init) for BSP_Button1_Init
    lab2.o(i.Task3) refers to bsp.o(i.BSP_Button2_Init) for BSP_Button2_Init
    lab2.o(i.Task3) refers to bsp.o(i.BSP_Buzzer_Init) for BSP_Buzzer_Init
    lab2.o(i.Task3) refers to bsp.o(i.BSP_RGB_Init) for BSP_RGB_Init
    lab2.o(i.Task3) refers to texas.o(i.TExaS_Task3) for TExaS_Task3
    lab2.o(i.Task3) refers to bsp.o(i.BSP_Buzzer_Set) for BSP_Buzzer_Set
    lab2.o(i.Task3) refers to bsp.o(i.BSP_Button1_Input) for BSP_Button1_Input
    lab2.o(i.Task3) refers to bsp.o(i.BSP_Button2_Input) for BSP_Button2_Input
    lab2.o(i.Task3) refers to bsp.o(i.BSP_Delay1ms) for BSP_Delay1ms
    lab2.o(i.Task3) refers to lab2.o(.data) for prev1
    lab2.o(i.Task4) refers to bsp.o(i.BSP_TempSensor_Init) for BSP_TempSensor_Init
    lab2.o(i.Task4) refers to texas.o(i.TExaS_Task4) for TExaS_Task4
    lab2.o(i.Task4) refers to bsp.o(i.BSP_TempSensor_Start) for BSP_TempSensor_Start
    lab2.o(i.Task4) refers to bsp.o(i.BSP_TempSensor_End) for BSP_TempSensor_End
    lab2.o(i.Task4) refers to lab2.o(.data) for TemperatureData
    lab2.o(i.Task5) refers to os.o(i.OS_Wait) for OS_Wait
    lab2.o(i.Task5) refers to bsp.o(i.BSP_LCD_DrawString) for BSP_LCD_DrawString
    lab2.o(i.Task5) refers to os.o(i.OS_Signal) for OS_Signal
    lab2.o(i.Task5) refers to texas.o(i.TExaS_Task5) for TExaS_Task5
    lab2.o(i.Task5) refers to lab2.o(i.sqrt32) for sqrt32
    lab2.o(i.Task5) refers to bsp.o(i.BSP_LCD_SetCursor) for BSP_LCD_SetCursor
    lab2.o(i.Task5) refers to bsp.o(i.BSP_LCD_OutUDec4) for BSP_LCD_OutUDec4
    lab2.o(i.Task5) refers to bsp.o(i.BSP_LCD_OutUFix2_1) for BSP_LCD_OutUFix2_1
    lab2.o(i.Task5) refers to lab2.o(.data) for LCDmutex
    lab2.o(i.Task5) refers to lab2.o(.bss) for SoundArray
    lab2.o(i.drawaxes) refers to os.o(i.OS_Wait) for OS_Wait
    lab2.o(i.drawaxes) refers to bsp.o(i.BSP_LCD_Drawaxes) for BSP_LCD_Drawaxes
    lab2.o(i.drawaxes) refers to os.o(i.OS_Signal) for OS_Signal
    lab2.o(i.drawaxes) refers to lab2.o(.data) for LCDmutex
    lab2.o(i.main) refers to os.o(i.OS_Init) for OS_Init
    lab2.o(i.main) refers to profile.o(i.Profile_Init) for Profile_Init
    lab2.o(i.main) refers to lab2.o(i.Task0_Init) for Task0_Init
    lab2.o(i.main) refers to lab2.o(i.Task1_Init) for Task1_Init
    lab2.o(i.main) refers to bsp.o(i.BSP_LCD_Init) for BSP_LCD_Init
    lab2.o(i.main) refers to bsp.o(i.BSP_LCD_Color565) for BSP_LCD_Color565
    lab2.o(i.main) refers to bsp.o(i.BSP_LCD_FillScreen) for BSP_LCD_FillScreen
    lab2.o(i.main) refers to os.o(i.OS_InitSemaphore) for OS_InitSemaphore
    lab2.o(i.main) refers to os.o(i.OS_MailBox_Init) for OS_MailBox_Init
    lab2.o(i.main) refers to os.o(i.OS_AddPeriodicEventThreads) for OS_AddPeriodicEventThreads
    lab2.o(i.main) refers to os.o(i.OS_AddThreads) for OS_AddThreads
    lab2.o(i.main) refers to texas.o(i.TExaS_Init) for TExaS_Init
    lab2.o(i.main) refers to bsp.o(i.BSP_Clock_GetFreq) for BSP_Clock_GetFreq
    lab2.o(i.main) refers to os.o(i.OS_Launch) for OS_Launch
[...]
    libinit.o(.ARM.Collect$$libinit$$00000000) refers (Special) to libinit2.o(.ARM.Collect$$libinit$$00000013) for __rt_lib_init_lc_ctype_1
    libinit.o(.ARM.Collect$$libinit$$00000000) refers (Special) to libinit2.o(.ARM.Collect$$libinit$$00000015) for __rt_lib_init_lc_monetary_1
    libinit.o(.ARM.Collect$$libinit$$00000000) refers (Special) to libinit2.o(.ARM.Collect$$libinit$$00000017) for __rt_lib_init_lc_numeric_1
    libinit.o(.ARM.Collect$$libinit$$00000000) refers (Special) to libinit2.o(.ARM.Collect$$libinit$$00000019) for __rt_lib_init_lc_time_1
    libinit.o(.ARM.Collect$$libinit$$00000000) refers (Special) to libinit2.o(.ARM.Collect$$libinit$$00000004) for __rt_lib_init_preinit_1
    libinit.o(.ARM.Collect$$libinit$$00000000) refers (Special) to libinit2.o(.ARM.Collect$$libinit$$0000000E) for __rt_lib_init_rand_1
    libinit.o(.ARM.Collect$$libinit$$00000000) refers (Special) to libinit2.o(.ARM.Collect$$libinit$$00000033) for __rt_lib_init_return
    libinit.o(.ARM.Collect$$libinit$$00000000) refers (Special) to libinit2.o(.ARM.Collect$$libinit$$0000001D) for __rt_lib_init_signal_1
    libinit.o(.ARM.Collect$$libinit$$00000000) refers (Special) to libinit2.o(.ARM.Collect$$libinit$$00000025) for __rt_lib_init_stdio_1
    libinit.o(.ARM.Collect$$libinit$$00000000) refers (Special) to libinit2.o(.ARM.Collect$$libinit$$0000000C) for __rt_lib_init_user_alloc_1
    libspace.o(.text) refers to libspace.o(.bss) for __libspace_start
    rtexit.o(.ARM.Collect$$rtexit$$00000000) refers (Special) to rtexit2.o(.ARM.Collect$$rtexit$$00000004) for __rt_exit_exit
    rtexit.o(.ARM.Collect$$rtexit$$00000000) refers (Special) to rtexit2.o(.ARM.Collect$$rtexit$$00000003) for __rt_exit_ls
    rtexit.o(.ARM.Collect$$rtexit$$00000000) refers (Special) to rtexit2.o(.ARM.Collect$$rtexit$$00000002) for __rt_exit_prels_1
    rtexit.o(.ARM.exidx) refers (Special) to rtexit2.o(.ARM.Collect$$rtexit$$00000004) for __rt_exit_exit
    rtexit.o(.ARM.exidx) refers (Special) to rtexit2.o(.ARM.Collect$$rtexit$$00000003) for __rt_exit_ls
    rtexit.o(.ARM.exidx) refers (Special) to rtexit2.o(.ARM.Collect$$rtexit$$00000002) for __rt_exit_prels_1
    rtexit.o(.ARM.exidx) refers to rtexit.o(.ARM.Collect$$rtexit$$00000000) for .ARM.Collect$$rtexit$$00000000
    libinit2.o(.ARM.Collect$$libinit$$00000010) refers to libinit2.o(.ARM.Collect$$libinit$$0000000F) for .ARM.Collect$$libinit$$0000000F
    libinit2.o(.ARM.Collect$$libinit$$00000012) refers to libinit2.o(.ARM.Collect$$libinit$$0000000F) for .ARM.Collect$$libinit$$0000000F
    libinit2.o(.ARM.Collect$$libinit$$00000014) refers to libinit2.o(.ARM.Collect$$libinit$$0000000F) for .ARM.Collect$$libinit$$0000000F
    libinit2.o(.ARM.Collect$$libinit$$00000016) refers to libinit2.o(.ARM.Collect$$libinit$$0000000F) for .ARM.Collect$$libinit$$0000000F
    libinit2.o(.ARM.Collect$$libinit$$00000018) refers to libinit2.o(.ARM.Collect$$libinit$$0000000F) for .ARM.Collect$$libinit$$0000000F
    libinit2.o(.ARM.Collect$$libinit$$00000026) refers to argv_veneer.o(.emb_text) for __ARM_argv_veneer
    libinit2.o(.ARM.Collect$$libinit$$00000027) refers to argv_veneer.o(.emb_text) for __ARM_argv_veneer
    rtexit2.o(.ARM.Collect$$rtexit$$00000003) refers to libshutdown.o(.ARM.Collect$$libshutdown$$00000000) for __rt_lib_shutdown
    rtexit2.o(.ARM.Collect$$rtexit$$00000004) refers to sys_exit.o(.text) for _sys_exit
    rtexit2.o(.ARM.exidx) refers to rtexit2.o(.ARM.Collect$$rtexit$$00000001) for .ARM.Collect$$rtexit$$00000001
    rtexit2.o(.ARM.exidx) refers to rtexit2.o(.ARM.Collect$$rtexit$$00000003) for .ARM.Collect$$rtexit$$00000003
    rtexit2.o(.ARM.exidx) refers to rtexit2.o(.ARM.Collect$$rtexit$$00000004) for .ARM.Collect$$rtexit$$00000004
    argv_veneer.o(.emb_text) refers to no_argv.o(.text) for __ARM_get_argv
    sys_exit.o(.text) refers (Special) to use_no_semi.o(.text) for __I$use$semihosting
    sys_exit.o(.text) refers (Special) to indicate_semi.o(.text) for __semihosting_library_function
    _get_argv_nomalloc.o(.text) refers (Special) to hrguard.o(.text) for __heap_region$guard
    _get_argv_nomalloc.o(.text) refers to defsig_rtmem_outer.o(.text) for __rt_SIGRTMEM
    _get_argv_nomalloc.o(.text) refers to sys_command.o(.text) for _sys_command_string
    libshutdown.o(.ARM.Collect$$libshutdown$$00000000) refers (Special) to libshutdown2.o(.ARM.Collect$$libshutdown$$00000002) for __rt_lib_shutdown_cpp_1
    libshutdown.o(.ARM.Collect$$libshutdown$$00000000) refers (Special) to libshutdown2.o(.ARM.Collect$$libshutdown$$00000007) for __rt_lib_shutdown_fp_trap_1
    libshutdown.o(.ARM.Collect$$libshutdown$$00000000) refers (Special) to libshutdown2.o(.ARM.Collect$$libshutdown$$0000000F) for __rt_lib_shutdown_heap_1
    libshutdown.o(.ARM.Collect$$libshutdown$$00000000) refers (Special) to libshutdown2.o(.ARM.Collect$$libshutdown$$00000010) for __rt_lib_shutdown_return
    libshutdown.o(.ARM.Collect$$libshutdown$$00000000) refers (Special) to libshutdown2.o(.ARM.Collect$$libshutdown$$0000000A) for __rt_lib_shutdown_signal_1
    libshutdown.o(.ARM.Collect$$libshutdown$$00000000) refers (Special) to libshutdown2.o(.ARM.Collect$$libshutdown$$00000004) for __rt_lib_shutdown_stdio_1
    libshutdown.o(.ARM.Collect$$libshutdown$$00000000) refers (Special) to libshutdown2.o(.ARM.Collect$$libshutdown$$0000000C) for __rt_lib_shutdown_user_alloc_1
    sys_command.o(.text) refers (Special) to use_no_semi.o(.text) for __I$use$semihosting
    sys_command.o(.text) refers (Special) to indicate_semi.o(.text) for __semihosting_library_function
    defsig_rtmem_outer.o(.text) refers to defsig_rtmem_inner.o(.text) for __rt_SIGRTMEM_inner
    defsig_rtmem_outer.o(.text) refers to defsig_exit.o(.text) for __sig_exit
    defsig_rtmem_formal.o(.text) refers to rt_raise.o(.text) for __rt_raise
    rt_raise.o(.text) refers to __raise.o(.text) for __raise
    rt_raise.o(.text) refers to sys_exit.o(.text) for _sys_exit
    defsig_exit.o(.text) refers to sys_exit.o(.text) for _sys_exit
    defsig_rtmem_inner.o(.text) refers to defsig_general.o(.text) for __default_signal_display
    __raise.o(.text) refers to defsig.o(CL$$defsig) for __default_signal_handler
    defsig_general.o(.text) refers to sys_wrch.o(.text) for _ttywrch
    sys_wrch.o(.text) refers (Special) to use_no_semi.o(.text) for __I$use$semihosting
    sys_wrch.o(.text) refers (Special) to indicate_semi.o(.text) for __semihosting_library_function
    defsig.o(CL$$defsig) refers to defsig_rtmem_inner.o(.text) for __rt_SIGRTMEM_inner
    defsig_abrt_inner.o(.text) refers to defsig_general.o(.text) for __default_signal_display
    defsig_fpe_inner.o(.text) refers to defsig_general.o(.text) for __default_signal_display
    defsig_rtred_inner.o(.text) refers to defsig_general.o(.text) for __default_signal_display
    defsig_stak_inner.o(.text) refers to defsig_general.o(.text) for __default_signal_display
    defsig_pvfn_inner.o(.text) refers to defsig_general.o(.text) for __default_signal_display
    defsig_cppl_inner.o(.text) refers to defsig_general.o(.text) for __default_signal_display
    defsig_segv_inner.o(.text) refers to defsig_general.o(.text) for __default_signal_display
    defsig_other.o(.text) refers to defsig_general.o(.text) for __default_signal_display


==============================================================================

Removing Unused input sections from the image.

    Removing lab2.o(i.Dummy), (2 bytes).
    Removing lab2.o(i.main_step1), (64 bytes).
    Removing lab2.o(i.main_step2), (32 bytes).
    Removing lab2.o(i.main_step3), (104 bytes).
    Removing lab2.o(i.main_step4), (136 bytes).
    Removing lab2.o(i.main_step5), (156 bytes).
    Removing os.o(i.OS_AddThreads3), (6 bytes).
    Removing os.o(i.SetInitialStack), (2 bytes).
    Removing bsp.o(i.BSP_Joystick_Init), (304 bytes).
    Removing bsp.o(i.BSP_Joystick_Input), (64 bytes).
    Removing bsp.o(i.BSP_LCD_DrawBitmap), (6 bytes).
    Removing bsp.o(i.BSP_LCD_DrawCharS), (32 bytes).
    Removing bsp.o(i.BSP_LCD_DrawFastHLine), (2 bytes).
    Removing bsp.o(i.BSP_LCD_DrawFastVLine), (2 bytes).
    Removing bsp.o(i.BSP_LCD_DrawPixel), (2 bytes).
    Removing bsp.o(i.BSP_LCD_FillRect), (6 bytes).
    Removing bsp.o(i.BSP_LCD_OutUDec), (144 bytes).
    Removing bsp.o(i.BSP_LCD_OutUDec5), (136 bytes).
    Removing bsp.o(i.BSP_LCD_OutUHex2), (112 bytes).
    Removing bsp.o(i.BSP_LCD_SwapColor), (18 bytes).
    Removing bsp.o(i.BSP_LightSensor_End), (92 bytes).
    Removing bsp.o(i.BSP_LightSensor_Init), (8 bytes).
    Removing bsp.o(i.BSP_LightSensor_Input), (76 bytes).
    Removing bsp.o(i.BSP_LightSensor_Start), (32 bytes).
    Removing bsp.o(i.BSP_PeriodicTask_Init), (192 bytes).
    Removing bsp.o(i.BSP_PeriodicTask_InitB), (188 bytes).
    Removing bsp.o(i.BSP_PeriodicTask_InitC), (188 bytes).
    Removing bsp.o(i.BSP_PeriodicTask_Stop), (24 bytes).
    Removing bsp.o(i.BSP_PeriodicTask_StopB), (24 bytes).
    Removing bsp.o(i.BSP_PeriodicTask_StopC), (24 bytes).
    Removing bsp.o(i.BSP_RGB_D_Init), (2 bytes).
    Removing bsp.o(i.BSP_RGB_D_Set), (2 bytes).
    Removing bsp.o(i.BSP_RGB_D_Toggle), (2 bytes).
    Removing bsp.o(i.BSP_TempSensor_Input), (80 bytes).
    Removing bsp.o(i.fillmessage2_Hex), (84 bytes).
    Removing bsp.o(i.fillmessage5), (128 bytes).
    Removing profile.o(i.Profile_Get), (76 bytes).
    Removing texas.o(i.CheckScheduler), (288 bytes).
    Removing texas.o(i.UART_InChar), (28 bytes).
    Removing texas.o(i.UART_InCharNonBlocking), (28 bytes).
    Removing texas.o(i.UART_InString), (66 bytes).
    Removing texas.o(i.UART_InUDec), (76 bytes).
    Removing texas.o(i.UART_InUHex), (104 bytes).
    Removing texas.o(i.UART_OutCharNonBlock), (12 bytes).
    Removing texas.o(i.UART_OutUDec4), (68 bytes).
    Removing texas.o(i.UART_OutUDec5), (68 bytes).
    Removing texas.o(i.UART_OutUDec6), (68 bytes).
    Removing texas.o(i.UART_OutUHex), (52 bytes).
    Removing texas.o(i.fillmessage4b), (88 bytes).
    Removing texas.o(i.fillmessage5b), (128 bytes).
    Removing texas.o(i.fillmessage6b), (160 bytes).
    Removing system_tm4c123.o(.rev16_text), (4 bytes).
    Removing system_tm4c123.o(.revsh_text), (4 bytes).
    Removing system_tm4c123.o(.rrx_text), (6 bytes).
    Removing system_tm4c123.o(i.SystemCoreClockUpdate), (196 bytes).
    Removing system_tm4c123.o(i.SystemInit), (136 bytes).
    Removing system_tm4c123.o(i.getOscClk), (248 bytes).
    Removing system_tm4c123.o(.data), (4 bytes).

58 unused section(s) (total 4384 bytes) removed from the image.

==============================================================================

Image Symbol Table

    Local Symbols

    Symbol Name                              Value     Ov Type        Size  Object(Section)

    RESET                                    0x00000000   Section      620  startup_tm4c123.o(RESET)
    ../clib/angel/boardlib.s                 0x00000000   Number         0  boardinit3.o ABSOLUTE
    ../clib/angel/boardlib.s                 0x00000000   Number         0  boardinit2.o ABSOLUTE
    ../clib/angel/boardlib.s                 0x00000000   Number         0  boardinit1.o ABSOLUTE
    ../clib/angel/boardlib.s                 0x00000000   Number         0  boardshut.o ABSOLUTE
    ../clib/angel/handlers.s                 0x00000000   Number         0  __scatter_copy.o ABSOLUTE
    ../clib/angel/handlers.s                 0x00000000   Number         0  __scatter_zi.o ABSOLUTE
    ../clib/angel/kernel.s                   0x00000000   Number         0  rtexit.o ABSOLUTE
    ../clib/angel/kernel.s                   0x00000000   Number         0  __rtentry4.o ABSOLUTE
    ../clib/angel/kernel.s                   0x00000000   Number         0  __rtentry2.o ABSOLUTE
    ../clib/angel/kernel.s                   0x00000000   Number         0  __rtentry.o ABSOLUTE
    ../clib/angel/kernel.s                   0x00000000   Number         0  rtexit2.o ABSOLUTE
    ../clib/angel/rt.s                       0x00000000   Number         0  rt_raise.o ABSOLUTE
    ../clib/angel/scatter.s                  0x00000000   Number         0  __scatter.o ABSOLUTE
    ../clib/angel/startup.s                  0x00000000   Number         0  __main.o ABSOLUTE
    ../clib/angel/sys.s                      0x00000000   Number         0  indicate_semi.o ABSOLUTE
    ../clib/angel/sys.s                      0x00000000   Number         0  use_no_semi.o ABSOLUTE
    ../clib/angel/sys.s                      0x00000000   Number         0  sys_stackheap_outer.o ABSOLUTE
    ../clib/angel/sys.s                      0x00000000   Number         0  libspace.o ABSOLUTE
    ../clib/angel/sysapp.c                   0x00000000   Number         0  sys_wrch.o ABSOLUTE
    ../clib/angel/sysapp.c                   0x00000000   Number         0  sys_command.o ABSOLUTE
    ../clib/angel/sysapp.c                   0x00000000   Number         0  sys_exit.o ABSOLUTE
    ../clib/armsys.c                         0x00000000   Number         0  argv_veneer.o ABSOLUTE
    ../clib/armsys.c                         0x00000000   Number         0  argv_veneer.o ABSOLUTE
    ../clib/armsys.c                         0x00000000   Number         0  _get_argv_nomalloc.o ABSOLUTE
    ../clib/armsys.c                         0x00000000   Number         0  no_argv.o ABSOLUTE
    ../clib/heapalloc.c                      0x00000000   Number         0  hrguard.o ABSOLUTE
    ../clib/heapaux.c                        0x00000000   Number         0  heapauxi.o ABSOLUTE
    ../clib/libinit.s                        0x00000000   Number         0  libshutdown2.o ABSOLUTE
    ../clib/libinit.s                        0x00000000   Number         0  libinit2.o ABSOLUTE
    ../clib/libinit.s                        0x00000000   Number         0  libinit.o ABSOLUTE
    ../clib/libinit.s                        0x00000000   Number         0  libshutdown.o ABSOLUTE
    ../clib/signal.c                         0x00000000   Number         0  defsig_rtmem_outer.o ABSOLUTE
    ../clib/signal.c                         0x00000000   Number         0  defsig_general.o ABSOLUTE
    ../clib/signal.c                         0x00000000   Number         0  __raise.o ABSOLUTE
    ../clib/signal.c                         0x00000000   Number         0  defsig_rtmem_inner.o ABSOLUTE
    ../clib/signal.c                         0x00000000   Number         0  defsig_exit.o ABSOLUTE
    ../clib/signal.c                         0x00000000   Number         0  defsig_segv_inner.o ABSOLUTE
    ../clib/signal.c                         0x00000000   Number         0  defsig_cppl_inner.o ABSOLUTE
    ../clib/signal.c                         0x00000000   Number         0  defsig_pvfn_inner.o ABSOLUTE
    ../clib/signal.c                         0x00000000   Number         0  defsig_stak_inner.o ABSOLUTE
    ../clib/signal.c                         0x00000000   Number         0  defsig_rtred_inner.o ABSOLUTE
    ../clib/signal.c                         0x00000000   Number         0  defsig_rtmem_formal.o ABSOLUTE
    ../clib/signal.c                         0x00000000   Number         0  defsig_abrt_inner.o ABSOLUTE
    ../clib/signal.c                         0x00000000   Number         0  defsig_other.o ABSOLUTE
    ../clib/signal.c                         0x00000000   Number         0  defsig_fpe_inner.o ABSOLUTE
    ../clib/signal.s                         0x00000000   Number         0  defsig.o ABSOLUTE
    ../clib/stdlib.c                         0x00000000   Number         0  exit.o ABSOLUTE
    ../fplib/fpinit.s                        0x00000000   Number         0  fpinit.o ABSOLUTE
    ..\\inc\\BSP.c                           0x00000000   Number         0  bsp.o ABSOLUTE
    ..\inc\BSP.c                             0x00000000   Number         0  bsp.o ABSOLUTE
    ..\inc\Profile.c                         0x00000000   Number         0  profile.o ABSOLUTE
    Lab2.c                                   0x00000000   Number         0  lab2.o ABSOLUTE
    RTE\Device\TM4C123GH6PM\startup_TM4C123.s 0x00000000   Number         0  startup_tm4c123.o ABSOLUTE
    RTE\Device\TM4C123GH6PM\system_TM4C123.c 0x00000000   Number         0  system_tm4c123.o ABSOLUTE
    RTE\\Device\\TM4C123GH6PM\\system_TM4C123.c 0x00000000   Number         0  system_tm4c123.o ABSOLUTE
    Texas.c                                  0x00000000   Number         0  texas.o ABSOLUTE
    dc.s                                     0x00000000   Number         0  dc.o ABSOLUTE
    os.c                                     0x00000000   Number         0  os.o ABSOLUTE
    osasm.s                                  0x00000000   Number         0  osasm.o ABSOLUTE
    !!!main                                  0x0000026c   Section        8  __main.o(!!!main)
    !!!scatter                               0x00000274   Section       52  __scatter.o(!!!scatter)
    !!handler_copy                           0x000002a8   Section       26  __scatter_copy.o(!!handler_copy)
    !!handler_zi                             0x000002c4   Section       28  __scatter_zi.o(!!handler_zi)
    .ARM.Collect$$libinit$$00000000          0x000002e0   Section        2  libinit.o(.ARM.Collect$$libinit$$00000000)
    .ARM.Collect$$libinit$$00000002          0x000002e2   Section        0  libinit2.o(.ARM.Collect$$libinit$$00000002)
    .ARM.Collect$$libinit$$00000004          0x000002e2   Section        0  libinit2.o(.ARM.Collect$$libinit$$00000004)
    .ARM.Collect$$libinit$$0000000A          0x000002e2   Section        0  libinit2.o(.ARM.Collect$$libinit$$0000000A)
    .ARM.Collect$$libinit$$0000000C          0x000002e2   Section        0  libinit2.o(.ARM.Collect$$libinit$$0000000C)
    .ARM.Collect$$libinit$$0000000E          0x000002e2   Section        0  libinit2.o(.ARM.Collect$$libinit$$0000000E)
    .ARM.Collect$$libinit$$00000011          0x000002e2   Section        0  libinit2.o(.ARM.Collect$$libinit$$00000011)
    .ARM.Collect$$libinit$$00000013          0x000002e2   Section        0  libinit2.o(.ARM.Collect$$libinit$$00000013)
    .ARM.Collect$$libinit$$00000015          0x000002e2   Section        0  libinit2.o(.ARM.Collect$$libinit$$00000015)
    .ARM.Collect$$libinit$$00000017          0x000002e2   Section        0  libinit2.o(.ARM.Collect$$libinit$$00000017)
    .ARM.Collect$$libinit$$00000019          0x000002e2   Section        0  libinit2.o(.ARM.Collect$$libinit$$00000019)
    .ARM.Collect$$libinit$$0000001B          0x000002e2   Section        0  libinit2.o(.ARM.Collect$$libinit$$0000001B)
    .ARM.Collect$$libinit$$0000001D          0x000002e2   Section        0  libinit2.o(.ARM.Collect$$libinit$$0000001D)
    .ARM.Collect$$libinit$$0000001F          0x000002e2   Section        0  libinit2.o(.ARM.Collect$$libinit$$0000001F)
    .ARM.Collect$$libinit$$00000021          0x000002e2   Section        0  libinit2.o(.ARM.Collect$$libinit$$00000021)
    .ARM.Collect$$libinit$$00000023          0x000002e2   Section        0  libinit2.o(.ARM.Collect$$libinit$$00000023)
    .ARM.Collect$$libinit$$00000025          0x000002e2   Section        0  libinit2.o(.ARM.Collect$$libinit$$00000025)
    .ARM.Collect$$libinit$$0000002C          0x000002e2   Section        0  libinit2.o(.ARM.Collect$$libinit$$0000002C)
    .ARM.Collect$$libinit$$0000002E          0x000002e2   Section        0  libinit2.o(.ARM.Collect$$libinit$$0000002E)
    .ARM.Collect$$libinit$$00000030          0x000002e2   Section        0  libinit2.o(.ARM.Collect$$libinit$$00000030)
    .ARM.Collect$$libinit$$00000032          0x000002e2   Section        0  libinit2.o(.ARM.Collect$$libinit$$00000032)
    .ARM.Collect$$libinit$$00000033          0x000002e2   Section        2  libinit2.o(.ARM.Collect$$libinit$$00000033)
    .ARM.Collect$$libshutdown$$00000000      0x000002e4   Section        2  libshutdown.o(.ARM.Collect$$libshutdown$$00000000)
    .ARM.Collect$$libshutdown$$00000002      0x000002e6   Section        0  libshutdown2.o(.ARM.Collect$$libshutdown$$00000002)
    .ARM.Collect$$libshutdown$$00000004      0x000002e6   Section        0  libshutdown2.o(.ARM.Collect$$libshutdown$$00000004)
    .ARM.Collect$$libshutdown$$00000007      0x000002e6   Section        0  libshutdown2.o(.ARM.Collect$$libshutdown$$00000007)
    .ARM.Collect$$libshutdown$$0000000A      0x000002e6   Section        0  libshutdown2.o(.ARM.Collect$$libshutdown$$0000000A)
    .ARM.Collect$$libshutdown$$0000000C      0x000002e6   Section        0  libshutdown2.o(.ARM.Collect$$libshutdown$$0000000C)
    .ARM.Collect$$libshutdown$$0000000F      0x000002e6   Section        0  libshutdown2.o(.ARM.Collect$$libshutdown$$0000000F)
    .ARM.Collect$$libshutdown$$00000010      0x000002e6   Section        2  libshutdown2.o(.ARM.Collect$$libshutdown$$00000010)
    .ARM.Collect$$rtentry$$00000000          0x000002e8   Section        0  __rtentry.o(.ARM.Collect$$rtentry$$00000000)
    .ARM.Collect$$rtentry$$00000002          0x000002e8   Section        0  __rtentry2.o(.ARM.Collect$$rtentry$$00000002)
    .ARM.Collect$$rtentry$$00000004          0x000002e8   Section        6  __rtentry4.o(.ARM.Collect$$rtentry$$00000004)
    .ARM.Collect$$rtentry$$00000009          0x000002ee   Section        0  __rtentry2.o(.ARM.Collect$$rtentry$$00000009)
    .ARM.Collect$$rtentry$$0000000A          0x000002ee   Section        4  __rtentry2.o(.ARM.Collect$$rtentry$$0000000A)
    .ARM.Collect$$rtentry$$0000000C          0x000002f2   Section        0  __rtentry2.o(.ARM.Collect$$rtentry$$0000000C)
    .ARM.Collect$$rtentry$$0000000D          0x000002f2   Section        8  __rtentry2.o(.ARM.Collect$$rtentry$$0000000D)
    .ARM.Collect$$rtexit$$00000000           0x000002fa   Section        2  rtexit.o(.ARM.Collect$$rtexit$$00000000)
    .ARM.Collect$$rtexit$$00000002           0x000002fc   Section        0  rtexit2.o(.ARM.Collect$$rtexit$$00000002)
    .ARM.Collect$$rtexit$$00000003           0x000002fc   Section        4  rtexit2.o(.ARM.Collect$$rtexit$$00000003)
    .ARM.Collect$$rtexit$$00000004           0x00000300   Section        6  rtexit2.o(.ARM.Collect$$rtexit$$00000004)
    .emb_text                                0x00000308   Section        6  bsp.o(.emb_text)
    .text                                    0x00000310   Section       68  osasm.o(.text)
    .text                                    0x00000354   Section      292  startup_tm4c123.o(.text)
    .text                                    0x00000478   Section        0  heapauxi.o(.text)
    .text                                    0x0000047e   Section       74  sys_stackheap_outer.o(.text)
    .text                                    0x000004c8   Section        0  exit.o(.text)
    .text                                    0x000004dc   Section        8  libspace.o(.text)
    .text                                    0x000004e4   Section        0  sys_exit.o(.text)
    .text                                    0x000004f0   Section        2  use_no_semi.o(.text)
    .text                                    0x000004f2   Section        0  indicate_semi.o(.text)
    i.BSP_Accelerometer_Init                 0x000004f4   Section        0  bsp.o(i.BSP_Accelerometer_Init)
    i.BSP_Accelerometer_Input                0x000005a4   Section        0  bsp.o(i.BSP_Accelerometer_Input)
    i.BSP_Button1_Init                       0x000005ec   Section        0  bsp.o(i.BSP_Button1_Init)
    i.BSP_Button1_Input                      0x0000066c   Section        0  bsp.o(i.BSP_Button1_Input)
    i.BSP_Button2_Init                       0x00000678   Section        0  bsp.o(i.BSP_Button2_Init)
    i.BSP_Button2_Input                      0x00000708   Section        0  bsp.o(i.BSP_Button2_Input)
    i.BSP_Buzzer_Init                        0x00000714   Section        0  bsp.o(i.BSP_Buzzer_Init)
    i.BSP_Buzzer_Set                         0x000007e8   Section        0  bsp.o(i.BSP_Buzzer_Set)
    i.BSP_Clock_GetFreq                      0x00000808   Section        0  bsp.o(i.BSP_Clock_GetFreq)
    i.BSP_Clock_InitFastest                  0x00000814   Section        0  bsp.o(i.BSP_Clock_InitFastest)
    i.BSP_Delay1ms                           0x000008a0   Section        0  bsp.o(i.BSP_Delay1ms)
    i.BSP_LCD_Color565                       0x000008b6   Section        0  bsp.o(i.BSP_LCD_Color565)
    i.BSP_LCD_DrawChar                       0x000008d0   Section        0  bsp.o(i.BSP_LCD_DrawChar)
    i.BSP_LCD_DrawString                     0x000008f0   Section        0  bsp.o(i.BSP_LCD_DrawString)
    i.BSP_LCD_Drawaxes                       0x00000946   Section        0  bsp.o(i.BSP_LCD_Drawaxes)
    i.BSP_LCD_FillScreen                     0x00000950   Section        0  bsp.o(i.BSP_LCD_FillScreen)
    i.BSP_LCD_Init                           0x00000954   Section        0  bsp.o(i.BSP_LCD_Init)
    i.BSP_LCD_OutUDec4                       0x00000988   Section        0  bsp.o(i.BSP_LCD_OutUDec4)
    i.BSP_LCD_OutUFix2_1                     0x00000a10   Section        0  bsp.o(i.BSP_LCD_OutUFix2_1)
    i.BSP_LCD_PlotIncrement                  0x00000a80   Section        0  bsp.o(i.BSP_LCD_PlotIncrement)
    i.BSP_LCD_PlotPoint                      0x00000a82   Section        0  bsp.o(i.BSP_LCD_PlotPoint)
    i.BSP_LCD_SetCursor                      0x00000a84   Section        0  bsp.o(i.BSP_LCD_SetCursor)
    i.BSP_Microphone_Init                    0x00000b74   Section        0  bsp.o(i.BSP_Microphone_Init)
    i.BSP_Microphone_Input                   0x00000c20   Section        0  bsp.o(i.BSP_Microphone_Input)
    i.BSP_RGB_Init                           0x00000c4c   Section        0  bsp.o(i.BSP_RGB_Init)
    i.BSP_RGB_Set                            0x00000c4e   Section        0  bsp.o(i.BSP_RGB_Set)
    i.BSP_TempSensor_End                     0x00000c50   Section        0  bsp.o(i.BSP_TempSensor_End)
    i.BSP_TempSensor_Init                    0x00000cb0   Section        0  bsp.o(i.BSP_TempSensor_Init)
    i.BSP_TempSensor_Start                   0x00000cb8   Section        0  bsp.o(i.BSP_TempSensor_Start)
    i.BSP_Time_Get                           0x00000cd8   Section        0  bsp.o(i.BSP_Time_Get)
    i.BSP_Time_Init                          0x00000ce8   Section        0  bsp.o(i.BSP_Time_Init)
    i.BSP_UART0_OutChar                      0x00000d54   Section        0  bsp.o(i.BSP_UART0_OutChar)
    i.BSP_UART0_OutString                    0x00000d6c   Section        0  bsp.o(i.BSP_UART0_OutString)
    i.CheckMailBox                           0x00000d84   Section        0  texas.o(i.CheckMailBox)
    i.CheckRoundRobin                        0x00000dcc   Section        0  texas.o(i.CheckRoundRobin)
    i.CheckRunPt                             0x00000ea8   Section        0  texas.o(i.CheckRunPt)
    i.CheckSemaphore                         0x00000f0c   Section        0  texas.o(i.CheckSemaphore)
    i.CheckStack                             0x00000ffc   Section        0  texas.o(i.CheckStack)
    i.Encrypt                                0x00001088   Section        0  texas.o(i.Encrypt)
    Encrypt                                  0x00001089   Thumb Code    86  texas.o(i.Encrypt)
    i.Grader                                 0x000010f0   Section        0  texas.o(i.Grader)
    i.LogicAnalyzer                          0x00001578   Section        0  texas.o(i.LogicAnalyzer)
    i.NonrealTimeResults                     0x0000158c   Section        0  texas.o(i.NonrealTimeResults)
    i.OS_AddPeriodicEventThreads             0x0000162c   Section        0  os.o(i.OS_AddPeriodicEventThreads)
    i.OS_AddThreads                          0x00001634   Section        0  os.o(i.OS_AddThreads)
    i.OS_Init                                0x0000163c   Section        0  os.o(i.OS_Init)
    i.OS_InitSemaphore                       0x00001648   Section        0  os.o(i.OS_InitSemaphore)
    i.OS_Launch                              0x0000164c   Section        0  os.o(i.OS_Launch)
    i.OS_MailBox_Init                        0x00001680   Section        0  os.o(i.OS_MailBox_Init)
    i.OS_MailBox_Recv                        0x00001682   Section        0  os.o(i.OS_MailBox_Recv)
    i.OS_MailBox_Send                        0x00001684   Section        0  os.o(i.OS_MailBox_Send)
    i.OS_Signal                              0x00001686   Section        0  os.o(i.OS_Signal)
    i.OS_Wait                                0x0000169a   Section        0  os.o(i.OS_Wait)
    i.PeriodicTask2_Init                     0x000016c0   Section        0  texas.o(i.PeriodicTask2_Init)
    i.PeriodicTask2_Stop                     0x0000177c   Section        0  texas.o(i.PeriodicTask2_Stop)
    i.Profile_Init                           0x000017a0   Section        0  profile.o(i.Profile_Init)
    i.RealTimeResults                        0x00001974   Section        0  texas.o(i.RealTimeResults)
    i.RealTimeResultsNoJitter                0x00001a2c   Section        0  texas.o(i.RealTimeResultsNoJitter)
    i.ST7735_InitR                           0x00001ae0   Section        0  bsp.o(i.ST7735_InitR)
    ST7735_InitR                             0x00001ae1   Thumb Code    12  bsp.o(i.ST7735_InitR)
    i.Scheduler                              0x00001af0   Section        0  os.o(i.Scheduler)
    i.SetGrade                               0x00001af4   Section        0  texas.o(i.SetGrade)
    SetGrade                                 0x00001af5   Thumb Code   196  texas.o(i.SetGrade)
    i.TExaS_Init                             0x00001bc0   Section        0  texas.o(i.TExaS_Init)
    i.TExaS_Stop                             0x00001c88   Section        0  texas.o(i.TExaS_Stop)
    i.TExaS_Task0                            0x00001c90   Section        0  texas.o(i.TExaS_Task0)
    i.TExaS_Task1                            0x00001cd0   Section        0  texas.o(i.TExaS_Task1)
    i.TExaS_Task2                            0x00001d10   Section        0  texas.o(i.TExaS_Task2)
    i.TExaS_Task3                            0x00001d50   Section        0  texas.o(i.TExaS_Task3)
    i.TExaS_Task4                            0x00001d90   Section        0  texas.o(i.TExaS_Task4)
    i.TExaS_Task5                            0x00001dd0   Section        0  texas.o(i.TExaS_Task5)
    i.TIMER5A_Handler                        0x00001e10   Section        0  texas.o(i.TIMER5A_Handler)
    i.Task0                                  0x00001e28   Section        0  lab2.o(i.Task0)
    i.Task0_Init                             0x00001eb4   Section        0  lab2.o(i.Task0_Init)
    i.Task1                                  0x00001ebc   Section        0  lab2.o(i.Task1)
    i.Task1_Init                             0x00001f1c   Section        0  lab2.o(i.Task1_Init)
    i.Task2                                  0x00001f7c   Section        0  lab2.o(i.Task2)
    i.Task3                                  0x00002180   Section        0  lab2.o(i.Task3)
    i.Task4                                  0x00002260   Section        0  lab2.o(i.Task4)
    i.Task5                                  0x000022a8   Section        0  lab2.o(i.Task5)
    i.UART_Init                              0x000023e8   Section        0  texas.o(i.UART_Init)
    i.UART_OutChar                           0x0000248c   Section        0  texas.o(i.UART_OutChar)
    i.UART_OutString                         0x000024a4   Section        0  texas.o(i.UART_OutString)
    i.UART_OutUDec                           0x000024bc   Section        0  texas.o(i.UART_OutUDec)
    i.UART_OutUDec7                          0x000024e8   Section        0  texas.o(i.UART_OutUDec7)
    i.UART_OutUFix1                          0x0000252c   Section        0  texas.o(i.UART_OutUFix1)
    i.WideTimer3A_Handler                    0x0000255c   Section        0  bsp.o(i.WideTimer3A_Handler)
    i.WideTimer4A_Handler                    0x00002574   Section        0  bsp.o(i.WideTimer4A_Handler)
    i.WideTimer5A_Handler                    0x0000258c   Section        0  bsp.o(i.WideTimer5A_Handler)
    i.adcinit                                0x000025a4   Section        0  bsp.o(i.adcinit)
    adcinit                                  0x000025a5   Thumb Code    58  bsp.o(i.adcinit)
    i.commonInit                             0x000025f0   Section        0  bsp.o(i.commonInit)
    commonInit                               0x000025f1   Thumb Code   118  bsp.o(i.commonInit)
    i.drawaxes                               0x00002678   Section        0  lab2.o(i.drawaxes)
    i.fillmessage                            0x00002754   Section        0  bsp.o(i.fillmessage)
    fillmessage                              0x00002755   Thumb Code    64  bsp.o(i.fillmessage)
    i.fillmessage2_1                         0x0000279c   Section        0  bsp.o(i.fillmessage2_1)
    fillmessage2_1                           0x0000279d   Thumb Code    90  bsp.o(i.fillmessage2_1)
    i.fillmessage4                           0x000027fc   Section        0  bsp.o(i.fillmessage4)
    fillmessage4                             0x000027fd   Thumb Code    90  bsp.o(i.fillmessage4)
    i.fillmessage7b                          0x00002860   Section        0  texas.o(i.fillmessage7b)
    fillmessage7b                            0x00002861   Thumb Code   174  texas.o(i.fillmessage7b)
    i.fillmessageb                           0x00002924   Section        0  texas.o(i.fillmessageb)
    fillmessageb                             0x00002925   Thumb Code    64  texas.o(i.fillmessageb)
    i.i2cinit                                0x0000296c   Section        0  bsp.o(i.i2cinit)
    i2cinit                                  0x0000296d   Thumb Code    18  bsp.o(i.i2cinit)
    i.main                                   0x00002984   Section        0  lab2.o(i.main)
    i.sqrt32                                 0x00002a20   Section        0  lab2.o(i.sqrt32)
    .constdata                               0x00002a3e   Section      128  bsp.o(.constdata)
    Rcmd1                                    0x00002a3e   Data          59  bsp.o(.constdata)
    Rcmd2green                               0x00002a79   Data          13  bsp.o(.constdata)
    Rcmd2red                                 0x00002a86   Data          13  bsp.o(.constdata)
    Rcmd3                                    0x00002a93   Data          43  bsp.o(.constdata)
    .constdata                               0x00002ac0   Section       72  texas.o(.constdata)
    .data                                    0x20000000   Section       78  lab2.o(.data)
    soundSum                                 0x20000044   Data           4  lab2.o(.data)
    time                                     0x20000048   Data           4  lab2.o(.data)
    prev1                                    0x2000004c   Data           1  lab2.o(.data)
    prev2                                    0x2000004d   Data           1  lab2.o(.data)
    .data                                    0x20000050   Section        4  os.o(.data)
    .data                                    0x20000054   Section       92  bsp.o(.data)
    ClockFrequency                           0x20000054   Data           4  bsp.o(.data)
    PWMCycles                                0x20000058   Data           2  bsp.o(.data)
    firstCall                                0x200000a4   Data           4  bsp.o(.data)
    x                                        0x200000a8   Data           4  bsp.o(.data)
    y                                        0x200000ac   Data           4  bsp.o(.data)
    .data                                    0x200000b0   Section       52  texas.o(.data)
    count                                    0x200000e0   Data           4  texas.o(.data)
    .bss                                     0x200000e4   Section     2000  lab2.o(.bss)
    .bss                                     0x200008b4   Section     1632  os.o(.bss)
    .bss                                     0x20000f14   Section       12  bsp.o(.bss)
    .bss                                     0x20000f20   Section     1700  texas.o(.bss)
    .bss                                     0x200015c4   Section       96  libspace.o(.bss)
    HEAP                                     0x20001628   Section        0  startup_tm4c123.o(HEAP)
    STACK                                    0x20001628   Section      512  startup_tm4c123.o(STACK)
    Heap_Mem                                 0x20001628   Data           0  startup_tm4c123.o(HEAP)
    Stack_Mem                                0x20001628   Data         512  startup_tm4c123.o(STACK)
    __initial_sp                             0x20001828   Data           0  startup_tm4c123.o(STACK)

    Global Symbols

    Symbol Name                              Value     Ov Type        Size  Object(Section)

    BuildAttributes$$THM_ISAv4$E$P$D$K$B$S$7EM$PE$A:L22UL41UL21$X:L11$S22US41US21$IEEE1$IW$USESV6$~STKCKD$USESV7$~SHL$OSPACE$ROPI$EBA8$UX$STANDARDLIB$REQ8$PRES8$EABIv2 0x00000000   Number         0  anon$$obj.o ABSOLUTE
    __ARM_use_no_argv                        0x00000000   Number         0  lab2.o ABSOLUTE
    __Vectors                                0x00000000   Data           4  startup_tm4c123.o(RESET)
    __ARM_exceptions_init                     - Undefined Weak Reference
    __alloca_initialize                       - Undefined Weak Reference
    __arm_preinit_                            - Undefined Weak Reference
    __cpp_initialize__aeabi_                  - Undefined Weak Reference
    __cxa_finalize                            - Undefined Weak Reference
    __rt_locale                               - Undefined Weak Reference
    __sigvec_lookup                           - Undefined Weak Reference
    _atexit_init                              - Undefined Weak Reference
    _call_atexit_fns                          - Undefined Weak Reference
    _clock_init                               - Undefined Weak Reference
    _fp_trap_init                             - Undefined Weak Reference
    _fp_trap_shutdown                         - Undefined Weak Reference
    _get_lc_collate                           - Undefined Weak Reference
    _get_lc_ctype                             - Undefined Weak Reference
    _get_lc_monetary                          - Undefined Weak Reference
    _get_lc_numeric                           - Undefined Weak Reference
    _get_lc_time                              - Undefined Weak Reference
    _getenv_init                              - Undefined Weak Reference
    _handle_redirection                       - Undefined Weak Reference
    _init_alloc                               - Undefined Weak Reference
    _init_user_alloc                          - Undefined Weak Reference
    _initio                                   - Undefined Weak Reference
    _rand_init                                - Undefined Weak Reference
    _signal_finish                            - Undefined Weak Reference
    _signal_init                              - Undefined Weak Reference
    _terminate_alloc                          - Undefined Weak Reference
    _terminate_user_alloc                     - Undefined Weak Reference
    _terminateio                              - Undefined Weak Reference
    __Vectors_End                            0x0000026c   Data           0  startup_tm4c123.o(RESET)
    __Vectors_Size                           0x0000026c   Number         0  startup_tm4c123.o ABSOLUTE
    __main                                   0x0000026d   Thumb Code     8  __main.o(!!!main)
    __scatterload                            0x00000275   Thumb Code     0  __scatter.o(!!!scatter)
    __scatterload_rt2                        0x00000275   Thumb Code    44  __scatter.o(!!!scatter)
    __scatterload_rt2_thumb_only             0x00000275   Thumb Code     0  __scatter.o(!!!scatter)
    __scatterload_null                       0x00000283   Thumb Code     0  __scatter.o(!!!scatter)
    __scatterload_copy                       0x000002a9   Thumb Code    26  __scatter_copy.o(!!handler_copy)
    __scatterload_zeroinit                   0x000002c5   Thumb Code    28  __scatter_zi.o(!!handler_zi)
    __rt_lib_init                            0x000002e1   Thumb Code     0  libinit.o(.ARM.Collect$$libinit$$00000000)
    __rt_lib_init_alloca_1                   0x000002e3   Thumb Code     0  libinit2.o(.ARM.Collect$$libinit$$0000002E)
    __rt_lib_init_argv_1                     0x000002e3   Thumb Code     0  libinit2.o(.ARM.Collect$$libinit$$0000002C)
    __rt_lib_init_atexit_1                   0x000002e3   Thumb Code     0  libinit2.o(.ARM.Collect$$libinit$$0000001B)
    __rt_lib_init_clock_1                    0x000002e3   Thumb Code     0  libinit2.o(.ARM.Collect$$libinit$$00000021)
    __rt_lib_init_cpp_1                      0x000002e3   Thumb Code     0  libinit2.o(.ARM.Collect$$libinit$$00000032)
    __rt_lib_init_exceptions_1               0x000002e3   Thumb Code     0  libinit2.o(.ARM.Collect$$libinit$$00000030)
    __rt_lib_init_fp_1                       0x000002e3   Thumb Code     0  libinit2.o(.ARM.Collect$$libinit$$00000002)
    __rt_lib_init_fp_trap_1                  0x000002e3   Thumb Code     0  libinit2.o(.ARM.Collect$$libinit$$0000001F)
    __rt_lib_init_getenv_1                   0x000002e3   Thumb Code     0  libinit2.o(.ARM.Collect$$libinit$$00000023)
    __rt_lib_init_heap_1                     0x000002e3   Thumb Code     0  libinit2.o(.ARM.Collect$$libinit$$0000000A)
    __rt_lib_init_lc_collate_1               0x000002e3   Thumb Code     0  libinit2.o(.ARM.Collect$$libinit$$00000011)
    __rt_lib_init_lc_ctype_1                 0x000002e3   Thumb Code     0  libinit2.o(.ARM.Collect$$libinit$$00000013)
    __rt_lib_init_lc_monetary_1              0x000002e3   Thumb Code     0  libinit2.o(.ARM.Collect$$libinit$$00000015)
    __rt_lib_init_lc_numeric_1               0x000002e3   Thumb Code     0  libinit2.o(.ARM.Collect$$libinit$$00000017)
    __rt_lib_init_lc_time_1                  0x000002e3   Thumb Code     0  libinit2.o(.ARM.Collect$$libinit$$00000019)
    __rt_lib_init_preinit_1                  0x000002e3   Thumb Code     0  libinit2.o(.ARM.Collect$$libinit$$00000004)
    __rt_lib_init_rand_1                     0x000002e3   Thumb Code     0  libinit2.o(.ARM.Collect$$libinit$$0000000E)
    __rt_lib_init_return                     0x000002e3   Thumb Code     0  libinit2.o(.ARM.Collect$$libinit$$00000033)
    __rt_lib_init_signal_1                   0x000002e3   Thumb Code     0  libinit2.o(.ARM.Collect$$libinit$$0000001D)
    __rt_lib_init_stdio_1                    0x000002e3   Thumb Code     0  libinit2.o(.ARM.Collect$$libinit$$00000025)
    __rt_lib_init_user_alloc_1               0x000002e3   Thumb Code     0  libinit2.o(.ARM.Collect$$libinit$$0000000C)
    __rt_lib_shutdown                        0x000002e5   Thumb Code     0  libshutdown.o(.ARM.Collect$$libshutdown$$00000000)
    __rt_lib_shutdown_cpp_1                  0x000002e7   Thumb Code     0  libshutdown2.o(.ARM.Collect$$libshutdown$$00000002)
    __rt_lib_shutdown_fp_trap_1              0x000002e7   Thumb Code     0  libshutdown2.o(.ARM.Collect$$libshutdown$$00000007)
    __rt_lib_shutdown_heap_1                 0x000002e7   Thumb Code     0  libshutdown2.o(.ARM.Collect$$libshutdown$$0000000F)
    __rt_lib_shutdown_return                 0x000002e7   Thumb Code     0  libshutdown2.o(.ARM.Collect$$libshutdown$$00000010)
    __rt_lib_shutdown_signal_1               0x000002e7   Thumb Code     0  libshutdown2.o(.ARM.Collect$$libshutdown$$0000000A)
    __rt_lib_shutdown_stdio_1                0x000002e7   Thumb Code     0  libshutdown2.o(.ARM.Collect$$libshutdown$$00000004)
    __rt_lib_shutdown_user_alloc_1           0x000002e7   Thumb Code     0  libshutdown2.o(.ARM.Collect$$libshutdown$$0000000C)
    __rt_entry                               0x000002e9   Thumb Code     0  __rtentry.o(.ARM.Collect$$rtentry$$00000000)
    __rt_entry_presh_1                       0x000002e9   Thumb Code     0  __rtentry2.o(.ARM.Collect$$rtentry$$00000002)
    __rt_entry_sh                            0x000002e9   Thumb Code     0  __rtentry4.o(.ARM.Collect$$rtentry$$00000004)
    __rt_entry_li                            0x000002ef   Thumb Code     0  __rtentry2.o(.ARM.Collect$$rtentry$$0000000A)
    __rt_entry_postsh_1                      0x000002ef   Thumb Code     0  __rtentry2.o(.ARM.Collect$$rtentry$$00000009)
    __rt_entry_main                          0x000002f3   Thumb Code     0  __rtentry2.o(.ARM.Collect$$rtentry$$0000000D)
    __rt_entry_postli_1                      0x000002f3   Thumb Code     0  __rtentry2.o(.ARM.Collect$$rtentry$$0000000C)
    __rt_exit                                0x000002fb   Thumb Code     0  rtexit.o(.ARM.Collect$$rtexit$$00000000)
    __rt_exit_ls                             0x000002fd   Thumb Code     0  rtexit2.o(.ARM.Collect$$rtexit$$00000003)
    __rt_exit_prels_1                        0x000002fd   Thumb Code     0  rtexit2.o(.ARM.Collect$$rtexit$$00000002)
    __rt_exit_exit                           0x00000301   Thumb Code     0  rtexit2.o(.ARM.Collect$$rtexit$$00000004)
    parrotdelay                              0x00000309   Thumb Code     6  bsp.o(.emb_text)
    SysTick_Handler                          0x00000311   Thumb Code     0  osasm.o(.text)
    StartOS                                  0x0000032f   Thumb Code     0  osasm.o(.text)
    Reset_Handler                            0x00000355   Thumb Code     4  startup_tm4c123.o(.text)
    NMI_Handler                              0x00000359   Thumb Code     2  startup_tm4c123.o(.text)
    HardFault_Handler                        0x0000035b   Thumb Code     2  startup_tm4c123.o(.text)
    MemManage_Handler                        0x0000035d   Thumb Code     2  startup_tm4c123.o(.text)
    BusFault_Handler                         0x0000035f   Thumb Code     2  startup_tm4c123.o(.text)
    UsageFault_Handler                       0x00000361   Thumb Code     2  startup_tm4c123.o(.text)
    SVC_Handler                              0x00000363   Thumb Code     2  startup_tm4c123.o(.text)
    DebugMon_Handler                         0x00000365   Thumb Code     2  startup_tm4c123.o(.text)
    PendSV_Handler                           0x00000367   Thumb Code     2  startup_tm4c123.o(.text)
    GPIOPortA_Handler                        0x0000036b   Thumb Code     2  startup_tm4c123.o(.text)
    GPIOPortB_Handler                        0x0000036d   Thumb Code     2  startup_tm4c123.o(.text)
    GPIOPortC_Handler                        0x0000036f   Thumb Code     2  startup_tm4c123.o(.text)
    GPIOPortD_Handler                        0x00000371   Thumb Code     2  startup_tm4c123.o(.text)
    GPIOPortE_Handler                        0x00000373   Thumb Code     2  startup_tm4c123.o(.text)
    UART0_Handler                            0x00000375   Thumb Code     2  startup_tm4c123.o(.text)
    UART1_Handler                            0x00000377   Thumb Code     2  startup_tm4c123.o(.text)
    SSI0_Handler                             0x00000379   Thumb Code     2  startup_tm4c123.o(.text)
    I2C0_Handler                             0x0000037b   Thumb Code     2  startup_tm4c123.o(.text)
    PMW0_FAULT_Handler                       0x0000037d   Thumb Code     2  startup_tm4c123.o(.text)
    PWM0Generator0_Handler                   0x0000037f   Thumb Code     2  startup_tm4c123.o(.text)
    PWM0Generator1_Handler                   0x00000381   Thumb Code     2  startup_tm4c123.o(.text)
    PWM0Generator2_Handler                   0x00000383   Thumb Code     2  startup_tm4c123.o(.text)
    Quadrature0_Handler                      0x00000385   Thumb Code     2  startup_tm4c123.o(.text)
    ADC0Seq0_Handler                         0x00000387   Thumb Code     2  startup_tm4c123.o(.text)
    ADC0Seq1_Handler                         0x00000389   Thumb Code     2  startup_tm4c123.o(.text)
    ADC0Seq2_Handler                         0x0000038b   Thumb Code     2  startup_tm4c123.o(.text)
    ADC0Seq3_Handler                         0x0000038d   Thumb Code     2  startup_tm4c123.o(.text)
    WDT_Handler                              0x0000038f   Thumb Code     2  startup_tm4c123.o(.text)
    TIMER0A_Handler                          0x00000391   Thumb Code     2  startup_tm4c123.o(.text)
    TIMER0B_Handler                          0x00000393   Thumb Code     2  startup_tm4c123.o(.text)
    TIMER1A_Handler                          0x00000395   Thumb Code     2  startup_tm4c123.o(.text)
    TIMER1B_Handler                          0x00000397   Thumb Code     2  startup_tm4c123.o(.text)
    TIMER2A_Handler                          0x00000399   Thumb Code     2  startup_tm4c123.o(.text)
    TIMER2B_Handler                          0x0000039b   Thumb Code     2  startup_tm4c123.o(.text)
    COMP0_Handler                            0x0000039d   Thumb Code     2  startup_tm4c123.o(.text)
    COMP1_Handler                            0x0000039f   Thumb Code     2  startup_tm4c123.o(.text)
    COMP2_Handler                            0x000003a1   Thumb Code     2  startup_tm4c123.o(.text)
    SYSCTL_Handler                           0x000003a3   Thumb Code     2  startup_tm4c123.o(.text)
    FlashCtl_Handler                         0x000003a5   Thumb Code     2  startup_tm4c123.o(.text)
    GPIOPortF_Handler                        0x000003a7   Thumb Code     2  startup_tm4c123.o(.text)
    GPIOPortG_Handler                        0x000003a9   Thumb Code     2  startup_tm4c123.o(.text)
    GPIOPortH_Handler                        0x000003ab   Thumb Code     2  startup_tm4c123.o(.text)
    UART2_Handler                            0x000003ad   Thumb Code     2  startup_tm4c123.o(.text)
    SSI1_Handler                             0x000003af   Thumb Code     2  startup_tm4c123.o(.text)
    TIMER3A_Handler                          0x000003b1   Thumb Code     2  startup_tm4c123.o(.text)
    TIMER3B_Handler                          0x000003b3   Thumb Code     2  startup_tm4c123.o(.text)
    I2C1_Handler                             0x000003b5   Thumb Code     2  startup_tm4c123.o(.text)
    Quadrature1_Handler                      0x000003b7   Thumb Code     2  startup_tm4c123.o(.text)
    CAN0_Handler                             0x000003b9   Thumb Code     2  startup_tm4c123.o(.text)
    CAN1_Handler                             0x000003bb   Thumb Code     2  startup_tm4c123.o(.text)
    CAN2_Handler                             0x000003bd   Thumb Code     2  startup_tm4c123.o(.text)
    Hibernate_Handler                        0x000003bf   Thumb Code     2  startup_tm4c123.o(.text)
    USB0_Handler                             0x000003c1   Thumb Code     2  startup_tm4c123.o(.text)
    PWM0Generator3_Handler                   0x000003c3   Thumb Code     2  startup_tm4c123.o(.text)
    UDMA_Handler                             0x000003c5   Thumb Code     2  startup_tm4c123.o(.text)
    UDMAERR_Handler                          0x000003c7   Thumb Code     2  startup_tm4c123.o(.text)
    ADC1Seq0_Handler                         0x000003c9   Thumb Code     2  startup_tm4c123.o(.text)
    ADC1Seq1_Handler                         0x000003cb   Thumb Code     2  startup_tm4c123.o(.text)
    ADC1Seq2_Handler                         0x000003cd   Thumb Code     2  startup_tm4c123.o(.text)
    ADC1Seq3_Handler                         0x000003cf   Thumb Code     2  startup_tm4c123.o(.text)
    GPIOPortJ_Handler                        0x000003d1   Thumb Code     2  startup_tm4c123.o(.text)
    GPIOPortK_Handler                        0x000003d3   Thumb Code     2  startup_tm4c123.o(.text)
    GPIOPortL_Handler                        0x000003d5   Thumb Code     2  startup_tm4c123.o(.text)
    SSI2_Handler                             0x000003d7   Thumb Code     2  startup_tm4c123.o(.text)
    SSI3_Handler                             0x000003d9   Thumb Code     2  startup_tm4c123.o(.text)
    UART3_Handler                            0x000003db   Thumb Code     2  startup_tm4c123.o(.text)
    UART4_Handler                            0x000003dd   Thumb Code     2  startup_tm4c123.o(.text)
    UART5_Handler                            0x000003df   Thumb Code     2  startup_tm4c123.o(.text)
    UART6_Handler                            0x000003e1   Thumb Code     2  startup_tm4c123.o(.text)
    UART7_Handler                            0x000003e3   Thumb Code     2  startup_tm4c123.o(.text)
    I2C2_Handler                             0x000003e5   Thumb Code     2  startup_tm4c123.o(.text)
    I2C3_Handler                             0x000003e7   Thumb Code     2  startup_tm4c123.o(.text)
    TIMER4A_Handler                          0x000003e9   Thumb Code     2  startup_tm4c123.o(.text)
    TIMER4B_Handler                          0x000003eb   Thumb Code     2  startup_tm4c123.o(.text)
    TIMER5B_Handler                          0x000003ef   Thumb Code     2  startup_tm4c123.o(.text)
    WideTimer0A_Handler                      0x000003f1   Thumb Code     2  startup_tm4c123.o(.text)
    WideTimer0B_Handler                      0x000003f3   Thumb Code     2  startup_tm4c123.o(.text)
    WideTimer1A_Handler                      0x000003f5   Thumb Code     2  startup_tm4c123.o(.text)
    WideTimer1B_Handler                      0x000003f7   Thumb Code     2  startup_tm4c123.o(.text)
    WideTimer2A_Handler                      0x000003f9   Thumb Code     2  startup_tm4c123.o(.text)
    WideTimer2B_Handler                      0x000003fb   Thumb Code     2  startup_tm4c123.o(.text)
    WideTimer3B_Handler                      0x000003ff   Thumb Code     2  startup_tm4c123.o(.text)
    WideTimer4B_Handler                      0x00000403   Thumb Code     2  startup_tm4c123.o(.text)
    WideTimer5B_Handler                      0x00000407   Thumb Code     2  startup_tm4c123.o(.text)
    FPU_Handler                              0x00000409   Thumb Code     2  startup_tm4c123.o(.text)
    I2C4_Handler                             0x0000040b   Thumb Code     2  startup_tm4c123.o(.text)
    I2C5_Handler                             0x0000040d   Thumb Code     2  startup_tm4c123.o(.text)
    GPIOPortM_Handler                        0x0000040f   Thumb Code     2  startup_tm4c123.o(.text)
    GPIOPortN_Handler                        0x00000411   Thumb Code     2  startup_tm4c123.o(.text)
    QEI2_Handler                             0x00000413   Thumb Code     2  startup_tm4c123.o(.text)
    GPIOPortP0_Handler                       0x00000415   Thumb Code     2  startup_tm4c123.o(.text)
    GPIOPortP1_Handler                       0x00000417   Thumb Code     2  startup_tm4c123.o(.text)
    GPIOPortP2_Handler                       0x00000419   Thumb Code     2  startup_tm4c123.o(.text)
    GPIOPortP3_Handler                       0x0000041b   Thumb Code     2  startup_tm4c123.o(.text)
    GPIOPortP4_Handler                       0x0000041d   Thumb Code     2  startup_tm4c123.o(.text)
    GPIOPortP5_Handler                       0x0000041f   Thumb Code     2  startup_tm4c123.o(.text)
    GPIOPortP6_Handler                       0x00000421   Thumb Code     2  startup_tm4c123.o(.text)
    GPIOPortP7_Handler                       0x00000423   Thumb Code     2  startup_tm4c123.o(.text)
    GPIOPortQ0_Handler                       0x00000425   Thumb Code     2  startup_tm4c123.o(.text)
    GPIOPortQ1_Handler                       0x00000427   Thumb Code     2  startup_tm4c123.o(.text)
    GPIOPortQ2_Handler                       0x00000429   Thumb Code     2  startup_tm4c123.o(.text)
    GPIOPortQ3_Handler                       0x0000042b   Thumb Code     2  startup_tm4c123.o(.text)
    GPIOPortQ4_Handler                       0x0000042d   Thumb Code     2  startup_tm4c123.o(.text)
    GPIOPortQ5_Handler                       0x0000042f   Thumb Code     2  startup_tm4c123.o(.text)
    GPIOPortQ6_Handler                       0x00000431   Thumb Code     2  startup_tm4c123.o(.text)
    GPIOPortQ7_Handler                       0x00000433   Thumb Code     2  startup_tm4c123.o(.text)
    GPIOPortR_Handler                        0x00000435   Thumb Code     2  startup_tm4c123.o(.text)
    GPIOPortS_Handler                        0x00000437   Thumb Code     2  startup_tm4c123.o(.text)
    PWM1Generator0_Handler                   0x00000439   Thumb Code     2  startup_tm4c123.o(.text)
    PWM1Generator1_Handler                   0x0000043b   Thumb Code     2  startup_tm4c123.o(.text)
    PWM1Generator2_Handler                   0x0000043d   Thumb Code     2  startup_tm4c123.o(.text)
    PWM1Generator3_Handler                   0x0000043f   Thumb Code     2  startup_tm4c123.o(.text)
    PWM1Fault_Handler                        0x00000441   Thumb Code     2  startup_tm4c123.o(.text)
    DisableInterrupts                        0x00000449   Thumb Code     0  startup_tm4c123.o(.text)
    EnableInterrupts                         0x0000044d   Thumb Code     0  startup_tm4c123.o(.text)
    StartCritical                            0x00000451   Thumb Code     0  startup_tm4c123.o(.text)
    EndCritical                              0x00000459   Thumb Code     0  startup_tm4c123.o(.text)
    WaitForInterrupt                         0x0000045f   Thumb Code     0  startup_tm4c123.o(.text)
    __user_initial_stackheap                 0x00000463   Thumb Code     0  startup_tm4c123.o(.text)
    __use_two_region_memory                  0x00000479   Thumb Code     2  heapauxi.o(.text)
    __rt_heap_escrow$2region                 0x0000047b   Thumb Code     2  heapauxi.o(.text)
    __rt_heap_expand$2region                 0x0000047d   Thumb Code     2  heapauxi.o(.text)
    __user_setup_stackheap                   0x0000047f   Thumb Code    74  sys_stackheap_outer.o(.text)
    exit                                     0x000004c9   Thumb Code    18  exit.o(.text)
    __user_libspace                          0x000004dd   Thumb Code     8  libspace.o(.text)
    __user_perproc_libspace                  0x000004dd   Thumb Code     0  libspace.o(.text)
    __user_perthread_libspace                0x000004dd   Thumb Code     0  libspace.o(.text)
    _sys_exit                                0x000004e5   Thumb Code     8  sys_exit.o(.text)
    __I$use$semihosting                      0x000004f1   Thumb Code     0  use_no_semi.o(.text)
    __use_no_semihosting_swi                 0x000004f1   Thumb Code     2  use_no_semi.o(.text)
    __semihosting_library_function           0x000004f3   Thumb Code     0  indicate_semi.o(.text)
    BSP_Accelerometer_Init                   0x000004f5   Thumb Code   156  bsp.o(i.BSP_Accelerometer_Init)
    BSP_Accelerometer_Input                  0x000005a5   Thumb Code    66  bsp.o(i.BSP_Accelerometer_Input)
    BSP_Button1_Init                         0x000005ed   Thumb Code   112  bsp.o(i.BSP_Button1_Init)
    BSP_Button1_Input                        0x0000066d   Thumb Code     8  bsp.o(i.BSP_Button1_Input)
    BSP_Button2_Init                         0x00000679   Thumb Code   124  bsp.o(i.BSP_Button2_Init)
    BSP_Button2_Input                        0x00000709   Thumb Code     8  bsp.o(i.BSP_Button2_Input)
    BSP_Buzzer_Init                          0x00000715   Thumb Code   184  bsp.o(i.BSP_Buzzer_Init)
    BSP_Buzzer_Set                           0x000007e9   Thumb Code    24  bsp.o(i.BSP_Buzzer_Set)
    BSP_Clock_GetFreq                        0x00000809   Thumb Code     6  bsp.o(i.BSP_Clock_GetFreq)
    BSP_Clock_InitFastest                    0x00000815   Thumb Code   126  bsp.o(i.BSP_Clock_InitFastest)
    BSP_Delay1ms                             0x000008a1   Thumb Code    22  bsp.o(i.BSP_Delay1ms)
    BSP_LCD_Color565                         0x000008b7   Thumb Code    24  bsp.o(i.BSP_LCD_Color565)
    BSP_LCD_DrawChar                         0x000008d1   Thumb Code    26  bsp.o(i.BSP_LCD_DrawChar)
    BSP_LCD_DrawString                       0x000008f1   Thumb Code    86  bsp.o(i.BSP_LCD_DrawString)
    BSP_LCD_Drawaxes                         0x00000947   Thumb Code    10  bsp.o(i.BSP_LCD_Drawaxes)
    BSP_LCD_FillScreen                       0x00000951   Thumb Code     2  bsp.o(i.BSP_LCD_FillScreen)
    BSP_LCD_Init                             0x00000955   Thumb Code    16  bsp.o(i.BSP_LCD_Init)
    BSP_LCD_OutUDec4                         0x00000989   Thumb Code   116  bsp.o(i.BSP_LCD_OutUDec4)
    BSP_LCD_OutUFix2_1                       0x00000a11   Thumb Code    96  bsp.o(i.BSP_LCD_OutUFix2_1)
    BSP_LCD_PlotIncrement                    0x00000a81   Thumb Code     2  bsp.o(i.BSP_LCD_PlotIncrement)
    BSP_LCD_PlotPoint                        0x00000a83   Thumb Code     2  bsp.o(i.BSP_LCD_PlotPoint)
    BSP_LCD_SetCursor                        0x00000a85   Thumb Code   214  bsp.o(i.BSP_LCD_SetCursor)
    BSP_Microphone_Init                      0x00000b75   Thumb Code   152  bsp.o(i.BSP_Microphone_Init)
    BSP_Microphone_Input                     0x00000c21   Thumb Code    40  bsp.o(i.BSP_Microphone_Input)
    BSP_RGB_Init                             0x00000c4d   Thumb Code     2  bsp.o(i.BSP_RGB_Init)
    BSP_RGB_Set                              0x00000c4f   Thumb Code     2  bsp.o(i.BSP_RGB_Set)
    BSP_TempSensor_End                       0x00000c51   Thumb Code    78  bsp.o(i.BSP_TempSensor_End)
    BSP_TempSensor_Init                      0x00000cb1   Thumb Code     8  bsp.o(i.BSP_TempSensor_Init)
    BSP_TempSensor_Start                     0x00000cb9   Thumb Code    24  bsp.o(i.BSP_TempSensor_Start)
    BSP_Time_Get                             0x00000cd9   Thumb Code    10  bsp.o(i.BSP_Time_Get)
    BSP_Time_Init                            0x00000ce9   Thumb Code    94  bsp.o(i.BSP_Time_Init)
    BSP_UART0_OutChar                        0x00000d55   Thumb Code    20  bsp.o(i.BSP_UART0_OutChar)
    BSP_UART0_OutString                      0x00000d6d   Thumb Code    24  bsp.o(i.BSP_UART0_OutString)
    CheckMailBox                             0x00000d85   Thumb Code    26  texas.o(i.CheckMailBox)
    CheckRoundRobin                          0x00000dcd   Thumb Code   128  texas.o(i.CheckRoundRobin)
    CheckRunPt                               0x00000ea9   Thumb Code    38  texas.o(i.CheckRunPt)
    CheckSemaphore                           0x00000f0d   Thumb Code    90  texas.o(i.CheckSemaphore)
    CheckStack                               0x00000ffd   Thumb Code    60  texas.o(i.CheckStack)
    Grader                                   0x000010f1   Thumb Code  1160  texas.o(i.Grader)
    LogicAnalyzer                            0x00001579   Thumb Code    12  texas.o(i.LogicAnalyzer)
    NonrealTimeResults                       0x0000158d   Thumb Code    78  texas.o(i.NonrealTimeResults)
    OS_AddPeriodicEventThreads               0x0000162d   Thumb Code     8  os.o(i.OS_AddPeriodicEventThreads)
    OS_AddThreads                            0x00001635   Thumb Code     8  os.o(i.OS_AddThreads)
    OS_Init                                  0x0000163d   Thumb Code    12  os.o(i.OS_Init)
    OS_InitSemaphore                         0x00001649   Thumb Code     4  os.o(i.OS_InitSemaphore)
    OS_Launch                                0x0000164d   Thumb Code    48  os.o(i.OS_Launch)
    OS_MailBox_Init                          0x00001681   Thumb Code     2  os.o(i.OS_MailBox_Init)
    OS_MailBox_Recv                          0x00001683   Thumb Code     2  os.o(i.OS_MailBox_Recv)
    OS_MailBox_Send                          0x00001685   Thumb Code     2  os.o(i.OS_MailBox_Send)
    OS_Signal                                0x00001687   Thumb Code    20  os.o(i.OS_Signal)
    OS_Wait                                  0x0000169b   Thumb Code    36  os.o(i.OS_Wait)
    PeriodicTask2_Init                       0x000016c1   Thumb Code   164  texas.o(i.PeriodicTask2_Init)
    PeriodicTask2_Stop                       0x0000177d   Thumb Code    24  texas.o(i.PeriodicTask2_Stop)
    Profile_Init                             0x000017a1   Thumb Code   418  profile.o(i.Profile_Init)
    RealTimeResults                          0x00001975   Thumb Code   108  texas.o(i.RealTimeResults)
    RealTimeResultsNoJitter                  0x00001a2d   Thumb Code    96  texas.o(i.RealTimeResultsNoJitter)
    Scheduler                                0x00001af1   Thumb Code     2  os.o(i.Scheduler)
    TExaS_Init                               0x00001bc1   Thumb Code   114  texas.o(i.TExaS_Init)
    TExaS_Stop                               0x00001c89   Thumb Code     8  texas.o(i.TExaS_Stop)
    TExaS_Task0                              0x00001c91   Thumb Code    50  texas.o(i.TExaS_Task0)
    TExaS_Task1                              0x00001cd1   Thumb Code    50  texas.o(i.TExaS_Task1)
    TExaS_Task2                              0x00001d11   Thumb Code    50  texas.o(i.TExaS_Task2)
    TExaS_Task3                              0x00001d51   Thumb Code    50  texas.o(i.TExaS_Task3)
    TExaS_Task4                              0x00001d91   Thumb Code    50  texas.o(i.TExaS_Task4)
    TExaS_Task5                              0x00001dd1   Thumb Code    50  texas.o(i.TExaS_Task5)
    TIMER5A_Handler                          0x00001e11   Thumb Code    16  texas.o(i.TIMER5A_Handler)
    Task0                                    0x00001e29   Thumb Code   110  lab2.o(i.Task0)
    Task0_Init                               0x00001eb5   Thumb Code     8  lab2.o(i.Task0_Init)
    Task1                                    0x00001ebd   Thumb Code    76  lab2.o(i.Task1)
    Task1_Init                               0x00001f1d   Thumb Code    70  lab2.o(i.Task1_Init)
    Task2                                    0x00001f7d   Thumb Code   474  lab2.o(i.Task2)
    Task3                                    0x00002181   Thumb Code   204  lab2.o(i.Task3)
    Task4                                    0x00002261   Thumb Code    62  lab2.o(i.Task4)
    Task5                                    0x000022a9   Thumb Code   252  lab2.o(i.Task5)
    UART_Init                                0x000023e9   Thumb Code   148  texas.o(i.UART_Init)
    UART_OutChar                             0x0000248d   Thumb Code    20  texas.o(i.UART_OutChar)
    UART_OutString                           0x000024a5   Thumb Code    24  texas.o(i.UART_OutString)
    UART_OutUDec                             0x000024bd   Thumb Code    42  texas.o(i.UART_OutUDec)
    UART_OutUDec7                            0x000024e9   Thumb Code    48  texas.o(i.UART_OutUDec7)
    UART_OutUFix1                            0x0000252d   Thumb Code    46  texas.o(i.UART_OutUFix1)
    WideTimer3A_Handler                      0x0000255d   Thumb Code    16  bsp.o(i.WideTimer3A_Handler)
    WideTimer4A_Handler                      0x00002575   Thumb Code    16  bsp.o(i.WideTimer4A_Handler)
    WideTimer5A_Handler                      0x0000258d   Thumb Code    16  bsp.o(i.WideTimer5A_Handler)
    drawaxes                                 0x00002679   Thumb Code   172  lab2.o(i.drawaxes)
    main                                     0x00002985   Thumb Code   120  lab2.o(i.main)
    sqrt32                                   0x00002a21   Thumb Code    30  lab2.o(i.sqrt32)
    Key                                      0x00002ac0   Data           8  texas.o(.constdata)
    Scramble                                 0x00002ac8   Data          32  texas.o(.constdata)
    DeScramble                               0x00002ae8   Data          32  texas.o(.constdata)
    Region$$Table$$Base                      0x00002b08   Number         0  anon$$obj.o(Region$$Table)
    Region$$Table$$Limit                     0x00002b28   Number         0  anon$$obj.o(Region$$Table)
    Time                                     0x20000000   Data           4  lab2.o(.data)
    Steps                                    0x20000004   Data           4  lab2.o(.data)
    Magnitude                                0x20000008   Data           4  lab2.o(.data)
    EWMA                                     0x2000000c   Data           4  lab2.o(.data)
    SoundData                                0x20000010   Data           2  lab2.o(.data)
    SoundAvg                                 0x20000014   Data           4  lab2.o(.data)
    LightData                                0x20000018   Data           4  lab2.o(.data)
    TemperatureData                          0x2000001c   Data           4  lab2.o(.data)
    NewData                                  0x20000020   Data           4  lab2.o(.data)
    LCDmutex                                 0x20000024   Data           4  lab2.o(.data)
    ReDrawAxes                               0x20000028   Data           4  lab2.o(.data)
    PlotState                                0x2000002c   Data           1  lab2.o(.data)
    AccX                                     0x2000002e   Data           2  lab2.o(.data)
    AccY                                     0x20000030   Data           2  lab2.o(.data)
    AccZ                                     0x20000032   Data           2  lab2.o(.data)
    AlgorithmState                           0x20000034   Data           1  lab2.o(.data)
    s1                                       0x20000038   Data           4  lab2.o(.data)
    s2                                       0x2000003c   Data           4  lab2.o(.data)
    Out                                      0x20000040   Data           4  lab2.o(.data)
    RunPt                                    0x20000050   Data           4  os.o(.data)
    StX                                      0x2000005c   Data           4  bsp.o(.data)
    StY                                      0x20000060   Data           4  bsp.o(.data)
    StTextColor                              0x20000064   Data           2  bsp.o(.data)
    Messageindex                             0x20000068   Data           4  bsp.o(.data)
    TimeIndex                                0x2000006c   Data           4  bsp.o(.data)
    Ymax                                     0x20000070   Data           4  bsp.o(.data)
    Ymin                                     0x20000074   Data           4  bsp.o(.data)
    Yrange                                   0x20000078   Data           4  bsp.o(.data)
    PlotBGColor                              0x2000007c   Data           2  bsp.o(.data)
    PeriodicTask                             0x20000080   Data           4  bsp.o(.data)
    PeriodicTaskB                            0x20000084   Data           4  bsp.o(.data)
    PeriodicTaskC                            0x20000088   Data           4  bsp.o(.data)
    LightBusy                                0x2000008c   Data           4  bsp.o(.data)
    LightStart                               0x20000090   Data           4  bsp.o(.data)
    LightCalls                               0x20000094   Data           4  bsp.o(.data)
    TempBusy                                 0x20000098   Data           4  bsp.o(.data)
    TempStart                                0x2000009c   Data           4  bsp.o(.data)
    TempCalls                                0x200000a0   Data           4  bsp.o(.data)
    LogicData                                0x200000b0   Data           1  texas.o(.data)
    Id                                       0x200000b4   Data           4  texas.o(.data)
    Index0                                   0x200000b8   Data           4  texas.o(.data)
    Index1                                   0x200000bc   Data           4  texas.o(.data)
    Index2                                   0x200000c0   Data           4  texas.o(.data)
    Index3                                   0x200000c4   Data           4  texas.o(.data)
    Index4                                   0x200000c8   Data           4  texas.o(.data)
    Index5                                   0x200000cc   Data           4  texas.o(.data)
    PeriodicTask2                            0x200000d0   Data           4  texas.o(.data)
    Messageindexb                            0x200000d4   Data           4  texas.o(.data)
    Messageb                                 0x200000d8   Data           8  texas.o(.data)
    SoundArray                               0x200000e4   Data        2000  lab2.o(.bss)
    tcbs                                     0x200008b4   Data          32  os.o(.bss)
    Stacks                                   0x200008d4   Data        1600  os.o(.bss)
    Message                                  0x20000f14   Data          12  bsp.o(.bss)
    MagicCode                                0x20000f20   Data          10  texas.o(.bss)
    EncriptedMagicCode                       0x20000f2a   Data          10  texas.o(.bss)
    TimeBuffer0                              0x20000f34   Data         400  texas.o(.bss)
    TimeBuffer1                              0x200010c4   Data         400  texas.o(.bss)
    TimeBuffer2                              0x20001254   Data         400  texas.o(.bss)
    TimeBuffer3                              0x200013e4   Data         400  texas.o(.bss)
    TimeBuffer4                              0x20001574   Data          40  texas.o(.bss)
    TimeBuffer5                              0x2000159c   Data          40  texas.o(.bss)
    __libspace_start                         0x200015c4   Data          96  libspace.o(.bss)
    __temporary_stack_top$libspace           0x20001624   Data           0  libspace.o(.bss)



==============================================================================

Memory Map of the image

  Image Entry point : 0x00000355

  Load Region LR_1 (Base: 0x00000000, Size: 0x00002c0c, Max: 0xffffffff, ABSOLUTE)

    Execution Region ER_RO (Base: 0x00000000, Size: 0x00002b28, Max: 0xffffffff, ABSOLUTE)

    Base Addr    Size         Type   Attr      Idx    E Section Name        Object

    0x00000000   0x0000026c   Data   RO          969    RESET               startup_tm4c123.o
    0x0000026c   0x00000008   Code   RO         1041  * !!!main             c_w.l(__main.o)
    0x00000274   0x00000034   Code   RO         1198    !!!scatter          c_w.l(__scatter.o)
    0x000002a8   0x0000001a   Code   RO         1200    !!handler_copy      c_w.l(__scatter_copy.o)
    0x000002c2   0x00000002   PAD
    0x000002c4   0x0000001c   Code   RO         1202    !!handler_zi        c_w.l(__scatter_zi.o)
    0x000002e0   0x00000002   Code   RO         1068    .ARM.Collect$$libinit$$00000000  c_w.l(libinit.o)
    0x000002e2   0x00000000   Code   RO         1075    .ARM.Collect$$libinit$$00000002  c_w.l(libinit2.o)
    0x000002e2   0x00000000   Code   RO         1077    .ARM.Collect$$libinit$$00000004  c_w.l(libinit2.o)
    0x000002e2   0x00000000   Code   RO         1080    .ARM.Collect$$libinit$$0000000A  c_w.l(libinit2.o)
    0x000002e2   0x00000000   Code   RO         1082    .ARM.Collect$$libinit$$0000000C  c_w.l(libinit2.o)
    0x000002e2   0x00000000   Code   RO         1084    .ARM.Collect$$libinit$$0000000E  c_w.l(libinit2.o)
    0x000002e2   0x00000000   Code   RO         1087    .ARM.Collect$$libinit$$00000011  c_w.l(libinit2.o)
    0x000002e2   0x00000000   Code   RO         1089    .ARM.Collect$$libinit$$00000013  c_w.l(libinit2.o)
    0x000002e2   0x00000000   Code   RO         1091    .ARM.Collect$$libinit$$00000015  c_w.l(libinit2.o)
    0x000002e2   0x00000000   Code   RO         1093    .ARM.Collect$$libinit$$00000017  c_w.l(libinit2.o)
    0x000002e2   0x00000000   Code   RO         1095    .ARM.Collect$$libinit$$00000019  c_w.l(libinit2.o)
    0x000002e2   0x00000000   Code   RO         1097    .ARM.Collect$$libinit$$0000001B  c_w.l(libinit2.o)
    0x000002e2   0x00000000   Code   RO         1099    .ARM.Collect$$libinit$$0000001D  c_w.l(libinit2.o)
    0x000002e2   0x00000000   Code   RO         1101    .ARM.Collect$$libinit$$0000001F  c_w.l(libinit2.o)
    0x000002e2   0x00000000   Code   RO         1103    .ARM.Collect$$libinit$$00000021  c_w.l(libinit2.o)
    0x000002e2   0x00000000   Code   RO         1105    .ARM.Collect$$libinit$$00000023  c_w.l(libinit2.o)
    0x000002e2   0x00000000   Code   RO         1107    .ARM.Collect$$libinit$$00000025  c_w.l(libinit2.o)
    0x000002e2   0x00000000   Code   RO         1111    .ARM.Collect$$libinit$$0000002C  c_w.l(libinit2.o)
    0x000002e2   0x00000000   Code   RO         1113    .ARM.Collect$$libinit$$0000002E  c_w.l(libinit2.o)
    0x000002e2   0x00000000   Code   RO         1115    .ARM.Collect$$libinit$$00000030  c_w.l(libinit2.o)
    0x000002e2   0x00000000   Code   RO         1117    .ARM.Collect$$libinit$$00000032  c_w.l(libinit2.o)
    0x000002e2   0x00000002   Code   RO         1118    .ARM.Collect$$libinit$$00000033  c_w.l(libinit2.o)
    0x000002e4   0x00000002   Code   RO         1138    .ARM.Collect$$libshutdown$$00000000  c_w.l(libshutdown.o)
    0x000002e6   0x00000000   Code   RO         1151    .ARM.Collect$$libshutdown$$00000002  c_w.l(libshutdown2.o)
    0x000002e6   0x00000000   Code   RO         1153    .ARM.Collect$$libshutdown$$00000004  c_w.l(libshutdown2.o)
    0x000002e6   0x00000000   Code   RO         1156    .ARM.Collect$$libshutdown$$00000007  c_w.l(libshutdown2.o)
    0x000002e6   0x00000000   Code   RO         1159    .ARM.Collect$$libshutdown$$0000000A  c_w.l(libshutdown2.o)
    0x000002e6   0x00000000   Code   RO         1161    .ARM.Collect$$libshutdown$$0000000C  c_w.l(libshutdown2.o)
    0x000002e6   0x00000000   Code   RO         1164    .ARM.Collect$$libshutdown$$0000000F  c_w.l(libshutdown2.o)
    0x000002e6   0x00000002   Code   RO         1165    .ARM.Collect$$libshutdown$$00000010  c_w.l(libshutdown2.o)
    0x000002e8   0x00000000   Code   RO         1043    .ARM.Collect$$rtentry$$00000000  c_w.l(__rtentry.o)
    0x000002e8   0x00000000   Code   RO         1045    .ARM.Collect$$rtentry$$00000002  c_w.l(__rtentry2.o)
    0x000002e8   0x00000006   Code   RO         1057    .ARM.Collect$$rtentry$$00000004  c_w.l(__rtentry4.o)
    0x000002ee   0x00000000   Code   RO         1047    .ARM.Collect$$rtentry$$00000009  c_w.l(__rtentry2.o)
    0x000002ee   0x00000004   Code   RO         1048    .ARM.Collect$$rtentry$$0000000A  c_w.l(__rtentry2.o)
    0x000002f2   0x00000000   Code   RO         1050    .ARM.Collect$$rtentry$$0000000C  c_w.l(__rtentry2.o)
    0x000002f2   0x00000008   Code   RO         1051    .ARM.Collect$$rtentry$$0000000D  c_w.l(__rtentry2.o)
    0x000002fa   0x00000002   Code   RO         1072    .ARM.Collect$$rtexit$$00000000  c_w.l(rtexit.o)
    0x000002fc   0x00000000   Code   RO         1120    .ARM.Collect$$rtexit$$00000002  c_w.l(rtexit2.o)
    0x000002fc   0x00000004   Code   RO         1121    .ARM.Collect$$rtexit$$00000003  c_w.l(rtexit2.o)
    0x00000300   0x00000006   Code   RO         1122    .ARM.Collect$$rtexit$$00000004  c_w.l(rtexit2.o)
    0x00000306   0x00000002   PAD
    0x00000308   0x00000006   Code   RO          223    .emb_text           bsp.o
    0x0000030e   0x00000002   PAD
    0x00000310   0x00000044   Code   RO          131    .text               osasm.o
    0x00000354   0x00000124   Code   RO          970  * .text               startup_tm4c123.o
    0x00000478   0x00000006   Code   RO         1039    .text               c_w.l(heapauxi.o)
    0x0000047e   0x0000004a   Code   RO         1059    .text               c_w.l(sys_stackheap_outer.o)
    0x000004c8   0x00000012   Code   RO         1061    .text               c_w.l(exit.o)
    0x000004da   0x00000002   PAD
    0x000004dc   0x00000008   Code   RO         1069    .text               c_w.l(libspace.o)
    0x000004e4   0x0000000c   Code   RO         1130    .text               c_w.l(sys_exit.o)
    0x000004f0   0x00000002   Code   RO         1141    .text               c_w.l(use_no_semi.o)
    0x000004f2   0x00000000   Code   RO         1143    .text               c_w.l(indicate_semi.o)
    0x000004f2   0x00000002   PAD
    0x000004f4   0x000000b0   Code   RO          224    i.BSP_Accelerometer_Init  bsp.o
    0x000005a4   0x00000048   Code   RO          225    i.BSP_Accelerometer_Input  bsp.o
    0x000005ec   0x00000080   Code   RO          226    i.BSP_Button1_Init  bsp.o
    0x0000066c   0x0000000c   Code   RO          227    i.BSP_Button1_Input  bsp.o
    0x00000678   0x00000090   Code   RO          228    i.BSP_Button2_Init  bsp.o
    0x00000708   0x0000000c   Code   RO          229    i.BSP_Button2_Input  bsp.o
    0x00000714   0x000000d4   Code   RO          230    i.BSP_Buzzer_Init   bsp.o
    0x000007e8   0x00000020   Code   RO          231    i.BSP_Buzzer_Set    bsp.o
    0x00000808   0x0000000c   Code   RO          232    i.BSP_Clock_GetFreq  bsp.o
    0x00000814   0x0000008c   Code   RO          233    i.BSP_Clock_InitFastest  bsp.o
    0x000008a0   0x00000016   Code   RO          234    i.BSP_Delay1ms      bsp.o
    0x000008b6   0x00000018   Code   RO          237    i.BSP_LCD_Color565  bsp.o
    0x000008ce   0x00000002   PAD
    0x000008d0   0x00000020   Code   RO          239    i.BSP_LCD_DrawChar  bsp.o
    0x000008f0   0x00000056   Code   RO          244    i.BSP_LCD_DrawString  bsp.o
    0x00000946   0x0000000a   Code   RO          245    i.BSP_LCD_Drawaxes  bsp.o
    0x00000950   0x00000002   Code   RO          247    i.BSP_LCD_FillScreen  bsp.o
    0x00000952   0x00000002   PAD
    0x00000954   0x00000034   Code   RO          248    i.BSP_LCD_Init      bsp.o
    0x00000988   0x00000088   Code   RO          250    i.BSP_LCD_OutUDec4  bsp.o
    0x00000a10   0x00000070   Code   RO          252    i.BSP_LCD_OutUFix2_1  bsp.o
    0x00000a80   0x00000002   Code   RO          254    i.BSP_LCD_PlotIncrement  bsp.o
    0x00000a82   0x00000002   Code   RO          255    i.BSP_LCD_PlotPoint  bsp.o
    0x00000a84   0x000000f0   Code   RO          256    i.BSP_LCD_SetCursor  bsp.o
    0x00000b74   0x000000ac   Code   RO          262    i.BSP_Microphone_Init  bsp.o
    0x00000c20   0x0000002c   Code   RO          263    i.BSP_Microphone_Input  bsp.o
    0x00000c4c   0x00000002   Code   RO          273    i.BSP_RGB_Init      bsp.o
    0x00000c4e   0x00000002   Code   RO          274    i.BSP_RGB_Set       bsp.o
    0x00000c50   0x00000060   Code   RO          275    i.BSP_TempSensor_End  bsp.o
    0x00000cb0   0x00000008   Code   RO          276    i.BSP_TempSensor_Init  bsp.o
    0x00000cb8   0x00000020   Code   RO          278    i.BSP_TempSensor_Start  bsp.o
    0x00000cd8   0x00000010   Code   RO          279    i.BSP_Time_Get      bsp.o
    0x00000ce8   0x0000006c   Code   RO          280    i.BSP_Time_Init     bsp.o
    0x00000d54   0x00000018   Code   RO          281    i.BSP_UART0_OutChar  bsp.o
    0x00000d6c   0x00000018   Code   RO          282    i.BSP_UART0_OutString  bsp.o
    0x00000d84   0x00000048   Code   RO          679    i.CheckMailBox      texas.o
    0x00000dcc   0x000000dc   Code   RO          680    i.CheckRoundRobin   texas.o
    0x00000ea8   0x00000064   Code   RO          681    i.CheckRunPt        texas.o
    0x00000f0c   0x000000f0   Code   RO          683    i.CheckSemaphore    texas.o
    0x00000ffc   0x0000008c   Code   RO          684    i.CheckStack        texas.o
    0x00001088   0x00000068   Code   RO          685    i.Encrypt           texas.o
    0x000010f0   0x00000488   Code   RO          686    i.Grader            texas.o
    0x00001578   0x00000014   Code   RO          687    i.LogicAnalyzer     texas.o
    0x0000158c   0x000000a0   Code   RO          688    i.NonrealTimeResults  texas.o
    0x0000162c   0x00000008   Code   RO          135    i.OS_AddPeriodicEventThreads  os.o
    0x00001634   0x00000008   Code   RO          136    i.OS_AddThreads     os.o
    0x0000163c   0x0000000c   Code   RO          138    i.OS_Init           os.o
    0x00001648   0x00000004   Code   RO          139    i.OS_InitSemaphore  os.o
    0x0000164c   0x00000034   Code   RO          140    i.OS_Launch         os.o
    0x00001680   0x00000002   Code   RO          141    i.OS_MailBox_Init   os.o
    0x00001682   0x00000002   Code   RO          142    i.OS_MailBox_Recv   os.o
    0x00001684   0x00000002   Code   RO          143    i.OS_MailBox_Send   os.o
    0x00001686   0x00000014   Code   RO          144    i.OS_Signal         os.o
    0x0000169a   0x00000024   Code   RO          145    i.OS_Wait           os.o
    0x000016be   0x00000002   PAD
    0x000016c0   0x000000bc   Code   RO          689    i.PeriodicTask2_Init  texas.o
    0x0000177c   0x00000024   Code   RO          690    i.PeriodicTask2_Stop  texas.o
    0x000017a0   0x000001d4   Code   RO          662    i.Profile_Init      profile.o
    0x00001974   0x000000b8   Code   RO          691    i.RealTimeResults   texas.o
    0x00001a2c   0x000000b4   Code   RO          692    i.RealTimeResultsNoJitter  texas.o
    0x00001ae0   0x00000010   Code   RO          283    i.ST7735_InitR      bsp.o
    0x00001af0   0x00000002   Code   RO          146    i.Scheduler         os.o
    0x00001af2   0x00000002   PAD
    0x00001af4   0x000000cc   Code   RO          693    i.SetGrade          texas.o
    0x00001bc0   0x000000c8   Code   RO          694    i.TExaS_Init        texas.o
    0x00001c88   0x00000008   Code   RO          695    i.TExaS_Stop        texas.o
    0x00001c90   0x00000040   Code   RO          696    i.TExaS_Task0       texas.o
    0x00001cd0   0x00000040   Code   RO          697    i.TExaS_Task1       texas.o
    0x00001d10   0x00000040   Code   RO          698    i.TExaS_Task2       texas.o
    0x00001d50   0x00000040   Code   RO          699    i.TExaS_Task3       texas.o
    0x00001d90   0x00000040   Code   RO          700    i.TExaS_Task4       texas.o
    0x00001dd0   0x00000040   Code   RO          701    i.TExaS_Task5       texas.o
    0x00001e10   0x00000018   Code   RO          702    i.TIMER5A_Handler   texas.o
    0x00001e28   0x0000008c   Code   RO            2    i.Task0             lab2.o
    0x00001eb4   0x00000008   Code   RO            3    i.Task0_Init        lab2.o
    0x00001ebc   0x00000060   Code   RO            4    i.Task1             lab2.o
    0x00001f1c   0x00000060   Code   RO            5    i.Task1_Init        lab2.o
    0x00001f7c   0x00000204   Code   RO            6    i.Task2             lab2.o
    0x00002180   0x000000e0   Code   RO            7    i.Task3             lab2.o
    0x00002260   0x00000048   Code   RO            8    i.Task4             lab2.o
    0x000022a8   0x00000140   Code   RO            9    i.Task5             lab2.o
    0x000023e8   0x000000a4   Code   RO          708    i.UART_Init         texas.o
    0x0000248c   0x00000018   Code   RO          709    i.UART_OutChar      texas.o
    0x000024a4   0x00000018   Code   RO          711    i.UART_OutString    texas.o
    0x000024bc   0x0000002a   Code   RO          712    i.UART_OutUDec      texas.o
    0x000024e6   0x00000002   PAD
    0x000024e8   0x00000044   Code   RO          716    i.UART_OutUDec7     texas.o
    0x0000252c   0x0000002e   Code   RO          717    i.UART_OutUFix1     texas.o
    0x0000255a   0x00000002   PAD
    0x0000255c   0x00000018   Code   RO          284    i.WideTimer3A_Handler  bsp.o
    0x00002574   0x00000018   Code   RO          285    i.WideTimer4A_Handler  bsp.o
    0x0000258c   0x00000018   Code   RO          286    i.WideTimer5A_Handler  bsp.o
    0x000025a4   0x0000004c   Code   RO          287    i.adcinit           bsp.o
    0x000025f0   0x00000088   Code   RO          288    i.commonInit        bsp.o
    0x00002678   0x000000dc   Code   RO           10    i.drawaxes          lab2.o
    0x00002754   0x00000048   Code   RO          289    i.fillmessage       bsp.o
    0x0000279c   0x00000060   Code   RO          290    i.fillmessage2_1    bsp.o
    0x000027fc   0x00000064   Code   RO          292    i.fillmessage4      bsp.o
    0x00002860   0x000000c4   Code   RO          722    i.fillmessage7b     texas.o
    0x00002924   0x00000048   Code   RO          723    i.fillmessageb      texas.o
    0x0000296c   0x00000018   Code   RO          294    i.i2cinit           bsp.o
    0x00002984   0x0000009c   Code   RO           11    i.main              lab2.o
    0x00002a20   0x0000001e   Code   RO           17    i.sqrt32            lab2.o
    0x00002a3e   0x00000080   Data   RO          296    .constdata          bsp.o
    0x00002abe   0x00000002   PAD
    0x00002ac0   0x00000048   Data   RO          725    .constdata          texas.o
    0x00002b08   0x00000020   Data   RO         1196    Region$$Table       anon$$obj.o


    Execution Region ER_RW (Base: 0x20000000, Size: 0x000000e4, Max: 0xffffffff, ABSOLUTE)

    Base Addr    Size         Type   Attr      Idx    E Section Name        Object

    0x20000000   0x0000004e   Data   RW           19    .data               lab2.o
    0x2000004e   0x00000002   PAD
    0x20000050   0x00000004   Data   RW          149    .data               os.o
    0x20000054   0x0000005c   Data   RW          297    .data               bsp.o
    0x200000b0   0x00000034   Data   RW          726    .data               texas.o


    Execution Region ER_ZI (Base: 0x200000e4, Size: 0x00001744, Max: 0xffffffff, ABSOLUTE)

    Base Addr    Size         Type   Attr      Idx    E Section Name        Object

    0x200000e4   0x000007d0   Zero   RW           18    .bss                lab2.o
    0x200008b4   0x00000660   Zero   RW          148    .bss                os.o
    0x20000f14   0x0000000c   Zero   RW          295    .bss                bsp.o
    0x20000f20   0x000006a4   Zero   RW          724    .bss                texas.o
    0x200015c4   0x00000060   Zero   RW         1070    .bss                c_w.l(libspace.o)
    0x20001624   0x00000004   PAD
    0x20001628   0x00000000   Zero   RW          968    HEAP                startup_tm4c123.o
    0x20001628   0x00000200   Zero   RW          967    STACK               startup_tm4c123.o


==============================================================================

Image component sizes


      Code (inc. data)   RO Data    RW Data    ZI Data      Debug   Object Name

      2786        398        128         92         12      24516   bsp.o
      1878        300          0         78       2000      12127   lab2.o
       148          4          0          4       1632       5630   os.o
        68          4          0          0          0        268   osasm.o
       468         50          0          0          0        531   profile.o
       292         18        620          0        512       5668   startup_tm4c123.o
      4260       1154         72         52       1700      19682   texas.o

    ----------------------------------------------------------------------
      9914       1928        854        228       5856      68422   Object Totals
         0          0         32          0          0          0   (incl. Generated)
        14          0          2          2          0          0   (incl. Padding)

    ----------------------------------------------------------------------

      Code (inc. data)   RO Data    RW Data    ZI Data      Debug   Library Member Name

         8          0          0          0          0         68   __main.o
         0          0          0          0          0          0   __rtentry.o
        12          0          0          0          0          0   __rtentry2.o
         6          0          0          0          0          0   __rtentry4.o
        52          8          0          0          0          0   __scatter.o
        26          0          0          0          0          0   __scatter_copy.o
        28          0          0          0          0          0   __scatter_zi.o
        18          0          0          0          0         80   exit.o
         6          0          0          0          0        152   heapauxi.o
         0          0          0          0          0          0   indicate_semi.o
         2          0          0          0          0          0   libinit.o
         2          0          0          0          0          0   libinit2.o
         2          0          0          0          0          0   libshutdown.o
         2          0          0          0          0          0   libshutdown2.o
         8          4          0          0         96         68   libspace.o
         2          0          0          0          0          0   rtexit.o
        10          0          0          0          0          0   rtexit2.o
        12          4          0          0          0         68   sys_exit.o
        74          0          0          0          0         80   sys_stackheap_outer.o
         2          0          0          0          0         68   use_no_semi.o

    ----------------------------------------------------------------------
       280         16          0          0        100        584   Library Totals
         8          0          0          0          4          0   (incl. Padding)

    ----------------------------------------------------------------------

      Code (inc. data)   RO Data    RW Data    ZI Data      Debug   Library Name

       272         16          0          0         96        584   c_w.l

    ----------------------------------------------------------------------
       280         16          0          0        100        584   Library Totals

    ----------------------------------------------------------------------

==============================================================================


      Code (inc. data)   RO Data    RW Data    ZI Data      Debug   

     10194       1944        854        228       5956      64010   Grand Totals
     10194       1944        854        228       5956      64010   ELF Image Totals
     10194       1944        854        228          0          0   ROM Totals

==============================================================================

    Total RO  Size (Code + RO Data)                11048 (  10.79kB)
    Total RW  Size (RW Data + ZI Data)              6184 (   6.04kB)
    Total ROM Size (Code + RO Data + RW Data)      11276 (  11.01kB)

==============================================================================

